 SYStool

 Timestamp is 614336cb (Thu Sep 16 08:21:31 2021)

 Preferred load address is 0000000180000000

 Start         Length     Name                   Class
 0001:00000000 000686e0H .text                   CODE
 0001:000686e0 0000e0bbH .text$mn                CODE
 0001:000767a0 000003cbH .text$x                 CODE
 0002:00000000 000003c0H .idata$5                DATA
 0002:000003c0 00000008H .CRT$XCA                DATA
 0002:000003c8 00000008H .CRT$XCF                DATA
 0002:000003d0 00000008H .CRT$XCU                DATA
 0002:000003d8 00000008H .CRT$XCZ                DATA
 0002:000003e0 00000008H .CRT$XIA                DATA
 0002:000003e8 00000028H .CRT$XIC                DATA
 0002:00000410 00000008H .CRT$XIZ                DATA
 0002:00000418 00000008H .CRT$XPA                DATA
 0002:00000420 00000010H .CRT$XPX                DATA
 0002:00000430 00000008H .CRT$XPXA               DATA
 0002:00000438 00000008H .CRT$XPZ                DATA
 0002:00000440 00000008H .CRT$XTA                DATA
 0002:00000448 00000008H .CRT$XTZ                DATA
 0002:00000460 000139c0H .rdata                  DATA
 0002:00013e20 00000008H .rtc$IAA                DATA
 0002:00013e28 00000008H .rtc$IZZ                DATA
 0002:00013e30 00000008H .rtc$TAA                DATA
 0002:00013e38 00000008H .rtc$TZZ                DATA
 0002:00013e40 000027f0H .xdata                  DATA
 0002:00016630 00000472H .edata                  DATA
 0002:00016aa4 00000028H .idata$2                DATA
 0002:00016acc 00000014H .idata$3                DATA
 0002:00016ae0 000003c0H .idata$4                DATA
 0002:00016ea0 000008ccH .idata$6                DATA
 0003:00000000 00004850H .data                   DATA
 0003:00004880 0001b878H .bss                    DATA
 0004:00000000 00002304H .pdata                  DATA
 0005:00000000 00000c80H .trace                  DATA
 0006:00000000 00001200H _RDATA                  DATA

  Address         Publics by Value              Rva+Base               Lib:Object

 0000:00000000       __guard_fids_count         0000000000000000     <absolute>
 0000:00000000       ___safe_se_handler_count   0000000000000000     <absolute>
 0000:00000000       ___safe_se_handler_table   0000000000000000     <absolute>
 0000:00000000       __guard_flags              0000000000000000     <absolute>
 0000:00000000       __guard_fids_table         0000000000000000     <absolute>
 0000:00000000       __ImageBase                0000000180000000     <linker-defined>
 0001:00000000       WININI.                    0000000180001000 f   WININI_mod.obj
 0001:00000010       JAVAPROP.                  0000000180001010 f   javaprop_mod.obj
 0001:00000020       INI.                       0000000180001020 f   INI_mod.obj
 0001:00000030       SWINAPI.                   0000000180001030 f   winAPI_mod.obj
 0001:00000040       SYSCURRENTDIRECTORY        0000000180001040 f   sysfunc.obj
 0001:00000150       SYSSETDIRECTORY            0000000180001150 f   sysfunc.obj
 0001:00000240       SYSREMOVEDIRECTORY         0000000180001240 f   sysfunc.obj
 0001:00000330       SYSCREATEDIRECTORY         0000000180001330 f   sysfunc.obj
 0001:00000450       SYSDRIVETYPE               0000000180001450 f   sysfunc.obj
 0001:00000560       SYSSLEEP                   0000000180001560 f   sysfunc.obj
 0001:00000570       SYSDELETEFILE              0000000180001570 f   sysfunc.obj
 0001:000006d0       SYSCOPYFILE                00000001800016d0 f   sysfunc.obj
 0001:000008a0       SYSGETPROFILESTRING        00000001800018a0 f   sysfunc.obj
 0001:00000eb0       SYSWRITEPROFILESTRING      0000000180001eb0 f   sysfunc.obj
 0001:00001230       SYSDELETEPROFILESTRING     0000000180002230 f   sysfunc.obj
 0001:000014e0       SYSGETPROFILEINT           00000001800024e0 f   sysfunc.obj
 0001:00001790       SYSWRITEPROFILEINT         0000000180002790 f   sysfunc.obj
 0001:00001b40       STRIPEXTENSION             0000000180002b40 f   sysfunc.obj
 0001:00001c40       ADDPATH                    0000000180002c40 f   sysfunc.obj
 0001:00001df0       SUBPATHSEP                 0000000180002df0 f   sysfunc.obj
 0001:00001e70       REMOVEEXTENSION            0000000180002e70 f   sysfunc.obj
 0001:00001fc0       BACKUPPATH                 0000000180002fc0 f   sysfunc.obj
 0001:000023b0       SPLITEXTENSION             00000001800033b0 f   sysfunc.obj
 0001:000025d0       REPORTFILENAME             00000001800035d0 f   sysfunc.obj
 0001:00002d00       SYSGETDATE                 0000000180003d00 f   sysfunc.obj
 0001:00002f00       SYSGETTIME                 0000000180003f00 f   sysfunc.obj
 0001:00003050       SYSGETTICK                 0000000180004050 f   sysfunc.obj
 0001:00003080       ADDEXTENSION               0000000180004080 f   sysfunc.obj
 0001:000034d0       SPLITNAME                  00000001800044d0 f   sysfunc.obj
 0001:00003750       SYSGETVERSION              0000000180004750 f   sysfunc.obj
 0001:00003760       SYSGETPATHLENGTH           0000000180004760 f   sysfunc.obj
 0001:00003770       REAL2INT                   0000000180004770 f   sysfunc.obj
 0001:000037d0       INT2REAL                   00000001800047d0 f   sysfunc.obj
 0001:00003810       SCALEREAL                  0000000180004810 f   sysfunc.obj
 0001:00003850       SCALEINT                   0000000180004850 f   sysfunc.obj
 0001:00003880       SYSCHECKDRIVE              0000000180004880 f   sysfunc.obj
 0001:00003d50       SYSCHECKFILE               0000000180004d50 f   sysfunc.obj
 0001:00003eb0       SYSCHECKPATH               0000000180004eb0 f   sysfunc.obj
 0001:00004280       SYSLOADLIBRARY             0000000180005280 f   sysfunc.obj
 0001:00004340       SYSFREELIBRARY             0000000180005340 f   sysfunc.obj
 0001:00004370       SYSGETPROCADDRESS          0000000180005370 f   sysfunc.obj
 0001:00004440       SYSMOVEFILE                0000000180005440 f   sysfunc.obj
 0001:00004650       SYSNUMARGS                 0000000180005650 f   sysfunc.obj
 0001:00004660       SYSGETARG                  0000000180005660 f   sysfunc.obj
 0001:00004690       SYSGETMEMORY               0000000180005690 f   sysfunc.obj
 0001:00004710       SYSGETLASTERROR            0000000180005710 f   sysfunc.obj
 0001:00004720       STRIPNULLT                 0000000180005720 f   nullFunc.obj
 0001:00004820       STRIPNULL                  0000000180005820 f   nullFunc.obj
 0001:00004920       ADDNULL                    0000000180005920 f   nullFunc.obj
 0001:00004a80       ADDNULLT                   0000000180005a80 f   nullFunc.obj
 0001:00004be0       for_cpystr                 0000000180005be0 f   libifcoremt:for_f90str.obj
 0001:00004c70       for_cpstr                  0000000180005c70 f   libifcoremt:for_f90str.obj
 0001:00004df0       for_concat                 0000000180005df0 f   libifcoremt:for_f90str.obj
 0001:00005000       for_len_trim               0000000180006000 f   libifcoremt:for_90_trim.obj
 0001:000050a0       for_trim                   00000001800060a0 f   libifcoremt:for_90_trim.obj
 0001:00005180       for_inquire                0000000180006180 f   libifcoremt:for_inquire.obj
 0001:0000ce30       for_f90_index              000000018000de30 f   libifcoremt:for_90_index.obj
 0001:0000d130       for_write_int_lis          000000018000e130 f   libifcoremt:for_wint_lis.obj
 0001:0000fde0       for_adjustl                0000000180010de0 f   libifcoremt:for_90_adjust.obj
 0001:0000ff40       for_write_int_fmt          0000000180010f40 f   libifcoremt:for_wint_fmt.obj
 0001:000136a0       for_write_int_fmt_xmit     00000001800146a0 f   libifcoremt:for_wint_fmt.obj
 0001:00016020       f_lanint_val               0000000180017020 f   libifcoremt:for_mi_int.obj
 0001:00016090       for_iargc                  0000000180017090 f   libifcoremt:for_getarg.obj
 0001:000160a0       for_getarg                 00000001800170a0 f   libifcoremt:for_getarg.obj
 0001:000161d0       for__io_return             00000001800171d0 f   libifcoremt:for_diags_intel.obj
 0001:000178f0       for__issue_diagnostic      00000001800188f0 f   libifcoremt:for_diags_intel.obj
 0001:000188c0       for__this_image_number_or_zero 00000001800198c0 f   libifcoremt:for_diags_intel.obj
 0001:00018940       for__get_msg               0000000180019940 f   libifcoremt:for_diags_intel.obj
 0001:00019cd0       for__get_vm                000000018001acd0 f   libifcoremt:for_vm.obj
 0001:00019d10       for__realloc_vm            000000018001ad10 f   libifcoremt:for_vm.obj
 0001:00019d90       for__free_vm               000000018001ad90 f   libifcoremt:for_vm.obj
 0001:00019db0       for_set_fastmem_policy     000000018001adb0 f   libifcoremt:for_vm.obj
 0001:00019dd0       for_get_hbw_availability   000000018001add0 f   libifcoremt:for_vm.obj
 0001:00019df0       for__common_inquire        000000018001adf0 f   libifcoremt:for_common_inquire.obj
 0001:0001b380       for__inquire_args          000000018001c380 f   libifcoremt:for_common_inquire.obj
 0001:0001bbe0       for__acquire_lun           000000018001cbe0 f   libifcoremt:for_lub_mgt.obj
 0001:0001d5f0       for__release_lun           000000018001e5f0 f   libifcoremt:for_lub_mgt.obj
 0001:0001dbb0       for__create_lub            000000018001ebb0 f   libifcoremt:for_lub_mgt.obj
 0001:0001dd10       for__deallocate_lub        000000018001ed10 f   libifcoremt:for_lub_mgt.obj
 0001:0001e5c0       for__get_next_lub          000000018001f5c0 f   libifcoremt:for_lub_mgt.obj
 0001:000203a0       for__open_proc             00000001800213a0 f   libifcoremt:for_nt_open_proc.obj
 0001:000255e0       for__compute_filename      00000001800265e0 f   libifcoremt:for_nt_open_proc.obj
 0001:000260e0       for__put_su                00000001800270e0 f   libifcoremt:for_put.obj
 0001:00026710       for__write_output          0000000180027710 f   libifcoremt:for_put.obj
 0001:00026e20       for__put_sf                0000000180027e20 f   libifcoremt:for_put.obj
 0001:000283f0       for__flush_readahead       00000001800293f0 f   libifcoremt:for_put.obj
 0001:000286d0       for__aio_destroy           00000001800296d0 f   libifcoremt:for_aio.obj
 0001:00028720       for__aio_acquire_lun_fname 0000000180029720 f   libifcoremt:for_aio.obj
 0001:00028860       for__aio_release           0000000180029860 f   libifcoremt:for_aio.obj
 0001:00028980       for__aio_acquire_lun       0000000180029980 f   libifcoremt:for_aio.obj
 0001:00028fc0       for__aio_release_lun       0000000180029fc0 f   libifcoremt:for_aio.obj
 0001:00029470       for__aio_error_handling    000000018002a470 f   libifcoremt:for_aio.obj
 0001:00029c00       for__aio_init              000000018002ac00 f   libifcoremt:for_aio.obj
 0001:00029c20       real_aio_init              000000018002ac20 f   libifcoremt:for_aio.obj
 0001:00029ca0       for__set_foreign_bits      000000018002aca0 f   libifcoremt:for_open.obj
 0001:0002af50       for__open_key              000000018002bf50 f   libifcoremt:for_open.obj
 0001:0002b1c0       for__set_terminator_option 000000018002c1c0 f   libifcoremt:for_open.obj
 0001:0002b750       for__is_special_device     000000018002c750 f   libifcoremt:for_open.obj
 0001:0002b980       for__open_default          000000018002c980 f   libifcoremt:for_open.obj
 0001:0002bd60       for_index                  000000018002cd60 f   libifcoremt:for_index.obj
 0001:0002be10       for__desc_ret_item         000000018002ce10 f   libifcoremt:for_desc_item.obj
 0001:0002c1b0       for__key_desc_ret_item     000000018002d1b0 f   libifcoremt:for_desc_item.obj
 0001:0002c540       for__desc_test_item        000000018002d540 f   libifcoremt:for_desc_item.obj
 0001:0002c830       for__desc_zero_length_item 000000018002d830 f   libifcoremt:for_desc_item.obj
 0001:0002cc00       for__adjust_buffer         000000018002dc00 f   libifcoremt:for_io_util.obj
 0001:0002ce90       for__next_array_element    000000018002de90 f   libifcoremt:for_io_util.obj
 0001:0002d100       for_check_env_name         000000018002e100 f   libifcoremt:for_io_util.obj
 0001:0002d250       for__format_value          000000018002e250 f   libifcoremt:for_fmt_val.obj
 0001:0002e220       ensure_one_leading_blank_before_data 000000018002f220 f   libifcoremt:for_wseq_lis.obj
 0001:0002eb80       for__udio_lis              000000018002fb80 f   libifcoremt:for_udio.obj
 0001:0002fe00       for__udio_fmt              0000000180030e00 f   libifcoremt:for_udio.obj
 0001:000303b0       for__interp_fmt            00000001800313b0 f   libifcoremt:for_intrp_fmt.obj
 0001:000313a0       for__format_compiler       00000001800323a0 f   libifcoremt:for_fmt_comp.obj
 0001:000373a0       for__format_free           00000001800383a0 f   libifcoremt:for_fmt_comp.obj
 0001:000373e0       free_for__l_excpt_info     00000001800383e0 f   libifcoremt:for_init.obj
 0001:00037410       for_get_fpe_               0000000180038410 f   libifcoremt:for_init.obj
 0001:000374a0       for_set_fpe_               00000001800384a0 f   libifcoremt:for_init.obj
 0001:00037710       for_rtl_init_wrap_         0000000180038710 f   libifcoremt:for_init.obj
 0001:00037cc0       for_set_reentrancy         0000000180038cc0 f   libifcoremt:for_reentrancy.obj
 0001:00037d00       for__reentrancy_cleanup    0000000180038d00 f   libifcoremt:for_reentrancy.obj
 0001:00037e60       for__destroy_threadstor    0000000180038e60 f   libifcoremt:for_reentrancy.obj
 0001:00037ea0       for__destroy_threadstor_index 0000000180038ea0 f   libifcoremt:for_reentrancy.obj
 0001:00037ed0       for__access_threadstor_threads 0000000180038ed0 f   libifcoremt:for_reentrancy.obj
 0001:00038120       for__acquire_threadstor_threads 0000000180039120 f   libifcoremt:for_reentrancy.obj
 0001:000383a0       for__disable_asynch_deliv_private 00000001800393a0 f   libifcoremt:for_reentrancy.obj
 0001:000383e0       for__enable_asynch_deliv_private 00000001800393e0 f   libifcoremt:for_reentrancy.obj
 0001:00038410       for__acquire_semaphore_threaded 0000000180039410 f   libifcoremt:for_reentrancy.obj
 0001:000384a0       for__once_private          00000001800394a0 f   libifcoremt:for_reentrancy.obj
 0001:000385b0       for__reentrancy_init       00000001800395b0 f   libifcoremt:for_reentrancy.obj
 0001:000387c0       for__close_default         00000001800397c0 f   libifcoremt:for_close.obj
 0001:00038f40       tbk_stack_trace            0000000180039f40 f   libifcoremt:tbk_traceback.obj
 0001:00039190       for__exit_handler          000000018003a190 f   libifcoremt:for_exit_handler.obj
 0001:00039480       for__characterize_LUB_buffer 000000018003a480 f   libifcoremt:for_get.obj
 0001:00039a30       for__get_s                 000000018003aa30 f   libifcoremt:for_get.obj
 0001:0003d410       cvt_text_to_integer        000000018003e410 f   libifcoremt:cvt_text_to_int.obj
 0001:0003d720       for__add_to_lf_table       000000018003e720 f   libifcoremt:for_need_lf.obj
 0001:0003dc30       for__rm_from_lf_table      000000018003ec30 f   libifcoremt:for_need_lf.obj
 0001:0003dd90       for__close_proc            000000018003ed90 f   libifcoremt:for_close_proc.obj
 0001:0003e9c0       cvt_ieee_single_to_ibm_short 000000018003f9c0 f   libifcoremt:cvt_ieee_single.obj
 0001:0003ee20       cvt_ieee_single_to_vax_f   000000018003fe20 f   libifcoremt:cvt_ieee_single.obj
 0001:0003f220       cvt_ieee_double_to_cray    0000000180040220 f   libifcoremt:cvt_ieee_double.obj
 0001:0003f700       cvt_ieee_double_to_ibm_long 0000000180040700 f   libifcoremt:cvt_ieee_double.obj
 0001:0003fbe0       cvt_ieee_double_to_vax_d   0000000180040be0 f   libifcoremt:cvt_ieee_double.obj
 0001:00040070       cvt_ieee_double_to_vax_g   0000000180041070 f   libifcoremt:cvt_ieee_double.obj
 0001:00040510       cvt_vax_f_to_ieee_single   0000000180041510 f   libifcoremt:cvt_vax_f.obj
 0001:00040a20       cvt_ibm_short_to_ieee_single 0000000180041a20 f   libifcoremt:cvt_ibm_short.obj
 0001:00040f70       cvt_vax_g_to_ieee_double   0000000180041f70 f   libifcoremt:cvt_vax_g.obj
 0001:000414f0       cvt_vax_d_to_ieee_double   00000001800424f0 f   libifcoremt:cvt_vax_d.obj
 0001:00041a80       cvt_ibm_long_to_ieee_double 0000000180042a80 f   libifcoremt:cvt_ibm_long.obj
 0001:00042010       cvt_cray_to_ieee_double    0000000180043010 f   libifcoremt:cvt_cray.obj
 0001:000425a0       cvt_data_to_text           00000001800435a0 f   libifcoremt:cvt_data_to_text.obj
 0001:000425a0       cvt_data64_to_text         00000001800435a0 f   libifcoremt:cvt_data_to_text.obj
 0001:000429c0       cvt_integer_to_text        00000001800439c0 f   libifcoremt:cvt_int_to_text.obj
 0001:00042bc0       cvt_unsigned_to_text       0000000180043bc0 f   libifcoremt:cvt_int_to_text.obj
 0001:00042dd0       cvt_integer64_to_text      0000000180043dd0 f   libifcoremt:cvt_int_to_text.obj
 0001:00043000       cvt_unsigned64_to_text     0000000180044000 f   libifcoremt:cvt_int_to_text.obj
 0001:00043220       cvt_boolean_to_text_ex     0000000180044220 f   libifcoremt:cvt_log_to_text.obj
 0001:000434c0       cvt_boolean64_to_text      00000001800444c0 f   libifcoremt:cvt_log_to_text.obj
 0001:00043750       cvt_ieee_x_to_text_ex      0000000180044750 f   libifcoremt:cvt_cvtas_x.obj
 0001:00045160       cvt_ieee_t_to_text_ex      0000000180046160 f   libifcoremt:cvt_cvtas_t.obj
 0001:00046a70       cvt_ieee_s_to_text_ex      0000000180047a70 f   libifcoremt:cvt_cvtas_s.obj
 0001:00048310       for_exit                   0000000180049310 f   libifcoremt:for_exit.obj
 0001:00048360       GETHANDLEQQ                0000000180049360 f   libifcoremt:for_m_qwin.obj
 0001:00048680       GETUNITQQ                  0000000180049680 f   libifcoremt:for_m_qwin.obj
 0001:00048760       for__preconnected_units_create 0000000180049760 f   libifcoremt:for_preconnected_units_init.obj
 0001:00048a30       for__default_io_sizes_env_init 0000000180049a30 f   libifcoremt:for_default_io_sizes_env_init.obj
 0001:00048cb0       for_since_epoch_t          0000000180049cb0 f   libifcoremt:for_secnds.obj
 0001:00048d50       for__finish_ufseq_write    0000000180049d50 f   libifcoremt:for_wseq.obj
 0001:00049160       cvtas_x_to_a               000000018004a160 f   libifcoremt:cvtas_x_to_a.obj
 0001:0004ee00       cvtas_t_to_a               000000018004fe00 f   libifcoremt:cvtas_t_to_a.obj
 0001:000548e0       cvtas_s_to_a               00000001800558e0 f   libifcoremt:cvtas_s_to_a.obj
 0001:0005a6a0       __libm_feature_flag_init   000000018005b6a0 f   libmmt:libm_feature_flag.obj
 0001:0005a8b0       __libm_trunc_ex            000000018005b8b0 f   libmmt:trunc_gen.obj
 0001:0005a950       __libm_trunc_e7            000000018005b950 f   libmmt:trunc_ct.obj
 0001:0005a9b0       __libm_trunc_y8            000000018005b9b0 f   libmmt:trunc_pnr.obj
 0001:0005a9d0       __libm_lroundf_ex          000000018005b9d0 f   libmmt:lroundf_gen.obj
 0001:0005aaa0       __libm_lroundf_e7          000000018005baa0 f   libmmt:lroundf_ct.obj
 0001:0005aba0       __libm_llroundf_ex         000000018005bba0 f   libmmt:llroundf_gen.obj
 0001:0005ac80       __libm_llroundf_e7         000000018005bc80 f   libmmt:llroundf_ct.obj
 0001:0005adb0       __libm_lround_ex           000000018005bdb0 f   libmmt:lround_gen.obj
 0001:0005aec0       __libm_lround_e7           000000018005bec0 f   libmmt:lround_ct.obj
 0001:0005aff0       __libm_llround_ex          000000018005bff0 f   libmmt:llround_gen.obj
 0001:0005b0d0       __libm_llround_e7          000000018005c0d0 f   libmmt:llround_ct.obj
 0001:0005b4c0       __libm_error_support       000000018005c4c0 f   libmmt:libm_error.obj
 0001:0005bd40       __libm_matherrl            000000018005cd40 f   libmmt:matherrl_iface_disp.obj
 0001:0005bd60       __libm_matherr             000000018005cd60 f   libmmt:matherr_iface_disp.obj
 0001:0005bd80       __libm_matherrf            000000018005cd80 f   libmmt:matherrf_iface_disp.obj
 0001:0005bda0       __libm_matherrl_ex         000000018005cda0 f   libmmt:matherrl.obj
 0001:0005bdc0       __libm_matherr_ex          000000018005cdc0 f   libmmt:matherr.obj
 0001:0005bde0       __libm_matherrf_ex         000000018005cde0 f   libmmt:matherrf.obj
 0001:0005be00       _intel_fast_memset.A       000000018005ce00 f   libirc:fastmemset.obj
 0001:0005be10       _intel_fast_memset.J       000000018005ce10 f   libirc:fastmemset.obj
 0001:0005be20       _intel_fast_memset.V       000000018005ce20 f   libirc:fastmemset.obj
 0001:0005be30       _intel_fast_memset.Z       000000018005ce30 f   libirc:fastmemset.obj
 0001:0005be40       _intel_fast_memset         000000018005ce40 f   libirc:fastmemset.obj
 0001:0005bec0       _intel_fast_memcmp         000000018005cec0 f   libirc:ia32_memcmp.obj
 0001:0005bf50       _intel_fast_memcpy.A       000000018005cf50 f   libirc:fastmemcpy.obj
 0001:0005bf60       _intel_fast_memcpy.J       000000018005cf60 f   libirc:fastmemcpy.obj
 0001:0005bf70       _intel_fast_memcpy.V       000000018005cf70 f   libirc:fastmemcpy.obj
 0001:0005bf80       _intel_fast_memcpy.Z       000000018005cf80 f   libirc:fastmemcpy.obj
 0001:0005bf90       _intel_fast_memcpy         000000018005cf90 f   libirc:fastmemcpy.obj
 0001:0005c010       __intel_sse2_strlen        000000018005d010 f   libirc:sse2_strlen.obj
 0001:0005c040       __intel_sse2_stricmp       000000018005d040 f   libirc:sse2_stricmp.obj
 0001:0005c220       __intel_sse2_strncmp       000000018005d220 f   libirc:sse2_strncmp.obj
 0001:0005ccc0       __intel_lib_wrappers_init  000000018005dcc0 f   libirc:intel_lib_vs_wrappers_init.obj
 0001:0005d250       __intel_sse2_strcpy        000000018005e250 f   libirc:sse2_strcpy.obj
 0001:0005d3b0       __intel_sse2_strtok        000000018005e3b0 f   libirc:sse2_strtok.obj
 0001:0005d920       __intel_sse2_strchr        000000018005e920 f   libirc:sse2_strchr.obj
 0001:0005d970       __intel_sse2_strcat        000000018005e970 f   libirc:sse2_strcat.obj
 0001:0005db10       tbk_string_stack_signal_impl 000000018005eb10 f   libirc:tbk_display.obj
 0001:0005e8b0       __intel_cpu_features_init_x 000000018005f8b0 f   libirc:cpu_feature_disp.obj
 0001:0005e8d0       __intel_cpu_features_init  000000018005f8d0 f   libirc:cpu_feature_disp.obj
 0001:0005ee70       __intel_memset             000000018005fe70 f   libirc:fast_memset.obj
 0001:0005ee70       __intel_new_memset         000000018005fe70 f   libirc:fast_memset.obj
 0001:0005f870       __intel_avx_rep_memset     0000000180060870 f   libirc:intel_avx_rep_memset.obj
 0001:000608c0       __intel_mic_avx512f_memset 00000001800618c0 f   libirc:intel_mic_avx512f_memset.obj
 0001:000621c0       __intel_new_memcpy         00000001800631c0 f   libirc:fast_memcpy.obj
 0001:000621c0       __intel_memcpy             00000001800631c0 f   libirc:fast_memcpy.obj
 0001:00063270       __intel_avx_rep_memcpy     0000000180064270 f   libirc:intel_avx_rep_memcpy.obj
 0001:00064b00       __intel_mic_avx512f_memcpy 0000000180065b00 f   libirc:intel_mic_avx512f_memcpy.obj
 0001:00066640       tbk_getPC                  0000000180067640 f   libirc:tbk_backtrace.obj
 0001:00066650       tbk_getModuleName          0000000180067650 f   libirc:tbk_backtrace.obj
 0001:000667a0       tbk_get_pc_info_pie        00000001800677a0 f   libirc:tbk_backtrace.obj
 0001:00067060       tbk_trace_stack_impl       0000000180068060 f   libirc:tbk_backtrace.obj
 0001:00068120       __libirc_get_msg           0000000180069120 f   libirc:irc_msg_support.obj
 0001:00068370       __libirc_print             0000000180069370 f   libirc:irc_msg_support.obj
 0001:00068690       RegisterGetHandleQQ        0000000180069690 f   ifconsol:for_m_console.obj
 0001:00068690       ChangeQWINCP               0000000180069690 f   ifconsol:for_m_console.obj
 0001:00068690       RegisterGetUnitQQ          0000000180069690 f   ifconsol:for_m_console.obj
 0001:000686a0       _QWINRead                  00000001800696a0 f   ifconsol:for_m_console.obj
 0001:000686a0       _wgopen                    00000001800696a0 f   ifconsol:for_m_console.obj
 0001:000686a0       _QWINSetIOFOCUS            00000001800696a0 f   ifconsol:for_m_console.obj
 0001:000686a0       _QWINGetFileName           00000001800696a0 f   ifconsol:for_m_console.obj
 0001:000686a0       _QWINNiceExit              00000001800696a0 f   ifconsol:for_m_console.obj
 0001:000686a0       _wgsetactive               00000001800696a0 f   ifconsol:for_m_console.obj
 0001:000686a0       _QWINMsgBox                00000001800696a0 f   ifconsol:for_m_console.obj
 0001:000686a0       _QWINWrite                 00000001800696a0 f   ifconsol:for_m_console.obj
 0001:000686a0       _QWINClose                 00000001800696a0 f   ifconsol:for_m_console.obj
 0001:000686c0       _QWINSetFocus              00000001800696c0 f   ifconsol:for_m_console.obj
 0001:000686c0       _QWINGetDefaultWindow      00000001800696c0 f   ifconsol:for_m_console.obj
 0001:000686f0       __chkstk                   00000001800696f0 f   LIBCMT:chkstk.obj
 0001:000686f0       _alloca_probe              00000001800696f0 f   LIBCMT:chkstk.obj
 0001:00068750       memmove                    0000000180069750 f   LIBCMT:memcpy.obj
 0001:00068750       memcpy                     0000000180069750 f   LIBCMT:memcpy.obj
 0001:00068cb8       _fpmath                    0000000180069cb8 f   LIBCMT:fpinit.obj
 0001:00068cc0       _cfltcvt_init              0000000180069cc0 f   LIBCMT:fpinit.obj
 0001:00068d48       _CRT_INIT                  0000000180069d48 f   LIBCMT:dllcrt0.obj
 0001:00068ea8       _DllMainCRTStartup         0000000180069ea8 f   LIBCMT:dllcrt0.obj
 0001:00069020       __security_check_cookie    000000018006a020 f   LIBCMT:amdsecgs.obj
 0001:00069040       __GSHandlerCheck           000000018006a040 f   LIBCMT:gshandler.obj
 0001:00069060       __GSHandlerCheckCommon     000000018006a060 f   LIBCMT:gshandler.obj
 0001:000690e0       strncpy                    000000018006a0e0 f   LIBCMT:strncpy.obj
 0001:00069244       abort                      000000018006a244 f   LIBCMT:abort.obj
 0001:0006929c       __copy_path_to_wide_string 000000018006a29c f   LIBCMT:crt0dat.obj
 0001:0006939c       __crtCorExitProcess        000000018006a39c f   LIBCMT:crt0dat.obj
 0001:000693e0       __crtExitProcess           000000018006a3e0 f   LIBCMT:crt0dat.obj
 0001:000693f8       __freeCrtMemory            000000018006a3f8 f   LIBCMT:crt0dat.obj
 0001:00069540       _amsg_exit                 000000018006a540 f   LIBCMT:crt0dat.obj
 0001:00069568       _cexit                     000000018006a568 f   LIBCMT:crt0dat.obj
 0001:00069578       _cinit                     000000018006a578 f   LIBCMT:crt0dat.obj
 0001:00069610       _exit                      000000018006a610 f   LIBCMT:crt0dat.obj
 0001:0006961c       _init_pointers             000000018006a61c f   LIBCMT:crt0dat.obj
 0001:000696c8       _initterm_e                000000018006a6c8 f   LIBCMT:crt0dat.obj
 0001:00069704       _lockexit                  000000018006a704 f   LIBCMT:crt0dat.obj
 0001:00069710       _unlockexit                000000018006a710 f   LIBCMT:crt0dat.obj
 0001:000698b4       exit                       000000018006a8b4 f   LIBCMT:crt0dat.obj
 0001:000698c0       malloc                     000000018006a8c0 f   LIBCMT:malloc.obj
 0001:00069978       realloc                    000000018006a978 f   LIBCMT:realloc.obj
 0001:00069a4c       free                       000000018006aa4c f   LIBCMT:free.obj
 0001:00069a8c       memchr                     000000018006aa8c f   LIBCMT:memchr.obj
 0001:00069aa8       atoi                       000000018006aaa8 f   LIBCMT:atox.obj
 0001:00069ab4       __lock_fhandle             000000018006aab4 f   LIBCMT:osfinfo.obj
 0001:00069b4c       _alloc_osfhnd              000000018006ab4c f   LIBCMT:osfinfo.obj
 0001:00069d44       _free_osfhnd               000000018006ad44 f   LIBCMT:osfinfo.obj
 0001:00069df0       _get_osfhandle             000000018006adf0 f   LIBCMT:osfinfo.obj
 0001:00069e64       _open_osfhandle            000000018006ae64 f   LIBCMT:osfinfo.obj
 0001:00069f60       _set_osfhnd                000000018006af60 f   LIBCMT:osfinfo.obj
 0001:0006a010       _unlock_fhandle            000000018006b010 f   LIBCMT:osfinfo.obj
 0001:0006a03c       _fileno                    000000018006b03c f   LIBCMT:fileno.obj
 0001:0006a064       _access                    000000018006b064 f   LIBCMT:access.obj
 0001:0006a078       _access_s                  000000018006b078 f   LIBCMT:access.obj
 0001:0006a0d0       __doserrno                 000000018006b0d0 f   LIBCMT:dosmap.obj
 0001:0006a0f0       _dosmaperr                 000000018006b0f0 f   LIBCMT:dosmap.obj
 0001:0006a140       _errno                     000000018006b140 f   LIBCMT:dosmap.obj
 0001:0006a160       _get_errno_from_oserr      000000018006b160 f   LIBCMT:dosmap.obj
 0001:0006a1b0       _write                     000000018006b1b0 f   LIBCMT:write.obj
 0001:0006a294       _write_nolock              000000018006b294 f   LIBCMT:write.obj
 0001:0006aa88       __onexitinit               000000018006ba88 f   LIBCMT:onexit.obj
 0001:0006aacc       _onexit                    000000018006bacc f   LIBCMT:onexit.obj
 0001:0006abd8       atexit                     000000018006bbd8 f   LIBCMT:onexit.obj
 0001:0006abf0       strstr                     000000018006bbf0 f   LIBCMT:strstr.obj
 0001:0006add0       ??0_LocaleUpdate@@QEAA@PEAUlocaleinfo_struct@@@Z 000000018006bdd0 f i LIBCMT:toupper.obj
 0001:0006ae78       _toupper_l                 000000018006be78 f   LIBCMT:toupper.obj
 0001:0006afc8       toupper                    000000018006bfc8 f   LIBCMT:toupper.obj
 0001:0006afe8       isdigit                    000000018006bfe8 f i LIBCMT:_ctype.obj
 0001:0006b064       isspace                    000000018006c064 f i LIBCMT:_ctype.obj
 0001:0006b0e0       _controlfp_s               000000018006c0e0 f   LIBCMT:contrlfp.obj
 0001:0006b144       __get_sigabrt              000000018006c144 f   LIBCMT:winsig.obj
 0001:0006b154       _initp_misc_winsig         000000018006c154 f   LIBCMT:winsig.obj
 0001:0006b208       raise                      000000018006c208 f   LIBCMT:winsig.obj
 0001:0006b43c       signal                     000000018006c43c f   LIBCMT:winsig.obj
 0001:0006b6c8       _getenv_helper_nolock      000000018006c6c8 f   LIBCMT:getenv.obj
 0001:0006b76c       getenv                     000000018006c76c f   LIBCMT:getenv.obj
 0001:0006b7d8       _clearfp                   000000018006c7d8 f   LIBCMT:ieee.obj
 0001:0006b828       _control87                 000000018006c828 f i LIBCMT:ieee.obj
 0001:0006bab8       __inittime                 000000018006cab8 f   LIBCMT:clock.obj
 0001:0006bae4       fputs                      000000018006cae4 f   LIBCMT:fputs.obj
 0001:0006bc10       __isa_available_init       000000018006cc10 f   LIBCMT:cpu_disp.obj
 0001:0006bdb4       _cfltcvt                   000000018006cdb4 f   LIBCMT:cvt.obj
 0001:0006bdd8       _cfltcvt_l                 000000018006cdd8 f   LIBCMT:cvt.obj
 0001:0006be58       _cftoa_l                   000000018006ce58 f   LIBCMT:cvt.obj
 0001:0006c404       _cftoe_l                   000000018006d404 f   LIBCMT:cvt.obj
 0001:0006c660       _cftof_l                   000000018006d660 f   LIBCMT:cvt.obj
 0001:0006c734       _cftog_l                   000000018006d734 f   LIBCMT:cvt.obj
 0001:0006c868       _cropzeros                 000000018006d868 f   LIBCMT:cvt.obj
 0001:0006c870       _cropzeros_l               000000018006d870 f   LIBCMT:cvt.obj
 0001:0006c908       _fassign                   000000018006d908 f   LIBCMT:cvt.obj
 0001:0006c910       _fassign_l                 000000018006d910 f   LIBCMT:cvt.obj
 0001:0006c950       _forcdecpt                 000000018006d950 f   LIBCMT:cvt.obj
 0001:0006c958       _forcdecpt_l               000000018006d958 f   LIBCMT:cvt.obj
 0001:0006c9d8       _positive                  000000018006d9d8 f   LIBCMT:cvt.obj
 0001:0006c9ec       _initp_misc_cfltcvt_tab    000000018006d9ec f   LIBCMT:cmiscdat.obj
 0001:0006ca28       _XcptFilter                000000018006da28 f   LIBCMT:winxfltr.obj
 0001:0006cbf4       __CppXcptFilter            000000018006dbf4 f   LIBCMT:winxfltr.obj
 0001:0006cc08       _freefls                   000000018006dc08 f   LIBCMT:tidtable.obj
 0001:0006cd3c       _freeptd                   000000018006dd3c f   LIBCMT:tidtable.obj
 0001:0006cd78       _getptd                    000000018006dd78 f   LIBCMT:tidtable.obj
 0001:0006cd9c       _getptd_noexit             000000018006dd9c f   LIBCMT:tidtable.obj
 0001:0006ce20       _initptd                   000000018006de20 f   LIBCMT:tidtable.obj
 0001:0006cee4       _mtinit                    000000018006dee4 f   LIBCMT:tidtable.obj
 0001:0006cf64       _mtterm                    000000018006df64 f   LIBCMT:tidtable.obj
 0001:0006cf88       _heap_init                 000000018006df88 f   LIBCMT:heapinit.obj
 0001:0006cfa8       _heap_term                 000000018006dfa8 f   LIBCMT:heapinit.obj
 0001:0006cfb4       _ioinit                    000000018006dfb4 f   LIBCMT:ioinit.obj
 0001:0006d2e4       _ioterm                    000000018006e2e4 f   LIBCMT:ioinit.obj
 0001:0006d358       _setargv                   000000018006e358 f   LIBCMT:stdargv.obj
 0001:0006d614       _setenvp                   000000018006e614 f   LIBCMT:stdenvp.obj
 0001:0006d748       __security_init_cookie     000000018006e748 f   LIBCMT:gs_support.obj
 0001:0006d7f4       DllMain                    000000018006e7f4 f   LIBCMT:dllmain.obj
 0001:0006d7fc       __crtGetEnvironmentStringsA 000000018006e7fc f   LIBCMT:a_env.obj
 0001:0006d8f0       __crtCaptureCurrentContext 000000018006e8f0 f   LIBCMT:winapisupp.obj
 0001:0006d960       __crtCapturePreviousContext 000000018006e960 f   LIBCMT:winapisupp.obj
 0001:0006d9d4       __crtFlsAlloc              000000018006e9d4 f   LIBCMT:winapisupp.obj
 0001:0006d9f0       __crtFlsFree               000000018006e9f0 f   LIBCMT:winapisupp.obj
 0001:0006da0c       __crtFlsGetValue           000000018006ea0c f   LIBCMT:winapisupp.obj
 0001:0006da28       __crtFlsSetValue           000000018006ea28 f   LIBCMT:winapisupp.obj
 0001:0006da44       __crtInitializeCriticalSectionEx 000000018006ea44 f   LIBCMT:winapisupp.obj
 0001:0006da70       __crtIsPackagedApp         000000018006ea70 f   LIBCMT:winapisupp.obj
 0001:0006dabc       __crtLoadWinApiPointers    000000018006eabc f   LIBCMT:winapisupp.obj
 0001:0006deb8       __crtSleep                 000000018006eeb8 f   LIBCMT:winapisupp.obj
 0001:0006dec0       __crtTerminateProcess      000000018006eec0 f   LIBCMT:winapisupp.obj
 0001:0006dee0       __crtUnhandledException    000000018006eee0 f   LIBCMT:winapisupp.obj
 0001:0006df00       _calloc_crt                000000018006ef00 f   LIBCMT:crtheap.obj
 0001:0006df80       _malloc_crt                000000018006ef80 f   LIBCMT:crtheap.obj
 0001:0006dffc       _realloc_crt               000000018006effc f   LIBCMT:crtheap.obj
 0001:0006e080       _recalloc_crt              000000018006f080 f   LIBCMT:crtheap.obj
 0001:0006e104       _RTC_Initialize            000000018006f104 f   LIBCMT:initsect.obj
 0001:0006e13c       _RTC_Terminate             000000018006f13c f   LIBCMT:initsect.obj
 0001:0006e174       __C_specific_handler       000000018006f174 f   LIBCMT:chandler.obj
 0001:0006e358       __raise_securityfailure    000000018006f358 f   LIBCMT:gs_report.obj
 0001:0006e3a4       __report_gsfailure         000000018006f3a4 f   LIBCMT:gs_report.obj
 0001:0006e478       __report_rangecheckfailure 000000018006f478 f   LIBCMT:gs_report.obj
 0001:0006e48c       __report_securityfailure   000000018006f48c f   LIBCMT:gs_report.obj
 0001:0006e528       _call_reportfault          000000018006f528 f   LIBCMT:invarg.obj
 0001:0006e61c       _initp_misc_invarg         000000018006f61c f   LIBCMT:invarg.obj
 0001:0006e624       _invalid_parameter         000000018006f624 f   LIBCMT:invarg.obj
 0001:0006e68c       _invalid_parameter_noinfo  000000018006f68c f   LIBCMT:invarg.obj
 0001:0006e6ac       _invoke_watson             000000018006f6ac f   LIBCMT:invarg.obj
 0001:0006e6e8       _lock                      000000018006f6e8 f   LIBCMT:mlock.obj
 0001:0006e72c       _mtdeletelocks             000000018006f72c f   LIBCMT:mlock.obj
 0001:0006e7b4       _mtinitlocknum             000000018006f7b4 f   LIBCMT:mlock.obj
 0001:0006e874       _mtinitlocks               000000018006f874 f   LIBCMT:mlock.obj
 0001:0006e8d8       _unlock                    000000018006f8d8 f   LIBCMT:mlock.obj
 0001:0006e8f0       _FF_MSGBANNER              000000018006f8f0 f   LIBCMT:crt0msg.obj
 0001:0006e934       _GET_RTERRMSG              000000018006f934 f   LIBCMT:crt0msg.obj
 0001:0006e964       _NMSG_WRITE                000000018006f964 f   LIBCMT:crt0msg.obj
 0001:0006ebe0       _FindPESection             000000018006fbe0 f   LIBCMT:pesect.obj
 0001:0006ec30       _IsNonwritableInCurrentImage 000000018006fc30 f   LIBCMT:pesect.obj
 0001:0006ec80       _ValidateImageBase         000000018006fc80 f   LIBCMT:pesect.obj
 0001:0006ecb0       ?terminate@@YAXXZ          000000018006fcb0 f   LIBCMT:hooks.obj
 0001:0006ecd0       _initp_eh_hooks            000000018006fcd0 f   LIBCMT:hooks.obj
 0001:0006ecf0       _callnewh                  000000018006fcf0 f   LIBCMT:handler.obj
 0001:0006ed24       _initp_heap_handler        000000018006fd24 f   LIBCMT:handler.obj
 0001:0006ed2c       _initp_misc_purevirt       000000018006fd2c f   LIBCMT:inithelp.obj
 0001:0006ed34       _initp_misc_rand_s         000000018006fd34 f   LIBCMT:rand_s.obj
 0001:0006ed3c       __initmbctable             000000018006fd3c f   LIBCMT:mbctype.obj
 0001:0006f058       __updatetmbcinfo           0000000180070058 f   LIBCMT:mbctype.obj
 0001:0006f114       _setmbcp                   0000000180070114 f   LIBCMT:mbctype.obj
 0001:0006f358       _setmbcp_nolock            0000000180070358 f   LIBCMT:mbctype.obj
 0001:0006f608       _ftbuf                     0000000180070608 f   LIBCMT:_sftbuf.obj
 0001:0006f640       _stbuf                     0000000180070640 f   LIBCMT:_sftbuf.obj
 0001:0006f710       strcpy_s                   0000000180070710 f   LIBCMT:strcpy_s.obj
 0001:0006f774       strncpy_s                  0000000180070774 f   LIBCMT:strncpy_s.obj
 0001:0006f840       memset                     0000000180070840 f   LIBCMT:memset.obj
 0001:0006fa6c       _msize                     0000000180070a6c f   LIBCMT:msize.obj
 0001:0006fce4       strtol                     0000000180070ce4 f   LIBCMT:strtol.obj
 0001:0006fd14       _waccess_s                 0000000180070d14 f   LIBCMT:waccess.obj
 0001:0006fdbc       _isleadbyte_l              0000000180070dbc f i LIBCMT:_wctype.obj
 0001:0006fe00       isleadbyte                 0000000180070e00 f i LIBCMT:_wctype.obj
 0001:0006fe48       _isatty                    0000000180070e48 f   LIBCMT:isatty.obj
 0001:0006fea8       _lseeki64                  0000000180070ea8 f   LIBCMT:lseeki64.obj
 0001:0006ff90       _lseeki64_nolock           0000000180070f90 f   LIBCMT:lseeki64.obj
 0001:00070024       _mbtowc_l                  0000000180071024 f   LIBCMT:mbtowc.obj
 0001:00070178       mbtowc                     0000000180071178 f   LIBCMT:mbtowc.obj
 0001:00070180       _putwch_nolock             0000000180071180 f   LIBCMT:putwch.obj
 0001:000701dc       __addlocaleref             00000001800711dc f   LIBCMT:localref.obj
 0001:00070268       __freetlocinfo             0000000180071268 f   LIBCMT:localref.obj
 0001:00070400       __removelocaleref          0000000180071400 f   LIBCMT:localref.obj
 0001:000704a4       __updatetlocinfo           00000001800714a4 f   LIBCMT:localref.obj
 0001:0007051c       _updatetlocinfoEx_nolock   000000018007151c f   LIBCMT:localref.obj
 0001:00070580       _isctype_l                 0000000180071580 f   LIBCMT:isctype.obj
 0001:00070948       __crtLCMapStringA          0000000180071948 f   LIBCMT:a_map.obj
 0001:000709e0       _locterm                   00000001800719e0 f   LIBCMT:wsetloca.obj
 0001:00070a40       strlen                     0000000180071a40 f   LIBCMT:strlen.obj
 0001:00070ae8       strnlen                    0000000180071ae8 f   LIBCMT:strlen_s.obj
 0001:00070b00       __wtomb_environ            0000000180071b00 f   LIBCMT:wtombenv.obj
 0001:00070bf4       _mbsnbicoll                0000000180071bf4 f   LIBCMT:mbsnbico.obj
 0001:00070bfc       _mbsnbicoll_l              0000000180071bfc f   LIBCMT:mbsnbico.obj
 0001:00070d10       _get_fpsr                  0000000180071d10 f   LIBCMT:fpsr.obj
 0001:00070d20       _set_fpsr                  0000000180071d20 f   LIBCMT:fpsr.obj
 0001:00070d2a       _fclrf                     0000000180071d2a f   LIBCMT:fpsr.obj
 0001:00070d3e       _frnd                      0000000180071d3e f   LIBCMT:fpsr.obj
 0001:00070d60       __initstdio                0000000180071d60 f   LIBCMT:_file.obj
 0001:00070df8       __endstdio                 0000000180071df8 f   LIBCMT:_file.obj
 0001:00070e28       __iob_func                 0000000180071e28 f   LIBCMT:_file.obj
 0001:00070e30       _lock_file                 0000000180071e30 f   LIBCMT:_file.obj
 0001:00070e98       _lock_file2                0000000180071e98 f   LIBCMT:_file.obj
 0001:00070ecc       _unlock_file               0000000180071ecc f   LIBCMT:_file.obj
 0001:00070f1c       _unlock_file2              0000000180071f1c f   LIBCMT:_file.obj
 0001:00070f3c       _fwrite_nolock             0000000180071f3c f   LIBCMT:fwrite.obj
 0001:000710cc       _tolower_l                 00000001800720cc f   LIBCMT:tolower.obj
 0001:00071220       tolower                    0000000180072220 f   LIBCMT:tolower.obj
 0001:00071240       strrchr                    0000000180072240 f   LIBCMT:strrchr.obj
 0001:00071384       _fptostr                   0000000180072384 f   LIBCMT:_fptostr.obj
 0001:00071450       __crt_atoflt_l             0000000180072450 f   LIBCMT:atodbl.obj
 0001:00071520       _atodbl_l                  0000000180072520 f   LIBCMT:atodbl.obj
 0001:000715e8       _atoflt_l                  00000001800725e8 f   LIBCMT:atodbl.obj
 0001:000715f0       __dtold                    00000001800725f0 f   LIBCMT:cfout.obj
 0001:000716c0       _fltout2                   00000001800726c0 f   LIBCMT:cfout.obj
 0001:00071778       _fptrap                    0000000180072778 f   LIBCMT:crt0fp.obj
 0001:000717a0       _local_unwind              00000001800727a0 f   LIBCMT:jmpuwind.obj
 0001:000717d0       _NLG_Notify                00000001800727d0 f   LIBCMT:jmpuwind.obj
 0001:000717f0       __NLG_Dispatch2            00000001800727f0 f   LIBCMT:jmpuwind.obj
 0001:00071800       __NLG_Return2              0000000180072800 f   LIBCMT:jmpuwind.obj
 0001:00071880       _ismbblead                 0000000180072880 f   LIBCMT:ismbbyte.obj
 0001:00071894       _ismbblead_l               0000000180072894 f   LIBCMT:ismbbyte.obj
 0001:000718ac       _recalloc                  00000001800728ac f   LIBCMT:recalloc.obj
 0001:00071934       _calloc_impl               0000000180072934 f   LIBCMT:calloc_impl.obj
 0001:000719d0       __crt_debugger_hook        00000001800729d0 f   LIBCMT:dbghook.obj
 0001:000719d8       wcscat_s                   00000001800729d8 f   LIBCMT:wcscat_s.obj
 0001:00071a60       wcscpy_s                   0000000180072a60 f   LIBCMT:wcscpy_s.obj
 0001:00071acc       wcslen                     0000000180072acc f   LIBCMT:wcslen.obj
 0001:00071ae8       wcsncpy_s                  0000000180072ae8 f   LIBCMT:wcsncpy_s.obj
 0001:00071bb4       _set_error_mode            0000000180072bb4 f   LIBCMT:errmode.obj
 0001:00071bf4       __crtMessageBoxW           0000000180072bf4 f   LIBCMT:crtmboxw.obj
 0001:00071e68       GetTableIndexFromLocaleName 0000000180072e68 f   LIBCMT:winapinls.obj
 0001:00071ef4       __crtCompareStringEx       0000000180072ef4 f   LIBCMT:winapinls.obj
 0001:00071f84       __crtDownlevelLocaleNameToLCID 0000000180072f84 f   LIBCMT:winapinls.obj
 0001:00071fb8       __crtLCMapStringEx         0000000180072fb8 f   LIBCMT:winapinls.obj
 0001:00072048       __wcsnicmp_ascii           0000000180073048 f   LIBCMT:winapinls.obj
 0001:00072218       __crtGetStringTypeA        0000000180073218 f   LIBCMT:a_str.obj
 0001:00072294       _fflush_nolock             0000000180073294 f   LIBCMT:fflush.obj
 0001:000722e0       _flush                     00000001800732e0 f   LIBCMT:fflush.obj
 0001:0007235c       _flushall                  000000018007335c f   LIBCMT:fflush.obj
 0001:00072450       __termconout               0000000180073450 f   LIBCMT:initcon.obj
 0001:00072470       __initconout               0000000180073470 f   LIBCMT:initcon.obj
 0001:000724ac       __free_lconv_mon           00000001800734ac f   LIBCMT:initmon.obj
 0001:000725b8       __free_lconv_num           00000001800735b8 f   LIBCMT:initnum.obj
 0001:00072624       __free_lc_time             0000000180073624 f   LIBCMT:inittime.obj
 0001:00072a30       memcmp                     0000000180073a30 f   LIBCMT:memcmp.obj
 0001:00072af8       __crtsetenv                0000000180073af8 f   LIBCMT:setenv.obj
 0001:00072eac       _strnicoll_l               0000000180073eac f   LIBCMT:strnicol.obj
 0001:00073314       __crtCompareStringA        0000000180074314 f   LIBCMT:a_cmp.obj
 0001:000733a0       _fcloseall                 00000001800743a0 f   LIBCMT:closeall.obj
 0001:00073448       _flsbuf                    0000000180074448 f   LIBCMT:_flsbuf.obj
 0001:000735d4       _ld12tod                   00000001800745d4 f   LIBCMT:intrncvt.obj
 0001:00073b8c       _ld12tof                   0000000180074b8c f   LIBCMT:intrncvt.obj
 0001:00074144       __strgtold12_l             0000000180075144 f   LIBCMT:strgtold.obj
 0001:000749a8       $I10_OUTPUT                00000001800759a8 f   LIBCMT:x10fout.obj
 0001:00075480       _commit                    0000000180076480 f   LIBCMT:commit.obj
 0001:00075560       _strdup                    0000000180076560 f   LIBCMT:strdup.obj
 0001:000755d0       _mbschr                    00000001800765d0 f   LIBCMT:mbschr.obj
 0001:000755d8       _mbschr_l                  00000001800765d8 f   LIBCMT:mbschr.obj
 0001:00075698       __ascii_strnicmp           0000000180076698 f   LIBCMT:strnicmp.obj
 0001:000756e0       _strnicmp_l                00000001800766e0 f   LIBCMT:strnicmp.obj
 0001:000757bc       _fclose_nolock             00000001800767bc f   LIBCMT:fclose.obj
 0001:00075838       fclose                     0000000180076838 f   LIBCMT:fclose.obj
 0001:000758a0       _getbuf                    00000001800768a0 f   LIBCMT:_getbuf.obj
 0001:000758f4       __mtold12                  00000001800768f4 f   LIBCMT:mantold.obj
 0001:00075b18       strchr                     0000000180076b18 f   LIBCMT:strchr.obj
 0001:00075ba4       _close                     0000000180076ba4 f   LIBCMT:close.obj
 0001:00075c68       _close_nolock              0000000180076c68 f   LIBCMT:close.obj
 0001:00075d24       _freebuf                   0000000180076d24 f   LIBCMT:_freebuf.obj
 0001:00075d5c       GetCurrentDirectoryA       0000000180076d5c f   KERNEL32:KERNEL32.dll
 0001:00075d62       SetCurrentDirectoryA       0000000180076d62 f   KERNEL32:KERNEL32.dll
 0001:00075d68       RemoveDirectoryA           0000000180076d68 f   KERNEL32:KERNEL32.dll
 0001:00075d6e       CreateDirectoryA           0000000180076d6e f   KERNEL32:KERNEL32.dll
 0001:00075d74       GetDriveTypeA              0000000180076d74 f   KERNEL32:KERNEL32.dll
 0001:00075d7a       Sleep                      0000000180076d7a f   KERNEL32:KERNEL32.dll
 0001:00075d80       DeleteFileA                0000000180076d80 f   KERNEL32:KERNEL32.dll
 0001:00075d86       CopyFileA                  0000000180076d86 f   KERNEL32:KERNEL32.dll
 0001:00075d8c       GetPrivateProfileStringA   0000000180076d8c f   KERNEL32:KERNEL32.dll
 0001:00075d92       WritePrivateProfileStringA 0000000180076d92 f   KERNEL32:KERNEL32.dll
 0001:00075d98       GetPrivateProfileIntA      0000000180076d98 f   KERNEL32:KERNEL32.dll
 0001:00075d9e       GetLocalTime               0000000180076d9e f   KERNEL32:KERNEL32.dll
 0001:00075da4       GetTickCount               0000000180076da4 f   KERNEL32:KERNEL32.dll
 0001:00075daa       LoadLibraryA               0000000180076daa f   KERNEL32:KERNEL32.dll
 0001:00075db0       FreeLibrary                0000000180076db0 f   KERNEL32:KERNEL32.dll
 0001:00075db6       GetProcAddress             0000000180076db6 f   KERNEL32:KERNEL32.dll
 0001:00075dbc       MoveFileExA                0000000180076dbc f   KERNEL32:KERNEL32.dll
 0001:00075dc2       GetLastError               0000000180076dc2 f   KERNEL32:KERNEL32.dll
 0001:00075dc8       GlobalMemoryStatus         0000000180076dc8 f   KERNEL32:KERNEL32.dll
 0001:00075dce       IsProcessorFeaturePresent  0000000180076dce f   KERNEL32:KERNEL32.dll
 0001:00075dd4       RtlUnwindEx                0000000180076dd4 f   KERNEL32:KERNEL32.dll
 0001:00075ddc       strcat_s                   0000000180076ddc f   LIBCMT:strcat_s.obj
 0001:00075e58       strtok                     0000000180076e58 f   LIBCMT:strtok.obj
 0001:00075f60       strncat                    0000000180076f60 f   LIBCMT:strncat.obj
 0001:00076110       strcat                     0000000180077110 f   LIBCMT:strcat.obj
 0001:000761b0       strcpy                     00000001800771b0 f   LIBCMT:strcat.obj
 0001:000761b3       ___entry_from_strcat_in_strcpy 00000001800771b3     LIBCMT:strcat.obj
 0001:00076268       _splitpath                 0000000180077268 f   LIBCMT:splitpat.obj
 0001:00076580       _mbsnbcpy_s                0000000180077580 f   LIBCMT:mbsnbcpy_s.obj
 0001:00076594       _mbsnbcpy_s_l              0000000180077594 f   LIBCMT:mbsnbcpy_s_l.obj
 0002:00000000       __imp_VirtualQuery         0000000180078000     KERNEL32:KERNEL32.dll
 0002:00000008       __imp_GetModuleHandleExA   0000000180078008     KERNEL32:KERNEL32.dll
 0002:00000010       __imp_GetCurrentDirectoryA 0000000180078010     KERNEL32:KERNEL32.dll
 0002:00000018       __imp_SetCurrentDirectoryA 0000000180078018     KERNEL32:KERNEL32.dll
 0002:00000020       __imp_RemoveDirectoryA     0000000180078020     KERNEL32:KERNEL32.dll
 0002:00000028       __imp_CreateDirectoryA     0000000180078028     KERNEL32:KERNEL32.dll
 0002:00000030       __imp_GetDriveTypeA        0000000180078030     KERNEL32:KERNEL32.dll
 0002:00000038       __imp_Sleep                0000000180078038     KERNEL32:KERNEL32.dll
 0002:00000040       __imp_DeleteFileA          0000000180078040     KERNEL32:KERNEL32.dll
 0002:00000048       __imp_CopyFileA            0000000180078048     KERNEL32:KERNEL32.dll
 0002:00000050       __imp_GetPrivateProfileStringA 0000000180078050     KERNEL32:KERNEL32.dll
 0002:00000058       __imp_WritePrivateProfileStringA 0000000180078058     KERNEL32:KERNEL32.dll
 0002:00000060       __imp_GetPrivateProfileIntA 0000000180078060     KERNEL32:KERNEL32.dll
 0002:00000068       __imp_GetLocalTime         0000000180078068     KERNEL32:KERNEL32.dll
 0002:00000070       __imp_GetTickCount         0000000180078070     KERNEL32:KERNEL32.dll
 0002:00000078       __imp_LoadLibraryA         0000000180078078     KERNEL32:KERNEL32.dll
 0002:00000080       __imp_FreeLibrary          0000000180078080     KERNEL32:KERNEL32.dll
 0002:00000088       __imp_GetProcAddress       0000000180078088     KERNEL32:KERNEL32.dll
 0002:00000090       __imp_MoveFileExA          0000000180078090     KERNEL32:KERNEL32.dll
 0002:00000098       __imp_GetLastError         0000000180078098     KERNEL32:KERNEL32.dll
 0002:000000a0       __imp_GlobalMemoryStatus   00000001800780a0     KERNEL32:KERNEL32.dll
 0002:000000a8       __imp_GetFileAttributesA   00000001800780a8     KERNEL32:KERNEL32.dll
 0002:000000b0       __imp_GetFileSize          00000001800780b0     KERNEL32:KERNEL32.dll
 0002:000000b8       __imp_GetFileAttributesExA 00000001800780b8     KERNEL32:KERNEL32.dll
 0002:000000c0       __imp_LeaveCriticalSection 00000001800780c0     KERNEL32:KERNEL32.dll
 0002:000000c8       __imp_EnterCriticalSection 00000001800780c8     KERNEL32:KERNEL32.dll
 0002:000000d0       __imp_FormatMessageA       00000001800780d0     KERNEL32:KERNEL32.dll
 0002:000000d8       __imp_GetThreadLocale      00000001800780d8     KERNEL32:KERNEL32.dll
 0002:000000e0       __imp_CloseHandle          00000001800780e0     KERNEL32:KERNEL32.dll
 0002:000000e8       __imp_GetStdHandle         00000001800780e8     KERNEL32:KERNEL32.dll
 0002:000000f0       __imp_IsDebuggerPresent    00000001800780f0     KERNEL32:KERNEL32.dll
 0002:000000f8       __imp_GetModuleHandleA     00000001800780f8     KERNEL32:KERNEL32.dll
 0002:00000100       __imp_GetEnvironmentVariableA 0000000180078100     KERNEL32:KERNEL32.dll
 0002:00000108       __imp_SetFilePointer       0000000180078108     KERNEL32:KERNEL32.dll
 0002:00000110       __imp_CreateFileA          0000000180078110     KERNEL32:KERNEL32.dll
 0002:00000118       __imp_WriteFile            0000000180078118     KERNEL32:KERNEL32.dll
 0002:00000120       __imp_GetCurrentThreadId   0000000180078120     KERNEL32:KERNEL32.dll
 0002:00000128       __imp_GetTempPathA         0000000180078128     KERNEL32:KERNEL32.dll
 0002:00000130       __imp_GetTempFileNameA     0000000180078130     KERNEL32:KERNEL32.dll
 0002:00000138       __imp_GetFullPathNameA     0000000180078138     KERNEL32:KERNEL32.dll
 0002:00000140       __imp_GetSystemDefaultLangID 0000000180078140     KERNEL32:KERNEL32.dll
 0002:00000148       __imp_WideCharToMultiByte  0000000180078148     KERNEL32:KERNEL32.dll
 0002:00000150       __imp_GetFullPathNameW     0000000180078150     KERNEL32:KERNEL32.dll
 0002:00000158       __imp_MultiByteToWideChar  0000000180078158     KERNEL32:KERNEL32.dll
 0002:00000160       __imp_GetUserDefaultLangID 0000000180078160     KERNEL32:KERNEL32.dll
 0002:00000168       __imp_SetEndOfFile         0000000180078168     KERNEL32:KERNEL32.dll
 0002:00000170       __imp_ReadFile             0000000180078170     KERNEL32:KERNEL32.dll
 0002:00000178       __imp_GetFileType          0000000180078178     KERNEL32:KERNEL32.dll
 0002:00000180       __imp_DeleteCriticalSection 0000000180078180     KERNEL32:KERNEL32.dll
 0002:00000188       __imp_ExitThread           0000000180078188     KERNEL32:KERNEL32.dll
 0002:00000190       __imp_InitializeCriticalSection 0000000180078190     KERNEL32:KERNEL32.dll
 0002:00000198       __imp_WaitForSingleObject  0000000180078198     KERNEL32:KERNEL32.dll
 0002:000001a0       __imp_CreateEventA         00000001800781a0     KERNEL32:KERNEL32.dll
 0002:000001a8       __imp_SetEvent             00000001800781a8     KERNEL32:KERNEL32.dll
 0002:000001b0       __imp_TerminateThread      00000001800781b0     KERNEL32:KERNEL32.dll
 0002:000001b8       __imp_SetErrorMode         00000001800781b8     KERNEL32:KERNEL32.dll
 0002:000001c0       __imp_GetCommandLineA      00000001800781c0     KERNEL32:KERNEL32.dll
 0002:000001c8       __imp_GetACP               00000001800781c8     KERNEL32:KERNEL32.dll
 0002:000001d0       __imp_SetConsoleCtrlHandler 00000001800781d0     KERNEL32:KERNEL32.dll
 0002:000001d8       __imp_SetLastError         00000001800781d8     KERNEL32:KERNEL32.dll
 0002:000001e0       __imp_TlsSetValue          00000001800781e0     KERNEL32:KERNEL32.dll
 0002:000001e8       __imp_TlsGetValue          00000001800781e8     KERNEL32:KERNEL32.dll
 0002:000001f0       __imp_TlsFree              00000001800781f0     KERNEL32:KERNEL32.dll
 0002:000001f8       __imp_TlsAlloc             00000001800781f8     KERNEL32:KERNEL32.dll
 0002:00000200       __imp_LoadLibraryExA       0000000180078200     KERNEL32:KERNEL32.dll
 0002:00000208       __imp_FlushFileBuffers     0000000180078208     KERNEL32:KERNEL32.dll
 0002:00000210       __imp_GetVersionExA        0000000180078210     KERNEL32:KERNEL32.dll
 0002:00000218       __imp_SetThreadPriority    0000000180078218     KERNEL32:KERNEL32.dll
 0002:00000220       __imp_CreateProcessA       0000000180078220     KERNEL32:KERNEL32.dll
 0002:00000228       __imp_GetSystemTimeAsFileTime 0000000180078228     KERNEL32:KERNEL32.dll
 0002:00000230       __imp_GetCurrentProcess    0000000180078230     KERNEL32:KERNEL32.dll
 0002:00000238       __imp_IsProcessorFeaturePresent 0000000180078238     KERNEL32:KERNEL32.dll
 0002:00000240       __imp_EncodePointer        0000000180078240     KERNEL32:KERNEL32.dll
 0002:00000248       __imp_DecodePointer        0000000180078248     KERNEL32:KERNEL32.dll
 0002:00000250       __imp_ExitProcess          0000000180078250     KERNEL32:KERNEL32.dll
 0002:00000258       __imp_GetModuleHandleExW   0000000180078258     KERNEL32:KERNEL32.dll
 0002:00000260       __imp_AreFileApisANSI      0000000180078260     KERNEL32:KERNEL32.dll
 0002:00000268       __imp_HeapAlloc            0000000180078268     KERNEL32:KERNEL32.dll
 0002:00000270       __imp_HeapReAlloc          0000000180078270     KERNEL32:KERNEL32.dll
 0002:00000278       __imp_HeapFree             0000000180078278     KERNEL32:KERNEL32.dll
 0002:00000280       __imp_SetStdHandle         0000000180078280     KERNEL32:KERNEL32.dll
 0002:00000288       __imp_GetConsoleCP         0000000180078288     KERNEL32:KERNEL32.dll
 0002:00000290       __imp_GetConsoleMode       0000000180078290     KERNEL32:KERNEL32.dll
 0002:00000298       __imp_GetCurrentProcessId  0000000180078298     KERNEL32:KERNEL32.dll
 0002:000002a0       __imp_GetCurrentThread     00000001800782a0     KERNEL32:KERNEL32.dll
 0002:000002a8       __imp_GetProcessHeap       00000001800782a8     KERNEL32:KERNEL32.dll
 0002:000002b0       __imp_GetStartupInfoW      00000001800782b0     KERNEL32:KERNEL32.dll
 0002:000002b8       __imp_GetModuleFileNameA   00000001800782b8     KERNEL32:KERNEL32.dll
 0002:000002c0       __imp_QueryPerformanceCounter 00000001800782c0     KERNEL32:KERNEL32.dll
 0002:000002c8       __imp_GetEnvironmentStringsW 00000001800782c8     KERNEL32:KERNEL32.dll
 0002:000002d0       __imp_FreeEnvironmentStringsW 00000001800782d0     KERNEL32:KERNEL32.dll
 0002:000002d8       __imp_RtlCaptureContext    00000001800782d8     KERNEL32:KERNEL32.dll
 0002:000002e0       __imp_RtlLookupFunctionEntry 00000001800782e0     KERNEL32:KERNEL32.dll
 0002:000002e8       __imp_RtlVirtualUnwind     00000001800782e8     KERNEL32:KERNEL32.dll
 0002:000002f0       __imp_UnhandledExceptionFilter 00000001800782f0     KERNEL32:KERNEL32.dll
 0002:000002f8       __imp_SetUnhandledExceptionFilter 00000001800782f8     KERNEL32:KERNEL32.dll
 0002:00000300       __imp_InitializeCriticalSectionAndSpinCount 0000000180078300     KERNEL32:KERNEL32.dll
 0002:00000308       __imp_TerminateProcess     0000000180078308     KERNEL32:KERNEL32.dll
 0002:00000310       __imp_GetModuleHandleW     0000000180078310     KERNEL32:KERNEL32.dll
 0002:00000318       __imp_RtlUnwindEx          0000000180078318     KERNEL32:KERNEL32.dll
 0002:00000320       __imp_GetModuleFileNameW   0000000180078320     KERNEL32:KERNEL32.dll
 0002:00000328       __imp_LoadLibraryExW       0000000180078328     KERNEL32:KERNEL32.dll
 0002:00000330       __imp_IsValidCodePage      0000000180078330     KERNEL32:KERNEL32.dll
 0002:00000338       __imp_GetOEMCP             0000000180078338     KERNEL32:KERNEL32.dll
 0002:00000340       __imp_GetCPInfo            0000000180078340     KERNEL32:KERNEL32.dll
 0002:00000348       __imp_HeapSize             0000000180078348     KERNEL32:KERNEL32.dll
 0002:00000350       __imp_GetFileAttributesExW 0000000180078350     KERNEL32:KERNEL32.dll
 0002:00000358       __imp_SetFilePointerEx     0000000180078358     KERNEL32:KERNEL32.dll
 0002:00000360       __imp_WriteConsoleW        0000000180078360     KERNEL32:KERNEL32.dll
 0002:00000368       __imp_OutputDebugStringW   0000000180078368     KERNEL32:KERNEL32.dll
 0002:00000370       __imp_CompareStringW       0000000180078370     KERNEL32:KERNEL32.dll
 0002:00000378       __imp_LCMapStringW         0000000180078378     KERNEL32:KERNEL32.dll
 0002:00000380       __imp_GetStringTypeW       0000000180078380     KERNEL32:KERNEL32.dll
 0002:00000388       __imp_CreateFileW          0000000180078388     KERNEL32:KERNEL32.dll
 0002:00000390       __imp_SetEnvironmentVariableA 0000000180078390     KERNEL32:KERNEL32.dll
 0002:00000398       \177KERNEL32_NULL_THUNK_DATA 0000000180078398     KERNEL32:KERNEL32.dll
 0002:000003a0       __imp_SymInitialize        00000001800783a0     ImageHlp:imagehlp.dll
 0002:000003a8       __imp_SymCleanup           00000001800783a8     ImageHlp:imagehlp.dll
 0002:000003b0       __imp_StackWalk64          00000001800783b0     ImageHlp:imagehlp.dll
 0002:000003b8       \177imagehlp_NULL_THUNK_DATA 00000001800783b8     ImageHlp:imagehlp.dll
 0002:000003c0       __xc_a                     00000001800783c0     LIBCMT:crt0init.obj
 0002:000003c8       __for_init_proc            00000001800783c8     libifcoremt:for_init.obj
 0002:000003d8       __xc_z                     00000001800783d8     LIBCMT:crt0init.obj
 0002:000003e0       __xi_a                     00000001800783e0     LIBCMT:crt0init.obj
 0002:00000410       __xi_z                     0000000180078410     LIBCMT:crt0init.obj
 0002:00000418       __xp_a                     0000000180078418     LIBCMT:crt0init.obj
 0002:00000438       __xp_z                     0000000180078438     LIBCMT:crt0init.obj
 0002:00000440       __xt_a                     0000000180078440     LIBCMT:crt0init.obj
 0002:00000448       __xt_z                     0000000180078448     LIBCMT:crt0init.obj
 0002:00000608       ??_C@_0N@A@for_f90str?4c?$AA@ 0000000180078608     libifcoremt:for_f90str.obj
 0002:00000730       ??_C@_07A@unknown?$AA@     0000000180078730     libifcoremt:for_inquire.obj
 0002:00000738       ??_C@_07A@FORTRAN?$AA@     0000000180078738     libifcoremt:for_inquire.obj
 0002:00000740       ??_C@_04A@LIST?$AA@        0000000180078740     libifcoremt:for_inquire.obj
 0002:00000748       ??_C@_04A@NONE?$AA@        0000000180078748     libifcoremt:for_inquire.obj
 0002:00000750       ??_C@_09A@UNDEFINED?$AA@   0000000180078750     libifcoremt:for_inquire.obj
 0002:0000075c       ??_C@_07A@UNKNOWN?$AA@     000000018007875c     libifcoremt:for_inquire.obj
 0002:00000764       ??_C@_03A@YES?$AA@         0000000180078764     libifcoremt:for_inquire.obj
 0002:00000768       ??_C@_02A@NO?$AA@          0000000180078768     libifcoremt:for_inquire.obj
 0002:0000076c       ??_C@_0O@A@for_inquire?4c?$AA@ 000000018007876c     libifcoremt:for_inquire.obj
 0002:0000077c       ??_C@_0L@A@SEQUENTIAL?$AA@ 000000018007877c     libifcoremt:for_inquire.obj
 0002:00000788       ??_C@_08A@RELATIVE?$AA@    0000000180078788     libifcoremt:for_inquire.obj
 0002:00000794       ??_C@_07A@INDEXED?$AA@     0000000180078794     libifcoremt:for_inquire.obj
 0002:0000079c       ??_C@_05A@FIXED?$AA@       000000018007879c     libifcoremt:for_inquire.obj
 0002:000007a4       ??_C@_06A@STREAM?$AA@      00000001800787a4     libifcoremt:for_inquire.obj
 0002:000007ac       ??_C@_09A@STREAM_LF?$AA@   00000001800787ac     libifcoremt:for_inquire.obj
 0002:000007b8       ??_C@_09A@STREAM_CR?$AA@   00000001800787b8     libifcoremt:for_inquire.obj
 0002:000007c4       ??_C@_0M@A@STREAM_CRLF?$AA@ 00000001800787c4     libifcoremt:for_inquire.obj
 0002:000007d0       ??_C@_08A@VARIABLE?$AA@    00000001800787d0     libifcoremt:for_inquire.obj
 0002:000007dc       ??_C@_09A@SEGMENTED?$AA@   00000001800787dc     libifcoremt:for_inquire.obj
 0002:000007e8       ??_C@_04A@READ?$AA@        00000001800787e8     libifcoremt:for_inquire.obj
 0002:000007f0       ??_C@_05A@WRITE?$AA@       00000001800787f0     libifcoremt:for_inquire.obj
 0002:000007f8       ??_C@_09A@READWRITE?$AA@   00000001800787f8     libifcoremt:for_inquire.obj
 0002:00000804       ??_C@_0L@A@APOSTROPHE?$AA@ 0000000180078804     libifcoremt:for_inquire.obj
 0002:00000810       ??_C@_05A@QUOTE?$AA@       0000000180078810     libifcoremt:for_inquire.obj
 0002:00000818       ??_C@_06A@REWIND?$AA@      0000000180078818     libifcoremt:for_inquire.obj
 0002:00000820       ??_C@_04A@ASIS?$AA@        0000000180078820     libifcoremt:for_inquire.obj
 0002:00000828       ??_C@_06A@APPEND?$AA@      0000000180078828     libifcoremt:for_inquire.obj
 0002:00000830       ??_C@_06A@DIRECT?$AA@      0000000180078830     libifcoremt:for_inquire.obj
 0002:00000838       ??_C@_05A@KEYED?$AA@       0000000180078838     libifcoremt:for_inquire.obj
 0002:00000840       ??_C@_04A@NULL?$AA@        0000000180078840     libifcoremt:for_inquire.obj
 0002:00000848       ??_C@_04A@ZERO?$AA@        0000000180078848     libifcoremt:for_inquire.obj
 0002:00000850       ??_C@_09A@FORMATTED?$AA@   0000000180078850     libifcoremt:for_inquire.obj
 0002:0000085c       ??_C@_06A@BINARY?$AA@      000000018007885c     libifcoremt:for_inquire.obj
 0002:00000864       ??_C@_0M@A@UNFORMATTED?$AA@ 0000000180078864     libifcoremt:for_inquire.obj
 0002:00000870       ??_C@_02A@UP?$AA@          0000000180078870     libifcoremt:for_inquire.obj
 0002:00000874       ??_C@_04A@DOWN?$AA@        0000000180078874     libifcoremt:for_inquire.obj
 0002:0000087c       ??_C@_07A@NEAREST?$AA@     000000018007887c     libifcoremt:for_inquire.obj
 0002:00000884       ??_C@_0L@A@COMPATIBLE?$AA@ 0000000180078884     libifcoremt:for_inquire.obj
 0002:00000890       ??_C@_0BC@A@PROCESSOR_DEFINED?$AA@ 0000000180078890     libifcoremt:for_inquire.obj
 0002:000008a4       ??_C@_05A@POINT?$AA@       00000001800788a4     libifcoremt:for_inquire.obj
 0002:000008ac       ??_C@_05A@COMMA?$AA@       00000001800788ac     libifcoremt:for_inquire.obj
 0002:000008b4       ??_C@_04A@PLUS?$AA@        00000001800788b4     libifcoremt:for_inquire.obj
 0002:000008bc       ??_C@_08A@SUPPRESS?$AA@    00000001800788bc     libifcoremt:for_inquire.obj
 0002:000008c8       ??_C@_05A@UTF?98?$AA@      00000001800788c8     libifcoremt:for_inquire.obj
 0002:00000950       ??_C@_0P@A@for_wint_lis?4c?$AA@ 0000000180078950     libifcoremt:for_wint_lis.obj
 0002:00000960       ??_C@_0BN@A@Internal?5List?9Directed?5Write?$AA@ 0000000180078960     libifcoremt:for_wint_lis.obj
 0002:00000a20       ??_C@_0P@A@for_wint_fmt?4c?$AA@ 0000000180078a20     libifcoremt:for_wint_fmt.obj
 0002:00000a30       ??_C@_0CD@A@Internal?5Formatted?5Write?5or?5ENCODE?$AA@ 0000000180078a30     libifcoremt:for_wint_fmt.obj
 0002:00000a54       ??_C@_06A@ENCODE?$AA@      0000000180078a54     libifcoremt:for_wint_fmt.obj
 0002:00000a5c       ??_C@_0BJ@A@Internal?5Formatted?5Write?$AA@ 0000000180078a5c     libifcoremt:for_wint_fmt.obj
 0002:00000a78       ??_C@_08A@Infinity?$AA@    0000000180078a78     libifcoremt:for_wint_fmt.obj
 0002:00000ae0       ??_C@_0CB@A@operation?5completed?5successfully?$AA@ 0000000180078ae0     libifcoremt:for_diags_intel.obj
 0002:00000b04       ??_C@_0BN@A@not?5a?5FORTRAN?5specific?5error?$AA@ 0000000180078b04     libifcoremt:for_diags_intel.obj
 0002:00000b24       ??_C@_0BA@A@not?5implemented?$AA@ 0000000180078b24     libifcoremt:for_diags_intel.obj
 0002:00000b34       ??_C@_0BO@A@ignored?5requested?5disposition?$AA@ 0000000180078b34     libifcoremt:for_diags_intel.obj
 0002:00000b54       ??_C@_0DA@A@ignored?5requested?5disposition?0?5file?5not?5deleted?$AA@ 0000000180078b54     libifcoremt:for_diags_intel.obj
 0002:00000ba0       ??_C@_0ED@A@requested?5disposition?5modified?0?5file?5not?5deleted?0?5unit?5?$CFd?0?5file?5?$CFs?$AA@ 0000000180078ba0     libifcoremt:for_diags_intel.obj
 0002:00000c00       ??_C@_0DM@A@?$EA?$CI?$CD?$CJIntel?5Fortran?5RTL?5Message?5Catalog?7V19?40?9001?5May?511?52018?$AA@ 0000000180078c00     libifcoremt:for_diags_intel.obj
 0002:00000c3c       ??_C@_0DF@A@internal?5consistency?5check?5failure?0?5file?5?$CFs?0?5line?5?$CFd?$AA@ 0000000180078c3c     libifcoremt:for_diags_intel.obj
 0002:00000c74       ??_C@_0DD@A@permission?5to?5access?5file?5denied?0?5unit?5?$CFd?0?5file?5?$CFs?$AA@ 0000000180078c74     libifcoremt:for_diags_intel.obj
 0002:00000ca8       ??_C@_0DB@A@cannot?5overwrite?5existing?5file?0?5unit?5?$CFd?0?5file?5?$CFs?$AA@ 0000000180078ca8     libifcoremt:for_diags_intel.obj
 0002:00000cdc       ??_C@_0BD@A@unit?5not?5connected?$AA@ 0000000180078cdc     libifcoremt:for_diags_intel.obj
 0002:00000cf0       ??_C@_0DD@A@SOURCE?5length?5?$CFd?5does?5not?5equal?5variable?5length?5?$CFd?$AA@ 0000000180078cf0     libifcoremt:for_diags_intel.obj
 0002:00000d24       ??_C@_0DB@A@syntax?5error?5in?5NAMELIST?5input?0?5unit?5?$CFd?0?5file?5?$CFs?$AA@ 0000000180078d24     libifcoremt:for_diags_intel.obj
 0002:00000d58       ??_C@_0DI@A@too?5many?5values?5for?5NAMELIST?5variable?0?5unit?5?$CFd?0?5file?5?$CFs?$AA@ 0000000180078d58     libifcoremt:for_diags_intel.obj
 0002:00000da0       ??_C@_0EC@A@invalid?5reference?5to?5variable?5in?5NAMELIST?5input?0?5unit?5?$CFd?0?5file?5?$CFs?$AA@ 0000000180078da0     libifcoremt:for_diags_intel.obj
 0002:00000e00       ??_C@_0BP@A@REWIND?5error?0?5unit?5?$CFd?0?5file?5?$CFs?$AA@ 0000000180078e00     libifcoremt:for_diags_intel.obj
 0002:00000e20       ??_C@_0DA@A@duplicate?5file?5specifications?0?5unit?5?$CFd?0?5file?5?$CFs?$AA@ 0000000180078e20     libifcoremt:for_diags_intel.obj
 0002:00000e50       ??_C@_0CI@A@input?5record?5too?5long?0?5unit?5?$CFd?0?5file?5?$CFs?$AA@ 0000000180078e50     libifcoremt:for_diags_intel.obj
 0002:00000e78       ??_C@_0CC@A@BACKSPACE?5error?0?5unit?5?$CFd?0?5file?5?$CFs?$AA@ 0000000180078e78     libifcoremt:for_diags_intel.obj
 0002:00000e9c       ??_C@_0CK@A@end?9of?9file?5during?5read?0?5unit?5?$CFd?0?5file?5?$CFs?$AA@ 0000000180078e9c     libifcoremt:for_diags_intel.obj
 0002:00000ec8       ??_C@_0CO@A@record?5number?5outside?5range?0?5unit?5?$CFd?0?5file?5?$CFs?$AA@ 0000000180078ec8     libifcoremt:for_diags_intel.obj
 0002:00000ef8       ??_C@_0BN@A@OPEN?5or?5DEFINE?5FILE?5required?$AA@ 0000000180078ef8     libifcoremt:for_diags_intel.obj
 0002:00000f18       ??_C@_0DE@A@too?5many?5records?5in?5I?1O?5statement?0?5unit?5?$CFd?0?5file?5?$CFs?$AA@ 0000000180078f18     libifcoremt:for_diags_intel.obj
 0002:00000f4c       ??_C@_0BO@A@CLOSE?5error?0?5unit?5?$CFd?0?5file?5?$CFs?$AA@ 0000000180078f4c     libifcoremt:for_diags_intel.obj
 0002:00000f6c       ??_C@_0CB@A@file?5not?5found?0?5unit?5?$CFd?0?5file?5?$CFs?$AA@ 0000000180078f6c     libifcoremt:for_diags_intel.obj
 0002:00000f90       ??_C@_0BP@A@open?5failure?0?5unit?5?$CFd?0?5file?5?$CFs?$AA@ 0000000180078f90     libifcoremt:for_diags_intel.obj
 0002:00000fb0       ??_C@_0CK@A@mixed?5file?5access?5modes?0?5unit?5?$CFd?0?5file?5?$CFs?$AA@ 0000000180078fb0     libifcoremt:for_diags_intel.obj
 0002:00000fdc       ??_C@_0CO@A@invalid?5logical?5unit?5number?0?5unit?5?$CFd?0?5file?5?$CFs?$AA@ 0000000180078fdc     libifcoremt:for_diags_intel.obj
 0002:0000100c       ??_C@_0CA@A@ENDFILE?5error?0?5unit?5?$CFd?0?5file?5?$CFs?$AA@ 000000018007900c     libifcoremt:for_diags_intel.obj
 0002:0000102c       ??_C@_0CE@A@unit?5already?5open?0?5unit?5?$CFd?0?5file?5?$CFs?$AA@ 000000018007902c     libifcoremt:for_diags_intel.obj
 0002:00001050       ??_C@_0DA@A@segmented?5record?5format?5error?0?5unit?5?$CFd?0?5file?5?$CFs?$AA@ 0000000180079050     libifcoremt:for_diags_intel.obj
 0002:00001080       ??_C@_0DI@A@attempt?5to?5access?5non?9existent?5record?0?5unit?5?$CFd?0?5file?5?$CFs?$AA@ 0000000180079080     libifcoremt:for_diags_intel.obj
 0002:000010b8       ??_C@_0CN@A@inconsistent?5record?5length?0?5unit?5?$CFd?0?5file?5?$CFs?$AA@ 00000001800790b8     libifcoremt:for_diags_intel.obj
 0002:000010e8       ??_C@_0CF@A@error?5during?5write?0?5unit?5?$CFd?0?5file?5?$CFs?$AA@ 00000001800790e8     libifcoremt:for_diags_intel.obj
 0002:00001110       ??_C@_0CE@A@error?5during?5read?0?5unit?5?$CFd?0?5file?5?$CFs?$AA@ 0000000180079110     libifcoremt:for_diags_intel.obj
 0002:00001134       ??_C@_0CK@A@recursive?5I?1O?5operation?0?5unit?5?$CFd?0?5file?5?$CFs?$AA@ 0000000180079134     libifcoremt:for_diags_intel.obj
 0002:00001160       ??_C@_0BM@A@insufficient?5virtual?5memory?$AA@ 0000000180079160     libifcoremt:for_diags_intel.obj
 0002:0000117c       ??_C@_0CB@A@no?5such?5device?0?5unit?5?$CFd?0?5file?5?$CFs?$AA@ 000000018007917c     libifcoremt:for_diags_intel.obj
 0002:000011a0       ??_C@_0DA@A@file?5name?5specification?5error?0?5unit?5?$CFd?0?5file?5?$CFs?$AA@ 00000001800791a0     libifcoremt:for_diags_intel.obj
 0002:000011d0       ??_C@_0CL@A@inconsistent?5record?5type?0?5unit?5?$CFd?0?5file?5?$CFs?$AA@ 00000001800791d0     libifcoremt:for_diags_intel.obj
 0002:000011fc       ??_C@_0DI@A@keyword?5value?5error?5in?5OPEN?5statement?0?5unit?5?$CFd?0?5file?5?$CFs?$AA@ 00000001800791fc     libifcoremt:for_diags_intel.obj
 0002:00001234       ??_C@_0DF@A@inconsistent?5OPEN?1CLOSE?5parameters?0?5unit?5?$CFd?0?5file?5?$CFs?$AA@ 0000000180079234     libifcoremt:for_diags_intel.obj
 0002:0000126c       ??_C@_0CJ@A@write?5to?5READONLY?5file?0?5unit?5?$CFd?0?5file?5?$CFs?$AA@ 000000018007926c     libifcoremt:for_diags_intel.obj
 0002:00001298       ??_C@_0CN@A@invalid?5argument?5to?5FORTRAN?5Run?9Time?5Library?$AA@ 0000000180079298     libifcoremt:for_diags_intel.obj
 0002:000012c8       ??_C@_0CM@A@invalid?5key?5specification?0?5unit?5?$CFd?0?5file?5?$CFs?$AA@ 00000001800792c8     libifcoremt:for_diags_intel.obj
 0002:000012f4       ??_C@_0DL@A@inconsistent?5key?5change?5or?5duplicate?5key?0?5unit?5?$CFd?0?5file?5?$CFs?$AA@ 00000001800792f4     libifcoremt:for_diags_intel.obj
 0002:00001330       ??_C@_0DB@A@inconsistent?5file?5organization?0?5unit?5?$CFd?0?5file?5?$CFs?$AA@ 0000000180079330     libifcoremt:for_diags_intel.obj
 0002:00001364       ??_C@_0CK@A@specified?5record?5locked?0?5unit?5?$CFd?0?5file?5?$CFs?$AA@ 0000000180079364     libifcoremt:for_diags_intel.obj
 0002:00001390       ??_C@_0CE@A@no?5current?5record?0?5unit?5?$CFd?0?5file?5?$CFs?$AA@ 0000000180079390     libifcoremt:for_diags_intel.obj
 0002:000013b4       ??_C@_0CA@A@REWRITE?5error?0?5unit?5?$CFd?0?5file?5?$CFs?$AA@ 00000001800793b4     libifcoremt:for_diags_intel.obj
 0002:000013d4       ??_C@_0BP@A@DELETE?5error?0?5unit?5?$CFd?0?5file?5?$CFs?$AA@ 00000001800793d4     libifcoremt:for_diags_intel.obj
 0002:000013f4       ??_C@_0BP@A@UNLOCK?5error?0?5unit?5?$CFd?0?5file?5?$CFs?$AA@ 00000001800793f4     libifcoremt:for_diags_intel.obj
 0002:00001414       ??_C@_0BN@A@FIND?5error?0?5unit?5?$CFd?0?5file?5?$CFs?$AA@ 0000000180079414     libifcoremt:for_diags_intel.obj
 0002:00001434       ??_C@_0CE@A@format?5syntax?5error?5at?5or?5near?5?$CF?4?$CKs?$AA@ 0000000180079434     libifcoremt:for_diags_intel.obj
 0002:00001458       ??_C@_0DB@A@list?9directed?5I?1O?5syntax?5error?0?5unit?5?$CFd?0?5file?5?$CFs?$AA@ 0000000180079458     libifcoremt:for_diags_intel.obj
 0002:0000148c       ??_C@_0CH@A@infinite?5format?5loop?0?5unit?5?$CFd?0?5file?5?$CFs?$AA@ 000000018007948c     libifcoremt:for_diags_intel.obj
 0002:000014b4       ??_C@_0DA@A@format?1variable?9type?5mismatch?0?5unit?5?$CFd?0?5file?5?$CFs?$AA@ 00000001800794b4     libifcoremt:for_diags_intel.obj
 0002:000014e4       ??_C@_0CJ@A@syntax?5error?5in?5format?0?5unit?5?$CFd?0?5file?5?$CFs?$AA@ 00000001800794e4     libifcoremt:for_diags_intel.obj
 0002:00001510       ??_C@_0CK@A@output?5conversion?5error?0?5unit?5?$CFd?0?5file?5?$CFs?$AA@ 0000000180079510     libifcoremt:for_diags_intel.obj
 0002:0000153c       ??_C@_0CJ@A@input?5conversion?5error?0?5unit?5?$CFd?0?5file?5?$CFs?$AA@ 000000018007953c     libifcoremt:for_diags_intel.obj
 0002:00001568       ??_C@_0BB@A@floating?5invalid?$AA@ 0000000180079568     libifcoremt:for_diags_intel.obj
 0002:0000157c       ??_C@_0DE@A@output?5statement?5overflows?5record?0?5unit?5?$CFd?0?5file?5?$CFs?$AA@ 000000018007957c     libifcoremt:for_diags_intel.obj
 0002:000015b0       ??_C@_0DJ@A@input?5statement?5requires?5too?5much?5data?0?5unit?5?$CFd?0?5file?5?$CFs?$AA@ 00000001800795b0     libifcoremt:for_diags_intel.obj
 0002:000015ec       ??_C@_0DJ@A@variable?5format?5expression?5value?5error?0?5unit?5?$CFd?0?5file?5?$CFs?$AA@ 00000001800795ec     libifcoremt:for_diags_intel.obj
 0002:00001628       ??_C@_0BN@A@process?5interrupted?5?$CISIGINT?$CJ?$AA@ 0000000180079628     libifcoremt:for_diags_intel.obj
 0002:00001648       ??_C@_0BB@A@integer?5overflow?$AA@ 0000000180079648     libifcoremt:for_diags_intel.obj
 0002:0000165c       ??_C@_0BH@A@integer?5divide?5by?5zero?$AA@ 000000018007965c     libifcoremt:for_diags_intel.obj
 0002:00001674       ??_C@_0BC@A@floating?5overflow?$AA@ 0000000180079674     libifcoremt:for_diags_intel.obj
 0002:00001688       ??_C@_0BI@A@floating?5divide?5by?5zero?$AA@ 0000000180079688     libifcoremt:for_diags_intel.obj
 0002:000016a0       ??_C@_0BD@A@floating?5underflow?$AA@ 00000001800796a0     libifcoremt:for_diags_intel.obj
 0002:000016b4       ??_C@_0BJ@A@floating?5point?5exception?$AA@ 00000001800796b4     libifcoremt:for_diags_intel.obj
 0002:000016d0       ??_C@_0BC@A@Abort?5trap?5signal?$AA@ 00000001800796d0     libifcoremt:for_diags_intel.obj
 0002:000016e4       ??_C@_0BH@A@subscript?5out?5of?5range?$AA@ 00000001800796e4     libifcoremt:for_diags_intel.obj
 0002:000016fc       ??_C@_0BJ@A@process?5killed?5?$CISIGTERM?$CJ?$AA@ 00000001800796fc     libifcoremt:for_diags_intel.obj
 0002:00001718       ??_C@_0BH@A@process?5quit?5?$CISIGQUIT?$CJ?$AA@ 0000000180079718     libifcoremt:for_diags_intel.obj
 0002:00001730       ??_C@_0BK@A@wrong?5number?5of?5arguments?$AA@ 0000000180079730     libifcoremt:for_diags_intel.obj
 0002:0000174c       ??_C@_0CB@A@invalid?5argument?5to?5math?5library?$AA@ 000000018007974c     libifcoremt:for_diags_intel.obj
 0002:00001770       ??_C@_0BJ@A@undefined?5exponentiation?$AA@ 0000000180079770     libifcoremt:for_diags_intel.obj
 0002:0000178c       ??_C@_0CE@A@logarithm?5of?5zero?5or?5negative?5value?$AA@ 000000018007978c     libifcoremt:for_diags_intel.obj
 0002:000017b0       ??_C@_0BO@A@square?5root?5of?5negative?5value?$AA@ 00000001800797b0     libifcoremt:for_diags_intel.obj
 0002:000017d0       ??_C@_0CC@A@significance?5lost?5in?5math?5library?$AA@ 00000001800797d0     libifcoremt:for_diags_intel.obj
 0002:000017f4       ??_C@_0CC@A@floating?5overflow?5in?5math?5library?$AA@ 00000001800797f4     libifcoremt:for_diags_intel.obj
 0002:00001818       ??_C@_0CD@A@floating?5underflow?5in?5math?5library?$AA@ 0000000180079818     libifcoremt:for_diags_intel.obj
 0002:00001840       ??_C@_0FC@A@INQUIRE?5of?5internal?5unit?9number?5is?5always?5an?5error?5?$CINOTE?3?5unit?5identifies?5a?5file?$CJ?$AA@ 0000000180079840     libifcoremt:for_diags_intel.obj
 0002:000018a0       ??_C@_0FJ@A@INQUIRE?5of?5internal?5unit?9number?5is?5always?5an?5error?5?$CINOTE?3?5unit?5does?5not?5identify?5a?5file?$CJ?$AA@ 00000001800798a0     libifcoremt:for_diags_intel.obj
 0002:00001900       ??_C@_0CB@A@adjustable?5array?5dimension?5error?$AA@ 0000000180079900     libifcoremt:for_diags_intel.obj
 0002:00001940       ??_C@_0EA@A@invalid?5key?5match?5specifier?5for?5key?5direction?0?5unit?5?$CFd?0?5file?5?$CFs?$AA@ 0000000180079940     libifcoremt:for_diags_intel.obj
[...]
 0004:00001890       $pdata$_access             00000001800b2890     LIBCMT:access.obj
 0004:0000189c       $pdata$_access_s           00000001800b289c     LIBCMT:access.obj
 0004:000018a8       $pdata$__doserrno          00000001800b28a8     LIBCMT:dosmap.obj
 0004:000018b4       $pdata$_dosmaperr          00000001800b28b4     LIBCMT:dosmap.obj
 0004:000018c0       $pdata$_errno              00000001800b28c0     LIBCMT:dosmap.obj
 0004:000018cc       $pdata$_write              00000001800b28cc     LIBCMT:write.obj
 0004:000018d8       $pdata$_write_nolock       00000001800b28d8     LIBCMT:write.obj
 0004:000018e4       $pdata$__onexitinit        00000001800b28e4     LIBCMT:onexit.obj
 0004:000018f0       $pdata$_onexit             00000001800b28f0     LIBCMT:onexit.obj
 0004:000018fc       $pdata$atexit              00000001800b28fc     LIBCMT:onexit.obj
 0004:00001908       $pdata$strstr              00000001800b2908     LIBCMT:strstr.obj
 0004:00001914       $pdata$??0_LocaleUpdate@@QEAA@PEAUlocaleinfo_struct@@@Z 00000001800b2914     LIBCMT:toupper.obj
 0004:00001920       $pdata$_toupper_l          00000001800b2920     LIBCMT:toupper.obj
 0004:0000192c       $pdata$isdigit             00000001800b292c     LIBCMT:_ctype.obj
 0004:00001938       $pdata$isspace             00000001800b2938     LIBCMT:_ctype.obj
 0004:00001944       $pdata$_controlfp_s        00000001800b2944     LIBCMT:contrlfp.obj
 0004:00001950       $pdata$ctrlevent_capture   00000001800b2950     LIBCMT:winsig.obj
 0004:0000195c       $pdata$raise               00000001800b295c     LIBCMT:winsig.obj
 0004:00001968       $pdata$signal              00000001800b2968     LIBCMT:winsig.obj
 0004:00001974       $pdata$_getenv_helper_nolock 00000001800b2974     LIBCMT:getenv.obj
 0004:00001980       $pdata$getenv              00000001800b2980     LIBCMT:getenv.obj
 0004:0000198c       $pdata$_clearfp            00000001800b298c     LIBCMT:ieee.obj
 0004:00001998       $pdata$_control87          00000001800b2998     LIBCMT:ieee.obj
 0004:000019a4       $pdata$__inittime          00000001800b29a4     LIBCMT:clock.obj
 0004:000019b0       $pdata$fputs               00000001800b29b0     LIBCMT:fputs.obj
 0004:000019bc       $pdata$__isa_available_init 00000001800b29bc     LIBCMT:cpu_disp.obj
 0004:000019c8       $pdata$_cfltcvt            00000001800b29c8     LIBCMT:cvt.obj
 0004:000019d4       $pdata$_cfltcvt_l          00000001800b29d4     LIBCMT:cvt.obj
 0004:000019e0       $pdata$_cftoa_l            00000001800b29e0     LIBCMT:cvt.obj
 0004:000019ec       $pdata$_cftoe2_l           00000001800b29ec     LIBCMT:cvt.obj
 0004:000019f8       $pdata$_cftoe_l            00000001800b29f8     LIBCMT:cvt.obj
 0004:00001a04       $pdata$_cftof2_l           00000001800b2a04     LIBCMT:cvt.obj
 0004:00001a10       $pdata$_cftof_l            00000001800b2a10     LIBCMT:cvt.obj
 0004:00001a1c       $pdata$_cftog_l            00000001800b2a1c     LIBCMT:cvt.obj
 0004:00001a28       $pdata$_cropzeros_l        00000001800b2a28     LIBCMT:cvt.obj
 0004:00001a34       $pdata$_fassign_l          00000001800b2a34     LIBCMT:cvt.obj
 0004:00001a40       $pdata$_forcdecpt_l        00000001800b2a40     LIBCMT:cvt.obj
 0004:00001a4c       $pdata$_initp_misc_cfltcvt_tab 00000001800b2a4c     LIBCMT:cmiscdat.obj
 0004:00001a58       $pdata$_XcptFilter         00000001800b2a58     LIBCMT:winxfltr.obj
 0004:00001a64       $pdata$_freefls            00000001800b2a64     LIBCMT:tidtable.obj
 0004:00001a70       $pdata$_freeptd            00000001800b2a70     LIBCMT:tidtable.obj
 0004:00001a7c       $pdata$_getptd             00000001800b2a7c     LIBCMT:tidtable.obj
 0004:00001a88       $pdata$_getptd_noexit      00000001800b2a88     LIBCMT:tidtable.obj
 0004:00001a94       $pdata$_initptd            00000001800b2a94     LIBCMT:tidtable.obj
 0004:00001aa0       $pdata$_mtinit             00000001800b2aa0     LIBCMT:tidtable.obj
 0004:00001aac       $pdata$_mtterm             00000001800b2aac     LIBCMT:tidtable.obj
 0004:00001ab8       $pdata$_heap_init          00000001800b2ab8     LIBCMT:heapinit.obj
 0004:00001ac4       $pdata$_ioinit             00000001800b2ac4     LIBCMT:ioinit.obj
 0004:00001ad0       $pdata$_ioterm             00000001800b2ad0     LIBCMT:ioinit.obj
 0004:00001adc       $pdata$_setargv            00000001800b2adc     LIBCMT:stdargv.obj
 0004:00001ae8       $pdata$parse_cmdline       00000001800b2ae8     LIBCMT:stdargv.obj
 0004:00001af4       $pdata$_setenvp            00000001800b2af4     LIBCMT:stdenvp.obj
 0004:00001b00       $pdata$__security_init_cookie 00000001800b2b00     LIBCMT:gs_support.obj
 0004:00001b0c       $pdata$__crtGetEnvironmentStringsA 00000001800b2b0c     LIBCMT:a_env.obj
 0004:00001b18       $pdata$__crtCaptureCurrentContext 00000001800b2b18     LIBCMT:winapisupp.obj
 0004:00001b24       $pdata$__crtCapturePreviousContext 00000001800b2b24     LIBCMT:winapisupp.obj
 0004:00001b30       $pdata$__crtInitializeCriticalSectionEx 00000001800b2b30     LIBCMT:winapisupp.obj
 0004:00001b3c       $pdata$__crtIsPackagedApp  00000001800b2b3c     LIBCMT:winapisupp.obj
 0004:00001b48       $pdata$__crtLoadWinApiPointers 00000001800b2b48     LIBCMT:winapisupp.obj
 0004:00001b54       $pdata$__crtTerminateProcess 00000001800b2b54     LIBCMT:winapisupp.obj
 0004:00001b60       $pdata$__crtUnhandledException 00000001800b2b60     LIBCMT:winapisupp.obj
 0004:00001b6c       $pdata$_calloc_crt         00000001800b2b6c     LIBCMT:crtheap.obj
 0004:00001b78       $pdata$_malloc_crt         00000001800b2b78     LIBCMT:crtheap.obj
 0004:00001b84       $pdata$_realloc_crt        00000001800b2b84     LIBCMT:crtheap.obj
 0004:00001b90       $pdata$_recalloc_crt       00000001800b2b90     LIBCMT:crtheap.obj
 0004:00001b9c       $pdata$_RTC_Initialize     00000001800b2b9c     LIBCMT:initsect.obj
 0004:00001ba8       $pdata$_RTC_Terminate      00000001800b2ba8     LIBCMT:initsect.obj
 0004:00001bb4       $pdata$__C_specific_handler 00000001800b2bb4     LIBCMT:chandler.obj
 0004:00001bc0       $pdata$__raise_securityfailure 00000001800b2bc0     LIBCMT:gs_report.obj
 0004:00001bcc       $pdata$__report_gsfailure  00000001800b2bcc     LIBCMT:gs_report.obj
 0004:00001bd8       $pdata$__report_rangecheckfailure 00000001800b2bd8     LIBCMT:gs_report.obj
 0004:00001be4       $pdata$__report_securityfailure 00000001800b2be4     LIBCMT:gs_report.obj
 0004:00001bf0       $pdata$_call_reportfault   00000001800b2bf0     LIBCMT:invarg.obj
 0004:00001bfc       $pdata$_invalid_parameter  00000001800b2bfc     LIBCMT:invarg.obj
 0004:00001c08       $pdata$_invalid_parameter_noinfo 00000001800b2c08     LIBCMT:invarg.obj
 0004:00001c14       $pdata$_invoke_watson      00000001800b2c14     LIBCMT:invarg.obj
 0004:00001c20       $pdata$_lock               00000001800b2c20     LIBCMT:mlock.obj
 0004:00001c2c       $pdata$_mtdeletelocks      00000001800b2c2c     LIBCMT:mlock.obj
 0004:00001c38       $pdata$_mtinitlocknum      00000001800b2c38     LIBCMT:mlock.obj
 0004:00001c44       $pdata$_mtinitlocks        00000001800b2c44     LIBCMT:mlock.obj
 0004:00001c50       $pdata$_FF_MSGBANNER       00000001800b2c50     LIBCMT:crt0msg.obj
 0004:00001c5c       $pdata$_NMSG_WRITE         00000001800b2c5c     LIBCMT:crt0msg.obj
 0004:00001c68       $pdata$_IsNonwritableInCurrentImage 00000001800b2c68     LIBCMT:pesect.obj
 0004:00001c74       $pdata$?terminate@@YAXXZ   00000001800b2c74     LIBCMT:hooks.obj
 0004:00001c80       $pdata$_initp_eh_hooks     00000001800b2c80     LIBCMT:hooks.obj
 0004:00001c8c       $pdata$_callnewh           00000001800b2c8c     LIBCMT:handler.obj
 0004:00001c98       $pdata$__initmbctable      00000001800b2c98     LIBCMT:mbctype.obj
 0004:00001ca4       $pdata$?getSystemCP@@YAHH@Z 00000001800b2ca4     LIBCMT:mbctype.obj
 0004:00001cb0       $pdata$?setSBCS@@YAXPEAUthreadmbcinfostruct@@@Z 00000001800b2cb0     LIBCMT:mbctype.obj
 0004:00001cbc       $pdata$?setSBUpLow@@YAXPEAUthreadmbcinfostruct@@@Z 00000001800b2cbc     LIBCMT:mbctype.obj
 0004:00001cc8       $pdata$__updatetmbcinfo    00000001800b2cc8     LIBCMT:mbctype.obj
 0004:00001cd4       $pdata$_setmbcp            00000001800b2cd4     LIBCMT:mbctype.obj
 0004:00001ce0       $pdata$_setmbcp_nolock     00000001800b2ce0     LIBCMT:mbctype.obj
 0004:00001cec       $pdata$_ftbuf              00000001800b2cec     LIBCMT:_sftbuf.obj
 0004:00001cf8       $pdata$_stbuf              00000001800b2cf8     LIBCMT:_sftbuf.obj
 0004:00001d04       $pdata$strcpy_s            00000001800b2d04     LIBCMT:strcpy_s.obj
 0004:00001d10       $pdata$strncpy_s           00000001800b2d10     LIBCMT:strncpy_s.obj
 0004:00001d28       $pdata$_msize              00000001800b2d28     LIBCMT:msize.obj
 0004:00001d34       $pdata$?strtoxl@@YAKPEAUlocaleinfo_struct@@PEBDPEAPEBDHH@Z 00000001800b2d34     LIBCMT:strtol.obj
 0004:00001d40       $pdata$strtol              00000001800b2d40     LIBCMT:strtol.obj
 0004:00001d4c       $pdata$_waccess_s          00000001800b2d4c     LIBCMT:waccess.obj
 0004:00001d58       $pdata$_isleadbyte_l       00000001800b2d58     LIBCMT:_wctype.obj
 0004:00001d64       $pdata$isleadbyte          00000001800b2d64     LIBCMT:_wctype.obj
 0004:00001d70       $pdata$_isatty             00000001800b2d70     LIBCMT:isatty.obj
 0004:00001d7c       $pdata$_lseeki64           00000001800b2d7c     LIBCMT:lseeki64.obj
 0004:00001d88       $pdata$_lseeki64_nolock    00000001800b2d88     LIBCMT:lseeki64.obj
 0004:00001d94       $pdata$_mbtowc_l           00000001800b2d94     LIBCMT:mbtowc.obj
 0004:00001da0       $pdata$_putwch_nolock      00000001800b2da0     LIBCMT:putwch.obj
 0004:00001dac       $pdata$__freetlocinfo      00000001800b2dac     LIBCMT:localref.obj
 0004:00001db8       $pdata$__updatetlocinfo    00000001800b2db8     LIBCMT:localref.obj
 0004:00001dc4       $pdata$_updatetlocinfoEx_nolock 00000001800b2dc4     LIBCMT:localref.obj
 0004:00001dd0       $pdata$_isctype_l          00000001800b2dd0     LIBCMT:isctype.obj
 0004:00001ddc       $pdata$?__crtLCMapStringA_stat@@YAHPEAUlocaleinfo_struct@@PEB_WKPEBDHPEADHHH@Z 00000001800b2ddc     LIBCMT:a_map.obj
 0004:00001de8       $pdata$__crtLCMapStringA   00000001800b2de8     LIBCMT:a_map.obj
 0004:00001df4       $pdata$_locterm            00000001800b2df4     LIBCMT:wsetloca.obj
 0004:00001e0c       $pdata$__wtomb_environ     00000001800b2e0c     LIBCMT:wtombenv.obj
 0004:00001e18       $pdata$_mbsnbicoll_l       00000001800b2e18     LIBCMT:mbsnbico.obj
 0004:00001e30       $pdata$__initstdio         00000001800b2e30     LIBCMT:_file.obj
 0004:00001e3c       $pdata$__endstdio          00000001800b2e3c     LIBCMT:_file.obj
 0004:00001e48       $pdata$_lock_file          00000001800b2e48     LIBCMT:_file.obj
 0004:00001e54       $pdata$_lock_file2         00000001800b2e54     LIBCMT:_file.obj
 0004:00001e60       $pdata$_fwrite_nolock      00000001800b2e60     LIBCMT:fwrite.obj
 0004:00001e6c       $pdata$_tolower_l          00000001800b2e6c     LIBCMT:tolower.obj
 0004:00001e78       $pdata$strrchr             00000001800b2e78     LIBCMT:strrchr.obj
 0004:00001e84       $pdata$_fptostr            00000001800b2e84     LIBCMT:_fptostr.obj
 0004:00001e90       $pdata$__crt_atoflt_l      00000001800b2e90     LIBCMT:atodbl.obj
 0004:00001e9c       $pdata$_atodbl_l           00000001800b2e9c     LIBCMT:atodbl.obj
 0004:00001ea8       $pdata$__dtold             00000001800b2ea8     LIBCMT:cfout.obj
 0004:00001eb4       $pdata$_fltout2            00000001800b2eb4     LIBCMT:cfout.obj
 0004:00001ef0       $pdata$?x_ismbbtype_l@@YAHPEAUlocaleinfo_struct@@IHH@Z 00000001800b2ef0     LIBCMT:ismbbyte.obj
 0004:00001efc       $pdata$_recalloc           00000001800b2efc     LIBCMT:recalloc.obj
 0004:00001f08       $pdata$_calloc_impl        00000001800b2f08     LIBCMT:calloc_impl.obj
 0004:00001f14       $pdata$wcscat_s            00000001800b2f14     LIBCMT:wcscat_s.obj
 0004:00001f20       $pdata$wcscpy_s            00000001800b2f20     LIBCMT:wcscpy_s.obj
 0004:00001f2c       $pdata$wcsncpy_s           00000001800b2f2c     LIBCMT:wcsncpy_s.obj
 0004:00001f38       $pdata$_set_error_mode     00000001800b2f38     LIBCMT:errmode.obj
 0004:00001f44       $pdata$__crtMessageBoxW    00000001800b2f44     LIBCMT:crtmboxw.obj
 0004:00001f50       $pdata$GetTableIndexFromLocaleName 00000001800b2f50     LIBCMT:winapinls.obj
 0004:00001f5c       $pdata$__crtCompareStringEx 00000001800b2f5c     LIBCMT:winapinls.obj
 0004:00001f68       $pdata$__crtDownlevelLocaleNameToLCID 00000001800b2f68     LIBCMT:winapinls.obj
 0004:00001f74       $pdata$__crtLCMapStringEx  00000001800b2f74     LIBCMT:winapinls.obj
 0004:00001f80       $pdata$?__crtGetStringTypeA_stat@@YAHPEAUlocaleinfo_struct@@KPEBDHPEAGHH@Z 00000001800b2f80     LIBCMT:a_str.obj
 0004:00001f8c       $pdata$__crtGetStringTypeA 00000001800b2f8c     LIBCMT:a_str.obj
 0004:00001f98       $pdata$_fflush_nolock      00000001800b2f98     LIBCMT:fflush.obj
 0004:00001fa4       $pdata$_flush              00000001800b2fa4     LIBCMT:fflush.obj
 0004:00001fb0       $pdata$flsall              00000001800b2fb0     LIBCMT:fflush.obj
 0004:00001fbc       $pdata$__termconout        00000001800b2fbc     LIBCMT:initcon.obj
 0004:00001fc8       $pdata$__initconout        00000001800b2fc8     LIBCMT:initcon.obj
 0004:00001fd4       $pdata$__free_lconv_mon    00000001800b2fd4     LIBCMT:initmon.obj
 0004:00001fe0       $pdata$__free_lconv_num    00000001800b2fe0     LIBCMT:initnum.obj
 0004:00001fec       $pdata$__free_lc_time      00000001800b2fec     LIBCMT:inittime.obj
 0004:00002004       $pdata$__crtsetenv         00000001800b3004     LIBCMT:setenv.obj
 0004:00002010       $pdata$_strnicoll_l        00000001800b3010     LIBCMT:strnicol.obj
 0004:0000201c       $pdata$?__crtCompareStringA_stat@@YAHPEAUlocaleinfo_struct@@PEB_WKPEBDH2HH@Z 00000001800b301c     LIBCMT:a_cmp.obj
 0004:00002028       $pdata$__crtCompareStringA 00000001800b3028     LIBCMT:a_cmp.obj
 0004:00002034       $pdata$_fcloseall          00000001800b3034     LIBCMT:closeall.obj
 0004:00002040       $pdata$_flsbuf             00000001800b3040     LIBCMT:_flsbuf.obj
 0004:0000204c       $pdata$_ld12tod            00000001800b304c     LIBCMT:intrncvt.obj
 0004:00002058       $pdata$_ld12tof            00000001800b3058     LIBCMT:intrncvt.obj
 0004:00002064       $pdata$__strgtold12_l      00000001800b3064     LIBCMT:strgtold.obj
 0004:00002070       $pdata$$I10_OUTPUT         00000001800b3070     LIBCMT:x10fout.obj
 0004:0000207c       $pdata$_commit             00000001800b307c     LIBCMT:commit.obj
 0004:00002088       $pdata$_strdup             00000001800b3088     LIBCMT:strdup.obj
 0004:00002094       $pdata$_mbschr_l           00000001800b3094     LIBCMT:mbschr.obj
 0004:000020a0       $pdata$_strnicmp_l         00000001800b30a0     LIBCMT:strnicmp.obj
 0004:000020ac       $pdata$_fclose_nolock      00000001800b30ac     LIBCMT:fclose.obj
 0004:000020b8       $pdata$fclose              00000001800b30b8     LIBCMT:fclose.obj
 0004:000020c4       $pdata$_getbuf             00000001800b30c4     LIBCMT:_getbuf.obj
 0004:000020d0       $pdata$__mtold12           00000001800b30d0     LIBCMT:mantold.obj
 0004:000020dc       $pdata$strchr              00000001800b30dc     LIBCMT:strchr.obj
 0004:000020e8       $pdata$_close              00000001800b30e8     LIBCMT:close.obj
 0004:000020f4       $pdata$_close_nolock       00000001800b30f4     LIBCMT:close.obj
 0004:00002100       $pdata$_freebuf            00000001800b3100     LIBCMT:_freebuf.obj
 0004:0000210c       $pdata$strcat_s            00000001800b310c     LIBCMT:strcat_s.obj
 0004:00002118       $pdata$strtok              00000001800b3118     LIBCMT:strtok.obj
 0004:00002148       $pdata$_splitpath          00000001800b3148     LIBCMT:splitpat.obj
 0004:00002154       $pdata$_splitpath_helper   00000001800b3154     LIBCMT:splitpat.obj
 0004:00002160       $pdata$_mbsnbcpy_s         00000001800b3160     LIBCMT:mbsnbcpy_s.obj
 0004:0000216c       $pdata$_mbsnbcpy_s_l       00000001800b316c     LIBCMT:mbsnbcpy_s_l.obj
 0004:00002178       $pdata$_CRT_INIT$fin$0     00000001800b3178     LIBCMT:dllcrt0.obj
 0004:00002184       $pdata$__DllMainCRTStartup$filt$0 00000001800b3184     LIBCMT:dllcrt0.obj
 0004:00002190       $pdata$doexit$fin$0        00000001800b3190     LIBCMT:crt0dat.obj
 0004:0000219c       $pdata$__lock_fhandle$fin$0 00000001800b319c     LIBCMT:osfinfo.obj
 0004:000021a8       $pdata$_alloc_osfhnd$fin$0 00000001800b31a8     LIBCMT:osfinfo.obj
 0004:000021b4       $pdata$_alloc_osfhnd$fin$1 00000001800b31b4     LIBCMT:osfinfo.obj
 0004:000021c0       $pdata$_open_osfhandle$fin$0 00000001800b31c0     LIBCMT:osfinfo.obj
 0004:000021cc       $pdata$_write$fin$0        00000001800b31cc     LIBCMT:write.obj
 0004:000021d8       $pdata$_onexit$fin$0       00000001800b31d8     LIBCMT:onexit.obj
 0004:000021e4       $pdata$ctrlevent_capture$fin$0 00000001800b31e4     LIBCMT:winsig.obj
 0004:000021f0       $pdata$raise$fin$0         00000001800b31f0     LIBCMT:winsig.obj
 0004:000021fc       $pdata$signal$fin$0        00000001800b31fc     LIBCMT:winsig.obj
 0004:00002208       $pdata$getenv$fin$0        00000001800b3208     LIBCMT:getenv.obj
 0004:00002214       $pdata$_control87$filt$0   00000001800b3214     LIBCMT:ieee.obj
 0004:00002220       $pdata$fputs$fin$0         00000001800b3220     LIBCMT:fputs.obj
 0004:0000222c       $pdata$_freefls$fin$1      00000001800b322c     LIBCMT:tidtable.obj
 0004:00002238       $pdata$_freefls$fin$0      00000001800b3238     LIBCMT:tidtable.obj
 0004:00002244       $pdata$_initptd$fin$1      00000001800b3244     LIBCMT:tidtable.obj
 0004:00002250       $pdata$_initptd$fin$0      00000001800b3250     LIBCMT:tidtable.obj
 0004:0000225c       $pdata$_ioinit$fin$0       00000001800b325c     LIBCMT:ioinit.obj
 0004:00002268       $pdata$_mtinitlocknum$fin$0 00000001800b3268     LIBCMT:mlock.obj
 0004:00002274       $pdata$_IsNonwritableInCurrentImage$filt$0 00000001800b3274     LIBCMT:pesect.obj
 0004:00002280       $pdata$__updatetmbcinfo$fin$0 00000001800b3280     LIBCMT:mbctype.obj
 0004:0000228c       $pdata$_setmbcp$fin$0      00000001800b328c     LIBCMT:mbctype.obj
 0004:00002298       $pdata$_lseeki64$fin$0     00000001800b3298     LIBCMT:lseeki64.obj
 0004:000022a4       $pdata$__updatetlocinfo$fin$0 00000001800b32a4     LIBCMT:localref.obj
 0004:000022b0       $pdata$_locterm$fin$0      00000001800b32b0     LIBCMT:wsetloca.obj
 0004:000022bc       $pdata$flsall$fin$0        00000001800b32bc     LIBCMT:fflush.obj
 0004:000022c8       $pdata$flsall$fin$1        00000001800b32c8     LIBCMT:fflush.obj
 0004:000022d4       $pdata$_fcloseall$fin$0    00000001800b32d4     LIBCMT:closeall.obj
 0004:000022e0       $pdata$_commit$fin$0       00000001800b32e0     LIBCMT:commit.obj
 0004:000022ec       $pdata$fclose$fin$0        00000001800b32ec     LIBCMT:fclose.obj
 0004:000022f8       $pdata$_close$fin$0        00000001800b32f8     LIBCMT:close.obj
 0006:00000000       AliPxDx                    00000001800b5000     libirc:fast_memset.obj
 0006:00000040       setPxQx                    00000001800b5040     libirc:fast_memset.obj
 0006:00000480       AliPxQx                    00000001800b5480     libirc:fast_memset.obj
 0006:00000510       SSExDx                     00000001800b5510     libirc:fast_memset.obj
 0006:00000b10       AliPxQx                    00000001800b5b10     libirc:fast_memcpy.obj
 0006:00000b50       fwdPxQx                    00000001800b5b50     libirc:fast_memcpy.obj
 0006:00001110       SSE_src                    00000001800b6110     libirc:fast_memcpy.obj
 0006:00001190       Fix16EndTable              00000001800b6190     libirc:fast_memcpy.obj
