 runSCI

 Timestamp is 61433f31 (Thu Sep 16 08:57:21 2021)

 Preferred load address is 0000000140000000

 Start         Length     Name                   Class
 0001:00000000 00124850H .text                   CODE
 0001:00124850 0002012bH .text$mn                CODE
 0001:00144980 000004d0H .text$x                 CODE
 0002:00000000 00000580H .idata$5                DATA
 0002:00000580 00000008H .CRT$XCA                DATA
 0002:00000588 00000008H .CRT$XCF                DATA
 0002:00000590 00000008H .CRT$XCU                DATA
 0002:00000598 00000008H .CRT$XCZ                DATA
 0002:000005a0 00000008H .CRT$XIA                DATA
 0002:000005a8 00000028H .CRT$XIC                DATA
 0002:000005d0 00000008H .CRT$XIY                DATA
 0002:000005d8 00000008H .CRT$XIZ                DATA
 0002:000005e0 00000008H .CRT$XPA                DATA
 0002:000005e8 00000010H .CRT$XPX                DATA
 0002:000005f8 00000008H .CRT$XPXA               DATA
 0002:00000600 00000008H .CRT$XPZ                DATA
 0002:00000608 00000008H .CRT$XTA                DATA
 0002:00000610 00000008H .CRT$XTZ                DATA
 0002:00000620 00029e10H .rdata                  DATA
 0002:0002a430 000000a4H .rdata$debug            DATA
 0002:0002a4d8 00000008H .rtc$IAA                DATA
 0002:0002a4e0 00000008H .rtc$IZZ                DATA
 0002:0002a4e8 00000008H .rtc$TAA                DATA
 0002:0002a4f0 00000008H .rtc$TZZ                DATA
 0002:0002a4f8 00008f84H .xdata                  DATA
 0002:0003347c 00000000H .edata                  DATA
 0002:0003347c 00000078H .idata$2                DATA
 0002:000334f4 00000014H .idata$3                DATA
 0002:00033508 00000580H .idata$4                DATA
 0002:00033a88 00000c22H .idata$6                DATA
 0003:00000000 0000d010H .data                   DATA
 0003:0000d040 0006afa8H .bss                    DATA
 0004:00000000 0000672cH .pdata                  DATA
 0005:00000000 00000008H .data1                  DATA
 0006:00000000 00003eb8H .trace                  DATA
 0007:00000000 00001200H _RDATA                  DATA

  Address         Publics by Value              Rva+Base               Lib:Object

 0000:00000000       ___safe_se_handler_table   0000000000000000     <absolute>
 0000:00000000       __guard_fids_count         0000000000000000     <absolute>
 0000:00000000       ___safe_se_handler_count   0000000000000000     <absolute>
 0000:00000000       __guard_flags              0000000000000000     <absolute>
 0000:00000000       __guard_fids_table         0000000000000000     <absolute>
 0000:00000000       __ImageBase                0000000140000000     <linker-defined>
 0001:00000000       DATUMS.                    0000000140001000 f   datums_mod.obj
 0001:00000010       DATUMS_mp_UTM2LL           0000000140001010 f   datums_mod.obj
 0001:000002b0       DATUMS_mp_UTM2LLD          00000001400012b0 f   datums_mod.obj
 0001:00000560       DATUMS_mp_LL2UTM           0000000140001560 f   datums_mod.obj
 0001:00000850       DATUMS_mp_UTMDOMAIN        0000000140001850 f   datums_mod.obj
 0001:000008d0       DATUMS_mp_INITUTM          00000001400018d0 f   datums_mod.obj
 0001:00000950       MPI_FI.                    0000000140001950 f   MPIFunc_fi.obj
 0001:00000960       CHEM_MPI_FI.               0000000140001960 f   MPIFunc_fi.obj
 0001:00000970       STEPMC_MPI_FI.             0000000140001970 f   MPIFunc_fi.obj
 0001:00000980       AERMODREL_FD.              0000000140001980 f   AERMODrel_fd.obj
 0001:00000990       AERMODMET_FD.              0000000140001990 f   AERMODmet_fd.obj
 0001:000009a0       AERMODRECEPTOR_FD.         00000001400019a0 f   AERMODreceptor_fd.obj
 0001:000009b0       SCIPUFFDRIVER_FI.          00000001400019b0 f   SCIPUFFdriver_fi.obj
 0001:000009c0       LOADSEN_FI.                00000001400019c0 f   LoadSen.obj
 0001:000009d0       LOADSEN                    00000001400019d0 f   LoadSen.obj
 0001:000039f0       UPDATERELLIST_FD.          00000001400049f0 f   UpdateRelList_fd.obj
 0001:00003a00       UPDATERELLIST_FI.          0000000140004a00 f   UpdateRelList_fi.obj
 0001:00003a10       MAIN__                     0000000140004a10 f   runSCI.obj
 0001:0000ad60       TIMETOSTRING               000000014000bd60 f   runSCI.obj
 0001:0000b280       RUNSCIRDCMDLINE            000000014000c280 f   runSCI.obj
 0001:0000c330       PROG_INC.                  000000014000d330 f   runSCI.obj
 0001:0000c340       TOOLCALLBACK               000000014000d340 f   runSCI.obj
 0001:0000f550       COPYCSTRING                0000000140010550 f   runSCI.obj
 0001:0000f650       UPDATESTACKEMISSION        0000000140010650 f   UpdateStackEmission.obj
 0001:00011240       PARSEDATASO                0000000140012240 f   ParseDataSO.obj
 0001:00016e70       WRITEPRIMEFILE             0000000140017e70 f   ParseDataSO.obj
 0001:000174d0       SETSRCPARAMMC              00000001400184d0 f   ParseDataSO.obj
 0001:00018030       REALLOCRELLIST             0000000140019030 f   ParseDataSO.obj
 0001:00019350       INITRELSTACK               000000014001a350 f   ParseDataSO.obj
 0001:00019420       INITRELCONT                000000014001a420 f   ParseDataSO.obj
 0001:000194f0       INITRELINST                000000014001a4f0 f   ParseDataSO.obj
 0001:000195d0       INITRELAREA                000000014001a5d0 f   ParseDataSO.obj
 0001:000196a0       READAERMODINPUT            000000014001a6a0 f   ReadAERMODInput.obj
 0001:00019f10       READPATHWAY                000000014001af10 f   ReadAERMODInput.obj
 0001:0001a390       PARSEDATATE                000000014001b390 f   ParseDataTE.obj
 0001:0001aa30       PARSEDATARE                000000014001ba30 f   ParseDataRE.obj
 0001:0001f6e0       STARTARG                   00000001400206e0 f   ParseDataRE.obj
 0001:0001f880       PARSEDATACO                0000000140020880 f   ParseDataCO.obj
 0001:000232a0       RUNAERMODINP               00000001400242a0 f   RunAERMODInp.obj
 0001:00024570       REPORTDEFAULTS             0000000140025570 f   RunAERMODInp.obj
 0001:00024f00       PARSEDATAME                0000000140025f00 f   ParseDataME.obj
 0001:000292b0       PARSEDATAMA                000000014002a2b0 f   ParseDataMA.obj
 0001:0002b650       FINDMATLNAME               000000014002c650 f   ParseDataMA.obj
 0001:0002b900       GETMATLDENSITY             000000014002c900 f   ParseDataMA.obj
 0001:0002bd70       GETRELTIME                 000000014002cd70 f   GetRelTime.obj
 0001:0002be40       FILEINPUT                  000000014002ce40 f   FileInput.obj
 0001:0002c6e0       BUILDFILENAMEAERMOD        000000014002d6e0 f   FileInput.obj
 0001:0002caa0       UPDATECONTREL              000000014002daa0 f   UpdateContRel.obj
 0001:0002d670       FINDREL                    000000014002e670 f   UpdateContRel.obj
 0001:0002d9c0       READNEXTREL                000000014002e9c0 f   UpdateContRel.obj
 0001:0002df70       GETNEXTFILEUNIT            000000014002ef70 f   UpdateContRel.obj
 0001:0002e040       CLEARRELLIST               000000014002f040 f   UpdateContRel.obj
 0001:0002e0c0       INITRELLIST                000000014002f0c0 f   InitSCIPUFFProject.obj
 0001:0002e2c0       INITSCIPUFFPROJECT         000000014002f2c0 f   InitSCIPUFFProject.obj
 0001:00030600       GETTIMEFROMWEATHER         0000000140031600 f   GetTimeFromWeather.obj
 0001:00031da0       SKIPMET2DAERMOD            0000000140032da0 f   GetTimeFromWeather.obj
 0001:00031f40       SKIPMET3DAERMOD            0000000140032f40 f   GetTimeFromWeather.obj
 0001:000320f0       SKIPMETHEADERAERMOD        00000001400330f0 f   GetTimeFromWeather.obj
 0001:00032f30       YEARMONTHDAY               0000000140033f30 f   GetTimeFromWeather.obj
 0001:00033070       SKIPMODELHEADERAERMOD      0000000140034070 f   GetTimeFromWeather.obj
 0001:000336f0       SETYEAR                    00000001400346f0 f   GetTimeFromWeather.obj
 0001:00033720       SKIPMETTIMEAERMOD          0000000140034720 f   GetTimeFromWeather.obj
 0001:00033c00       GENSCIPUFFWEATHER          0000000140034c00 f   GenSCIPUFFWeather.obj
 0001:00034ce0       SETTIMEZONE                0000000140035ce0 f   SetTimeZone.obj
 0001:00034f20       GETDOMREFFROMWEATHER       0000000140035f20 f   GetDomRefFromWeather.obj
 0001:00035940       INITAERMOD                 0000000140036940 f   InitAERMOD.obj
 0001:00036250       GENSCIPUFFSENSOR           0000000140037250 f   GenSCIPUFFSensor.obj
 0001:00036d10       GENPOLARGRID               0000000140037d10 f   GenSCIPUFFSensor.obj
 0001:00037400       GENRECTGRID                0000000140038400 f   GenSCIPUFFSensor.obj
 0001:00037ae0       GENDISCLIST                0000000140038ae0 f   GenSCIPUFFSensor.obj
 0001:000382a0       GENSCIPUFFAREASOURCE       00000001400392a0 f   GenSCIPUFFAreaSource.obj
 0001:00038ab0       NUMAREASOURCES             0000000140039ab0 f   GenSCIPUFFAreaSource.obj
 0001:00038b20       SETMCRELEASE               0000000140039b20 f   GenSCIPUFFAreaSource.obj
 0001:00038ed0       REALLOCMCRELLIST           0000000140039ed0 f   GenSCIPUFFAreaSource.obj
 0001:00039650       PARSEDATAOU                000000014003a650 f   ParseDataOU.obj
 0001:0003a700       READARRAYLIMITS            000000014003b700 f   ReadArrayLimits.obj
 0001:0003ada0       READPATHWAYSC              000000014003bda0 f   ReadArrayLimits.obj
 0001:0003b300       PARSEDATASC                000000014003c300 f   ReadArrayLimits.obj
 0001:0003b640       COMPUTEDURATIONAERMOD      000000014003c640 f   ComputeDuration.obj
 0001:0003b900       CHECK_YMD                  000000014003c900 f   ComputeDuration.obj
 0001:0003b930       SETSCIPUFFDOMAIN           000000014003c930 f   SetSCIPUFFDomain.obj
 0001:0003be50       SETEMISSIONS               000000014003ce50 f   ReadEmissionFile.obj
 0001:0003e310       PARSEHOUREMIS              000000014003f310 f   ReadEmissionFile.obj
 0001:0003fe60       FINDRELNAME                0000000140040e60 f   ReadEmissionFile.obj
 0001:0003ffb0       READNEXTEMISSION           0000000140040fb0 f   ReadEmissionFile.obj
 0001:00041c00       FINDRELTYPE                0000000140042c00 f   ReadEmissionFile.obj
 0001:00041d70       PARSEDATAEV                0000000140042d70 f   ParseDataEV.obj
 0001:00041f10       GETZRUFFROMWEATHER         0000000140042f10 f   GetZrufFromWeather.obj
 0001:00042a90       JULIAN_DAY                 0000000140043a90 f   SCIPUFFlib:julian.obj
 0001:00042b70       LEAP_YEAR                  0000000140043b70 f   SCIPUFFlib:julian.obj
 0001:00042bd0       JULIAN_YMD                 0000000140043bd0 f   SCIPUFFlib:julian.obj
 0001:00042da0       DAYS_IN_YEAR               0000000140043da0 f   SCIPUFFlib:julian.obj
 0001:00042e10       DATETIMESHIFT              0000000140043e10 f   SCIPUFFlib:julian.obj
 0001:000430e0       VSORTI                     00000001400440e0 f   SCIPUFFlib:vsort.obj
 0001:00043380       VSORTR                     0000000140044380 f   SCIPUFFlib:vsort.obj
 0001:00043620       USORT                      0000000140044620 f   SCIPUFFlib:vsort.obj
 0001:00043810       CUPPER                     0000000140044810 f   SCIPUFFlib:cupper.obj
 0001:00043890       GET_NEXT_DATA              0000000140044890 f   SCIPUFFlib:get_next_data.obj
 0001:00043dd0       PARSE_STRING               0000000140044dd0 f   SCIPUFFlib:get_next_data.obj
 0001:00043ff0       FIRST_NBLANK               0000000140044ff0 f   SCIPUFFlib:get_next_data.obj
 0001:00044020       GET_NEXT_DATA_ARRAY        0000000140045020 f   SCIPUFFlib:get_next_data.obj
 0001:000441d0       PARSE_STRING_ARRAY         00000001400451d0 f   SCIPUFFlib:get_next_data.obj
 0001:000444b0       INIT_NEXT_DATA             00000001400454b0 f   SCIPUFFlib:get_next_data.obj
 0001:000446d0       C_FORMAT                   00000001400456d0 f   SCIPUFFlib:cformat.obj
 0001:00044910       I_FORMAT                   0000000140045910 f   SCIPUFFlib:cformat.obj
 0001:00044a60       D_FORMAT                   0000000140045a60 f   SCIPUFFlib:cformat.obj
 0001:00044da0       TRIGCONST.                 0000000140045da0 f   SCIPUFFlib:trig_degrees.obj
 0001:00044db0       SIND                       0000000140045db0 f   SCIPUFFlib:trig_degrees.obj
 0001:00044dd0       COSD                       0000000140045dd0 f   SCIPUFFlib:trig_degrees.obj
 0001:00044df0       TAND                       0000000140045df0 f   SCIPUFFlib:trig_degrees.obj
 0001:00044e10       ASIND                      0000000140045e10 f   SCIPUFFlib:trig_degrees.obj
 0001:00044e30       ACOSD                      0000000140045e30 f   SCIPUFFlib:trig_degrees.obj
 0001:00044e50       ATAN2D                     0000000140045e50 f   SCIPUFFlib:trig_degrees.obj
 0001:00044e80       DEBLANK                    0000000140045e80 f   SCIPUFFlib:deblank.obj
 0001:00044fd0       for_len_trim               0000000140045fd0 f   libifcoremt:for_90_trim.obj
 0001:00045070       for_trim                   0000000140046070 f   libifcoremt:for_90_trim.obj
 0001:00045150       SetEndian                  0000000140046150 f   libifcoremt:for_open.obj
 0001:00045710       CheckStreamRecortType      0000000140046710 f   libifcoremt:for_open.obj
 0001:00045d00       CheckEndian                0000000140046d00 f   libifcoremt:for_open.obj
 0001:00046260       for_open                   0000000140047260 f   libifcoremt:for_open.obj
 0001:000480a0       for__update_reopen_keywords 00000001400490a0 f   libifcoremt:for_open.obj
 0001:00049fc0       for__set_foreign_bits      000000014004afc0 f   libifcoremt:for_open.obj
 0001:0004b270       for__open_key              000000014004c270 f   libifcoremt:for_open.obj
 0001:0004b4e0       for__open_args             000000014004c4e0 f   libifcoremt:for_open.obj
 0001:0004bda0       for__find_iomsg            000000014004cda0 f   libifcoremt:for_open.obj
 0001:0004be50       for__set_terminator_option 000000014004ce50 f   libifcoremt:for_open.obj
 0001:0004c3e0       for__set_conversion_option 000000014004d3e0 f   libifcoremt:for_open.obj
 0001:0004c7b0       for__is_special_device     000000014004d7b0 f   libifcoremt:for_open.obj
 0001:0004c9e0       for__open_default          000000014004d9e0 f   libifcoremt:for_open.obj
 0001:0004cdc0       for_read_seq_fmt           000000014004ddc0 f   libifcoremt:for_rseq_fmt.obj
 0001:0004fc40       for_read_seq_fmt_xmit      0000000140050c40 f   libifcoremt:for_rseq_fmt.obj
 0001:00052a60       for__read_args             0000000140053a60 f   libifcoremt:for_rseq_fmt.obj
 0001:00052d50       for_index_back             0000000140053d50 f   libifcoremt:for_90_index.obj
 0001:00053040       for_f90_index              0000000140054040 f   libifcoremt:for_90_index.obj
 0001:00053340       for_cpystr                 0000000140054340 f   libifcoremt:for_f90str.obj
 0001:000533d0       for_cpstr_gt               00000001400543d0 f   libifcoremt:for_f90str.obj
 0001:000536e0       for_cpstr_lt               00000001400546e0 f   libifcoremt:for_f90str.obj
 0001:000539f0       for_cpstr_eq               00000001400549f0 f   libifcoremt:for_f90str.obj
 0001:00053c80       for_cpstr_ne               0000000140054c80 f   libifcoremt:for_f90str.obj
 0001:00053f50       for_cpstr_ge               0000000140054f50 f   libifcoremt:for_f90str.obj
 0001:00054260       for_cpstr_le               0000000140055260 f   libifcoremt:for_f90str.obj
 0001:00054570       for_cpstr                  0000000140055570 f   libifcoremt:for_f90str.obj
 0001:000546f0       for_concat                 00000001400556f0 f   libifcoremt:for_f90str.obj
 0001:00054900       for__get_vm                0000000140055900 f   libifcoremt:for_vm.obj
 0001:00054940       for__realloc_vm            0000000140055940 f   libifcoremt:for_vm.obj
 0001:000549c0       for__free_vm               00000001400559c0 f   libifcoremt:for_vm.obj
 0001:000549e0       for_allocate               00000001400559e0 f   libifcoremt:for_vm.obj
 0001:00054c60       for_alloc_allocatable      0000000140055c60 f   libifcoremt:for_vm.obj
 0001:00054f10       for_deallocate             0000000140055f10 f   libifcoremt:for_vm.obj
 0001:000550d0       for_dealloc_allocatable    00000001400560d0 f   libifcoremt:for_vm.obj
 0001:000552d0       for_check_mult_overflow    00000001400562d0 f   libifcoremt:for_vm.obj
 0001:00055380       for_check_mult_overflow64  0000000140056380 f   libifcoremt:for_vm.obj
 0001:000554b0       for_set_fastmem_policy     00000001400564b0 f   libifcoremt:for_vm.obj
 0001:000554d0       for_get_hbw_availability   00000001400564d0 f   libifcoremt:for_vm.obj
 0001:000554f0       for__alternate_aligned_malloc 00000001400564f0 f   libifcoremt:for_vm.obj
 0001:00055500       for__alternate_aligned_free 0000000140056500 f   libifcoremt:for_vm.obj
 0001:00055510       for_rewind                 0000000140056510 f   libifcoremt:for_rewind.obj
 0001:00056620       for_adjustl                0000000140057620 f   libifcoremt:for_90_adjust.obj
 0001:00056780       for_adjustr                0000000140057780 f   libifcoremt:for_90_adjust.obj
 0001:00056820       for_read_int_fmt           0000000140057820 f   libifcoremt:for_rint_fmt.obj
 0001:00059dd0       for_read_int_fmt_xmit      000000014005add0 f   libifcoremt:for_rint_fmt.obj
 0001:0005c6f0       for_read_int_lis           000000014005d6f0 f   libifcoremt:for_rint_lis.obj
 0001:0005ee30       for_read_int_lis_xmit      000000014005fe30 f   libifcoremt:for_rint_lis.obj
 0001:00060000       for_ri_cvt_2step           0000000140061000 f   libifcoremt:for_rint_lis.obj
 0001:000612f0       for_set_reentrancy         00000001400622f0 f   libifcoremt:for_reentrancy.obj
 0001:000613c0       for__reentrancy_cleanup    00000001400623c0 f   libifcoremt:for_reentrancy.obj
 0001:00061520       for__destroy_threadstor    0000000140062520 f   libifcoremt:for_reentrancy.obj
 0001:00061560       for__destroy_threadstor_index 0000000140062560 f   libifcoremt:for_reentrancy.obj
 0001:000615f0       for__access_threadstor_threads 00000001400625f0 f   libifcoremt:for_reentrancy.obj
 0001:00061840       for__acquire_threadstor_threads 0000000140062840 f   libifcoremt:for_reentrancy.obj
 0001:00061ac0       for__disable_asynch_deliv_private 0000000140062ac0 f   libifcoremt:for_reentrancy.obj
 0001:00061b00       for__enable_asynch_deliv_private 0000000140062b00 f   libifcoremt:for_reentrancy.obj
 0001:00061b30       for__acquire_semaphore_threaded 0000000140062b30 f   libifcoremt:for_reentrancy.obj
 0001:00061bc0       for__release_mutex         0000000140062bc0 f   libifcoremt:for_reentrancy.obj
 0001:00061be0       for__once_private          0000000140062be0 f   libifcoremt:for_reentrancy.obj
 0001:00061cf0       for__thread_clean          0000000140062cf0 f   libifcoremt:for_reentrancy.obj
 0001:00061d40       for__init_threadstor_index 0000000140062d40 f   libifcoremt:for_reentrancy.obj
 0001:00061d70       for__reentrancy_init       0000000140062d70 f   libifcoremt:for_reentrancy.obj
 0001:00062060       ensure_one_leading_blank_before_data 0000000140063060 f   libifcoremt:for_wseq_lis.obj
 0001:00062320       for_write_seq_lis          0000000140063320 f   libifcoremt:for_wseq_lis.obj
 0001:00064260       for_write_seq_lis_xmit     0000000140065260 f   libifcoremt:for_wseq_lis.obj
 0001:000697d0       for_since_epoch            000000014006a7d0 f   libifcoremt:for_secnds.obj
 0001:00069870       for_since_epoch_t          000000014006a870 f   libifcoremt:for_secnds.obj
 0001:00069910       for_since_epoch_x          000000014006a910 f   libifcoremt:for_secnds.obj
 0001:00069a00       for_secnds                 000000014006aa00 f   libifcoremt:for_secnds.obj
 0001:00069b30       for_secnds_t               000000014006ab30 f   libifcoremt:for_secnds.obj
 0001:00069c60       for_secnds_x               000000014006ac60 f   libifcoremt:for_secnds.obj
 0001:00069ee0       for_cpusec                 000000014006aee0 f   libifcoremt:for_secnds.obj
 0001:00069fe0       for_cpusec_t               000000014006afe0 f   libifcoremt:for_secnds.obj
 0001:0006a0e0       for_cpusec_x               000000014006b0e0 f   libifcoremt:for_secnds.obj
 0001:0006a210       for_write_seq_fmt          000000014006b210 f   libifcoremt:for_wseq_fmt.obj
 0001:0006cef0       for_write_seq_fmt_xmit     000000014006def0 f   libifcoremt:for_wseq_fmt.obj
 0001:000703e0       for__write_args            00000001400713e0 f   libifcoremt:for_wseq_fmt.obj
 0001:000705f0       for_inquire                00000001400715f0 f   libifcoremt:for_inquire.obj
 0001:000782a0       for_read_seq_lis           00000001400792a0 f   libifcoremt:for_rseq_lis.obj
 0001:00079e20       for_read_seq_lis_xmit      000000014007ae20 f   libifcoremt:for_rseq_lis.obj
 0001:0007c5e0       for__swallow_imaginary_part 000000014007d5e0 f   libifcoremt:for_rseq_lis.obj
 0001:0007c860       for_close                  000000014007d860 f   libifcoremt:for_close.obj
 0001:0007d350       for__close_args            000000014007e350 f   libifcoremt:for_close.obj
 0001:0007d570       for__close_default         000000014007e570 f   libifcoremt:for_close.obj
 0001:0007d6b0       for_abort                  000000014007e6b0 f   libifcoremt:for_stop.obj
 0001:0007e2d0       for_stop_core_impl         000000014007f2d0 f   libifcoremt:for_stop.obj
 0001:0007f040       for_stop_core              0000000140080040 f   libifcoremt:for_stop.obj
 0001:0007fcd0       for_stop                   0000000140080cd0 f   libifcoremt:for_stop.obj
 0001:000807d0       r_int                      00000001400817d0 f   libifcoremt:for_mi_int.obj
 0001:000807e0       r_int_val                  00000001400817e0 f   libifcoremt:for_mi_int.obj
 0001:000807f0       d_int                      00000001400817f0 f   libifcoremt:for_mi_int.obj
 0001:00080800       d_int_val                  0000000140081800 f   libifcoremt:for_mi_int.obj
 0001:00080810       h_nint                     0000000140081810 f   libifcoremt:for_mi_int.obj
 0001:00080820       i_nint                     0000000140081820 f   libifcoremt:for_mi_int.obj
 0001:00080830       k_nint                     0000000140081830 f   libifcoremt:for_mi_int.obj
 0001:00080840       r_nint                     0000000140081840 f   libifcoremt:for_mi_int.obj
 0001:000808b0       f_lanint_val               00000001400818b0 f   libifcoremt:for_mi_int.obj
 0001:00080920       b_nint                     0000000140081920 f   libifcoremt:for_mi_int.obj
 0001:00080930       i_dnnt                     0000000140081930 f   libifcoremt:for_mi_int.obj
 0001:00080940       h_dnnt                     0000000140081940 f   libifcoremt:for_mi_int.obj
 0001:00080950       b_dnnt                     0000000140081950 f   libifcoremt:for_mi_int.obj
 0001:00080960       k_dnnt                     0000000140081960 f   libifcoremt:for_mi_int.obj
 0001:00080970       d_nint                     0000000140081970 f   libifcoremt:for_mi_int.obj
 0001:000809e0       f_ldnint_val               00000001400819e0 f   libifcoremt:for_mi_int.obj
 0001:00080a80       for_write_int_fmt          0000000140081a80 f   libifcoremt:for_wint_fmt.obj
 0001:000841e0       for_write_int_fmt_xmit     00000001400851e0 f   libifcoremt:for_wint_fmt.obj
 0001:00086b60       for_realloc_lhs            0000000140087b60 f   libifcoremt:for_realloc_check.obj
 0001:00086cb0       for_check_shape            0000000140087cb0 f   libifcoremt:for_realloc_check.obj
 0001:00086d50       for_backspace              0000000140087d50 f   libifcoremt:for_backspace.obj
 0001:0008b650       for_write_int_lis          000000014008c650 f   libifcoremt:for_wint_lis.obj
 0001:0008e300       for_write_int_lis_xmit     000000014008f300 f   libifcoremt:for_wint_lis.obj
 0001:0008fad0       for_nargs                  0000000140090ad0 f   libifcoremt:for_getarg.obj
 0001:0008fae0       for_iargc                  0000000140090ae0 f   libifcoremt:for_getarg.obj
 0001:0008faf0       for_getarg                 0000000140090af0 f   libifcoremt:for_getarg.obj
 0001:0008fc20       for_getarg_i2              0000000140090c20 f   libifcoremt:for_getarg.obj
 0001:0008fd50       NARGS                      0000000140090d50 f   libifcoremt:for_getarg.obj
 0001:0008fd60       IARGC                      0000000140090d60 f   libifcoremt:for_getarg.obj
 0001:0008fd70       IARG                       0000000140090d70 f   libifcoremt:for_getarg.obj
 0001:0008fd80       NUMARG                     0000000140090d80 f   libifcoremt:for_getarg.obj
 0001:0008fd90       GETARG                     0000000140090d90 f   libifcoremt:for_getarg.obj
 0001:0008fe70       for_getcmd_arg             0000000140090e70 f   libifcoremt:for_getarg.obj
 0001:000900b0       for_read_seq               00000001400910b0 f   libifcoremt:for_rseq.obj
 0001:00091da0       for_read_seq_xmit          0000000140092da0 f   libifcoremt:for_rseq.obj
 0001:00094850       for__io_return             0000000140095850 f   libifcoremt:for_diags_intel.obj
 0001:00095f70       for__issue_diagnostic      0000000140096f70 f   libifcoremt:for_diags_intel.obj
 0001:00096f40       for__this_image_number_or_zero 0000000140097f40 f   libifcoremt:for_diags_intel.obj
 0001:00096fc0       for__get_msg               0000000140097fc0 f   libifcoremt:for_diags_intel.obj
 0001:000973b0       for_emit_diagnostic        00000001400983b0 f   libifcoremt:for_diags_intel.obj
 0001:00097620       for_msgbox                 0000000140098620 f   libifcoremt:for_diags_intel.obj
 0001:00097a20       for__message_catalog_close 0000000140098a20 f   libifcoremt:for_diags_intel.obj
 0001:00097a90       for_errmsg                 0000000140098a90 f   libifcoremt:for_diags_intel.obj
 0001:00097c20       for__rtc_uninit_use        0000000140098c20 f   libifcoremt:for_diags_intel.obj
 0001:00097c40       for__rtc_uninit_use_src    0000000140098c40 f   libifcoremt:for_diags_intel.obj
 0001:000988c0       TRACEBACKQQ                00000001400998c0 f   libifcoremt:for_diags_intel.obj
 0001:00098c20       for_perror_                0000000140099c20 f   libifcoremt:for_diags_intel.obj
 0001:0009a440       for_gerror_                000000014009b440 f   libifcoremt:for_diags_intel.obj
 0001:0009b470       for__establish_user_error_handler 000000014009c470 f   libifcoremt:for_diags_intel.obj
 0001:0009b4b0       for__continue_traceback_   000000014009c4b0 f   libifcoremt:for_diags_intel.obj
 0001:0009b720       for__continue_traceback    000000014009c720 f   libifcoremt:for_diags_intel.obj
 0001:0009b9c0       for__desc_ret_item         000000014009c9c0 f   libifcoremt:for_desc_item.obj
 0001:0009bd60       for__key_desc_ret_item     000000014009cd60 f   libifcoremt:for_desc_item.obj
 0001:0009c0f0       for__desc_test_item        000000014009d0f0 f   libifcoremt:for_desc_item.obj
 0001:0009c3e0       for__desc_zero_length_item 000000014009d3e0 f   libifcoremt:for_desc_item.obj
 0001:0009c7b0       for__acquire_lun           000000014009d7b0 f   libifcoremt:for_lub_mgt.obj
 0001:0009e1c0       for__release_lun           000000014009f1c0 f   libifcoremt:for_lub_mgt.obj
 0001:0009e780       for__create_lub            000000014009f780 f   libifcoremt:for_lub_mgt.obj
 0001:0009e8e0       for__deallocate_lub        000000014009f8e0 f   libifcoremt:for_lub_mgt.obj
 0001:0009f190       for__get_next_lub          00000001400a0190 f   libifcoremt:for_lub_mgt.obj
 0001:0009fdc0       for__get_free_newunit      00000001400a0dc0 f   libifcoremt:for_lub_mgt.obj
 0001:000a0110       for__release_newunit       00000001400a1110 f   libifcoremt:for_lub_mgt.obj
 0001:000a0170       for__aio_destroy           00000001400a1170 f   libifcoremt:for_aio.obj
 0001:000a01c0       for__aio_acquire_lun_fname 00000001400a11c0 f   libifcoremt:for_aio.obj
 0001:000a0300       for__aio_release           00000001400a1300 f   libifcoremt:for_aio.obj
 0001:000a0420       for__aio_acquire_lun       00000001400a1420 f   libifcoremt:for_aio.obj
 0001:000a0a60       for__aio_release_lun       00000001400a1a60 f   libifcoremt:for_aio.obj
 0001:000a12c0       for_asynchronous           00000001400a22c0 f   libifcoremt:for_aio.obj
 0001:000a1df0       for_waitid                 00000001400a2df0 f   libifcoremt:for_aio.obj
 0001:000a2fe0       for_wait                   00000001400a3fe0 f   libifcoremt:for_aio.obj
 0001:000a3ea0       for__aio_check_unit        00000001400a4ea0 f   libifcoremt:for_aio.obj
 0001:000a3f40       for__aio_error_handling    00000001400a4f40 f   libifcoremt:for_aio.obj
 0001:000a46d0       for__aio_init              00000001400a56d0 f   libifcoremt:for_aio.obj
 0001:000a46f0       real_aio_init              00000001400a56f0 f   libifcoremt:for_aio.obj
 0001:000a4770       for__reopen_file           00000001400a5770 f   libifcoremt:for_nt_open_proc.obj
 0001:000a6b20       for__open_proc             00000001400a7b20 f   libifcoremt:for_nt_open_proc.obj
 0001:000abd60       for__compute_filename      00000001400acd60 f   libifcoremt:for_nt_open_proc.obj
 0001:000ac860       for__decl_exit_hand        00000001400ad860 f   libifcoremt:for_nt_open_proc.obj
 0001:000ac870       for__format_compiler       00000001400ad870 f   libifcoremt:for_fmt_comp.obj
 0001:000b2870       for__format_free           00000001400b3870 f   libifcoremt:for_fmt_comp.obj
 0001:000b28b0       for__characterize_LUB_buffer 00000001400b38b0 f   libifcoremt:for_get.obj
 0001:000b2e60       for__get_s                 00000001400b3e60 f   libifcoremt:for_get.obj
 0001:000b6840       for__get_d                 00000001400b7840 f   libifcoremt:for_get.obj
 0001:000b6ed0       for__get_su_fields         00000001400b7ed0 f   libifcoremt:for_get.obj
 0001:000b8930       for__get_more_fields       00000001400b9930 f   libifcoremt:for_get.obj
 0001:000b8cb0       for__read_input            00000001400b9cb0 f   libifcoremt:for_get.obj
 0001:000b8f80       for__interp_fmt            00000001400b9f80 f   libifcoremt:for_intrp_fmt.obj
 0001:000b9f70       for__adjust_buffer         00000001400baf70 f   libifcoremt:for_io_util.obj
 0001:000ba200       for__next_array_element    00000001400bb200 f   libifcoremt:for_io_util.obj
 0001:000ba470       for__cvt_foreign_read      00000001400bb470 f   libifcoremt:for_io_util.obj
 0001:000ba7d0       for__cvt_foreign_write     00000001400bb7d0 f   libifcoremt:for_io_util.obj
 0001:000baad0       for__cvt_foreign_check     00000001400bbad0 f   libifcoremt:for_io_util.obj
 0001:000baba0       for_check_env_name         00000001400bbba0 f   libifcoremt:for_io_util.obj
 0001:000bacf0       for__format_value          00000001400bbcf0 f   libifcoremt:for_fmt_val.obj
 0001:000bbcc0       for__cvt_value             00000001400bccc0 f   libifcoremt:for_fmt_val.obj
 0001:000bc9c0       for__udio_uf               00000001400bd9c0 f   libifcoremt:for_udio.obj
 0001:000bd900       for__udio_lis              00000001400be900 f   libifcoremt:for_udio.obj
 0001:000be270       for__udio_nml              00000001400bf270 f   libifcoremt:for_udio.obj
 0001:000bec40       for__udio_fmt              00000001400bfc40 f   libifcoremt:for_udio.obj
 0001:000bf1f0       for_index                  00000001400c01f0 f   libifcoremt:for_index.obj
 0001:000bf2a0       for_string_index           00000001400c02a0 f   libifcoremt:for_index.obj
 0001:000bf360       for_index_ssll             00000001400c0360 f   libifcoremt:for_index.obj
 0001:000bf410       for_avallocate             00000001400c0410 f   libifcoremt:for_avalloc.obj
 0001:000bf900       for_avdeallocate           00000001400c0900 f   libifcoremt:for_avalloc.obj
 0001:000bf980       for__put_su                00000001400c0980 f   libifcoremt:for_put.obj
 0001:000bffb0       for__write_output          00000001400c0fb0 f   libifcoremt:for_put.obj
 0001:000c06c0       for__put_sf                00000001400c16c0 f   libifcoremt:for_put.obj
 0001:000c1c90       for__put_d                 00000001400c2c90 f   libifcoremt:for_put.obj
 0001:000c1f70       for__flush_readahead       00000001400c2f70 f   libifcoremt:for_put.obj
 0001:000c2250       for_write_seq              00000001400c3250 f   libifcoremt:for_wseq.obj
 0001:000c3cb0       for_write_seq_xmit         00000001400c4cb0 f   libifcoremt:for_wseq.obj
 0001:000c8c80       for__finish_ufseq_write    00000001400c9c80 f   libifcoremt:for_wseq.obj
 0001:000c9090       for_exit                   00000001400ca090 f   libifcoremt:for_exit.obj
 0001:000c90e0       for__add_to_lf_table       00000001400ca0e0 f   libifcoremt:for_need_lf.obj
 0001:000c95f0       for__rm_from_lf_table      00000001400ca5f0 f   libifcoremt:for_need_lf.obj
 0001:000c9750       for__process_start_time    00000001400ca750 f   libifcoremt:for_init.obj
 0001:000c9760       free_for__l_excpt_info     00000001400ca760 f   libifcoremt:for_init.obj
 0001:000c9790       for_enable_underflow       00000001400ca790 f   libifcoremt:for_init.obj
 0001:000c97c0       for_get_fpe_               00000001400ca7c0 f   libifcoremt:for_init.obj
 0001:000c9850       for_set_fpe_               00000001400ca850 f   libifcoremt:for_init.obj
 0001:000c99c0       for_fpe_service            00000001400ca9c0 f   libifcoremt:for_init.obj
 0001:000c9b40       for_get_fpe_counts_        00000001400cab40 f   libifcoremt:for_init.obj
 0001:000c9b90       for_rtl_finish_            00000001400cab90 f   libifcoremt:for_init.obj
 0001:000c9cb0       for__nt_signal_handler     00000001400cacb0 f   libifcoremt:for_init.obj
 0001:000cab60       GETEXCEPTIONPTRSQQ         00000001400cbb60 f   libifcoremt:for_init.obj
 0001:000cab80       for_rtl_init_wrap_         00000001400cbb80 f   libifcoremt:for_init.obj
 0001:000cb130       for_rtl_init_              00000001400cc130 f   libifcoremt:for_init.obj
 0001:000cb740       for__common_inquire        00000001400cc740 f   libifcoremt:for_common_inquire.obj
 0001:000cccd0       for__inquire_args          00000001400cdcd0 f   libifcoremt:for_common_inquire.obj
 0001:000cd530       for__close_proc            00000001400ce530 f   libifcoremt:for_close_proc.obj
 0001:000ce160       for__fpe_exit_handler      00000001400cf160 f   libifcoremt:for_exit_handler.obj
 0001:000ce240       for__exit_handler          00000001400cf240 f   libifcoremt:for_exit_handler.obj
 0001:000ceb70       tbk_stack_trace            00000001400cfb70 f   libifcoremt:tbk_traceback.obj
 0001:000cedc0       __msportlib_d_gethandle    00000001400cfdc0 f   libifcoremt:for_portlib.obj
 0001:000cf080       __msportlib_d_get_POSIX_fd 00000001400d0080 f   libifcoremt:for_portlib.obj
 0001:000cf250       __msportlib_set_posix_io_flag 00000001400d0250 f   libifcoremt:for_portlib.obj
 0001:000cf290       __msportlib_d_curpos       00000001400d0290 f   libifcoremt:for_portlib.obj
 0001:000cf3c0       __msportlib_d_curpos_i8    00000001400d03c0 f   libifcoremt:for_portlib.obj
 0001:000cf4e0       __msportlib_d_fseek        00000001400d04e0 f   libifcoremt:for_portlib.obj
 0001:000cf760       __msportlib_d_fseek_i8     00000001400d0760 f   libifcoremt:for_portlib.obj
 0001:000cf9d0       __msportlib_d_readchar     00000001400d09d0 f   libifcoremt:for_portlib.obj
 0001:000d0300       __msportlib_d_writechar    00000001400d1300 f   libifcoremt:for_portlib.obj
 0001:000d1ac0       COMMITQQ                   00000001400d2ac0 f   libifcoremt:for_portlib.obj
 0001:000d1b60       FLUSHQQ                    00000001400d2b60 f   libifcoremt:for_portlib.obj
 0001:000d1bf0       for__signal                00000001400d2bf0 f   libifcoremt:for_portlib.obj
 0001:000d1c00       for__raise                 00000001400d2c00 f   libifcoremt:for_portlib.obj
 0001:000d1c10       cvt_text_to_integer        00000001400d2c10 f   libifcoremt:cvt_text_to_int.obj
 0001:000d1f20       cvt_text_to_unsigned       00000001400d2f20 f   libifcoremt:cvt_text_to_int.obj
 0001:000d21d0       cvt_text_to_integer64      00000001400d31d0 f   libifcoremt:cvt_text_to_int.obj
 0001:000d24f0       cvt_text_to_unsigned64     00000001400d34f0 f   libifcoremt:cvt_text_to_int.obj
 0001:000d27c0       cvt_ieee_single_to_cray_   00000001400d37c0 f   libifcoremt:cvt_ieee_single.obj
 0001:000d2b80       CVT_IEEE_SINGLE_TO_CRAY    00000001400d3b80 f   libifcoremt:cvt_ieee_single.obj
 0001:000d2f40       cvt_ieee_single_to_cray    00000001400d3f40 f   libifcoremt:cvt_ieee_single.obj
 0001:000d3360       cvt_ieee_single_to_ibm_short_ 00000001400d4360 f   libifcoremt:cvt_ieee_single.obj
 0001:000d3780       CVT_IEEE_SINGLE_TO_IBM_SHORT 00000001400d4780 f   libifcoremt:cvt_ieee_single.obj
 0001:000d3ba0       cvt_ieee_single_to_ibm_short 00000001400d4ba0 f   libifcoremt:cvt_ieee_single.obj
 0001:000d4000       cvt_ieee_single_to_vax_f_  00000001400d5000 f   libifcoremt:cvt_ieee_single.obj
 0001:000d4330       CVT_IEEE_SINGLE_TO_VAX_F   00000001400d5330 f   libifcoremt:cvt_ieee_single.obj
 0001:000d4660       cvt_ieee_single_to_vax_f   00000001400d5660 f   libifcoremt:cvt_ieee_single.obj
 0001:000d4a60       cvt_ieee_double_to_cray_   00000001400d5a60 f   libifcoremt:cvt_ieee_double.obj
 0001:000d4ea0       CVT_IEEE_DOUBLE_TO_CRAY    00000001400d5ea0 f   libifcoremt:cvt_ieee_double.obj
 0001:000d52e0       cvt_ieee_double_to_cray    00000001400d62e0 f   libifcoremt:cvt_ieee_double.obj
 0001:000d57c0       cvt_ieee_double_to_ibm_long_ 00000001400d67c0 f   libifcoremt:cvt_ieee_double.obj
 0001:000d5c50       CVT_IEEE_DOUBLE_TO_IBM_LONG 00000001400d6c50 f   libifcoremt:cvt_ieee_double.obj
 0001:000d60e0       cvt_ieee_double_to_ibm_long 00000001400d70e0 f   libifcoremt:cvt_ieee_double.obj
 0001:000d65c0       cvt_ieee_double_to_vax_d_  00000001400d75c0 f   libifcoremt:cvt_ieee_double.obj
 0001:000d69d0       CVT_IEEE_DOUBLE_TO_VAX_D   00000001400d79d0 f   libifcoremt:cvt_ieee_double.obj
 0001:000d6de0       cvt_ieee_double_to_vax_d   00000001400d7de0 f   libifcoremt:cvt_ieee_double.obj
 0001:000d7270       cvt_ieee_double_to_vax_g_  00000001400d8270 f   libifcoremt:cvt_ieee_double.obj
 0001:000d7680       CVT_IEEE_DOUBLE_TO_VAX_G   00000001400d8680 f   libifcoremt:cvt_ieee_double.obj
 0001:000d7a90       cvt_ieee_double_to_vax_g   00000001400d8a90 f   libifcoremt:cvt_ieee_double.obj
 0001:000d7f30       cvt_ieee_double_to_vax_h_  00000001400d8f30 f   libifcoremt:cvt_ieee_double.obj
 0001:000d83a0       CVT_IEEE_DOUBLE_TO_VAX_H   00000001400d93a0 f   libifcoremt:cvt_ieee_double.obj
 0001:000d8810       cvt_ieee_double_to_vax_h   00000001400d9810 f   libifcoremt:cvt_ieee_double.obj
 0001:000d8ce0       cvt_vax_f_to_ieee_single_  00000001400d9ce0 f   libifcoremt:cvt_vax_f.obj
 0001:000d91a0       CVT_VAX_F_TO_IEEE_SINGLE   00000001400da1a0 f   libifcoremt:cvt_vax_f.obj
 0001:000d9660       cvt_vax_f_to_ieee_single   00000001400da660 f   libifcoremt:cvt_vax_f.obj
 0001:000d9b70       cvt_ibm_short_to_ieee_single_ 00000001400dab70 f   libifcoremt:cvt_ibm_short.obj
 0001:000da060       CVT_IBM_SHORT_TO_IEEE_SINGLE 00000001400db060 f   libifcoremt:cvt_ibm_short.obj
 0001:000da550       cvt_ibm_short_to_ieee_single 00000001400db550 f   libifcoremt:cvt_ibm_short.obj
 0001:000daaa0       cvt_vax_g_to_ieee_double_  00000001400dbaa0 f   libifcoremt:cvt_vax_g.obj
 0001:000dafb0       CVT_VAX_G_TO_IEEE_DOUBLE   00000001400dbfb0 f   libifcoremt:cvt_vax_g.obj
 0001:000db4c0       cvt_vax_g_to_ieee_double   00000001400dc4c0 f   libifcoremt:cvt_vax_g.obj
 0001:000dba40       cvt_vax_d_to_ieee_double_  00000001400dca40 f   libifcoremt:cvt_vax_d.obj
 0001:000dbf50       CVT_VAX_D_TO_IEEE_DOUBLE   00000001400dcf50 f   libifcoremt:cvt_vax_d.obj
 0001:000dc460       cvt_vax_d_to_ieee_double   00000001400dd460 f   libifcoremt:cvt_vax_d.obj
 0001:000dc9f0       cvt_ibm_long_to_ieee_double_ 00000001400dd9f0 f   libifcoremt:cvt_ibm_long.obj
 0001:000dceb0       CVT_IBM_LONG_TO_IEEE_DOUBLE 00000001400ddeb0 f   libifcoremt:cvt_ibm_long.obj
 0001:000dd370       cvt_ibm_long_to_ieee_double 00000001400de370 f   libifcoremt:cvt_ibm_long.obj
 0001:000dd900       cvt_cray_to_ieee_single_   00000001400de900 f   libifcoremt:cvt_cray.obj
 0001:000ddde0       CVT_CRAY_TO_IEEE_SINGLE    00000001400dede0 f   libifcoremt:cvt_cray.obj
 0001:000de2c0       cvt_cray_to_ieee_single    00000001400df2c0 f   libifcoremt:cvt_cray.obj
 0001:000de810       cvt_cray_to_ieee_double_   00000001400df810 f   libifcoremt:cvt_cray.obj
 0001:000ded40       CVT_CRAY_TO_IEEE_DOUBLE    00000001400dfd40 f   libifcoremt:cvt_cray.obj
 0001:000df270       cvt_cray_to_ieee_double    00000001400e0270 f   libifcoremt:cvt_cray.obj
 0001:000df800       cvt_data_to_text           00000001400e0800 f   libifcoremt:cvt_data_to_text.obj
 0001:000dfc20       cvt_data64_to_text         00000001400e0c20 f   libifcoremt:cvt_data_to_text.obj
 0001:000e0040       cvt_integer_to_text        00000001400e1040 f   libifcoremt:cvt_int_to_text.obj
 0001:000e0240       cvt_unsigned_to_text       00000001400e1240 f   libifcoremt:cvt_int_to_text.obj
 0001:000e0450       cvt_integer64_to_text      00000001400e1450 f   libifcoremt:cvt_int_to_text.obj
 0001:000e0680       cvt_unsigned64_to_text     00000001400e1680 f   libifcoremt:cvt_int_to_text.obj
 0001:000e08a0       cvt_boolean_to_text        00000001400e18a0 f   libifcoremt:cvt_log_to_text.obj
 0001:000e0b70       cvt_boolean_to_text_ex     00000001400e1b70 f   libifcoremt:cvt_log_to_text.obj
 0001:000e0e10       cvt_boolean64_to_text      00000001400e1e10 f   libifcoremt:cvt_log_to_text.obj
 0001:000e10a0       cvt_ieee_x_to_text_ex      00000001400e20a0 f   libifcoremt:cvt_cvtas_x.obj
 0001:000e2ab0       cvt_ieee_x_to_text         00000001400e3ab0 f   libifcoremt:cvt_cvtas_x.obj
 0001:000e40f0       cvt_text_to_ieee_x_ex      00000001400e50f0 f   libifcoremt:cvt_cvtas_x.obj
 0001:000e41d0       cvt_ieee_t_to_text_ex      00000001400e51d0 f   libifcoremt:cvt_cvtas_t.obj
 0001:000e5ae0       cvt_ieee_t_to_text         00000001400e6ae0 f   libifcoremt:cvt_cvtas_t.obj
 0001:000e7060       cvt_text_to_ieee_t_ex      00000001400e8060 f   libifcoremt:cvt_cvtas_t.obj
 0001:000e70f0       cvt_ieee_s_to_text_ex      00000001400e80f0 f   libifcoremt:cvt_cvtas_s.obj
 0001:000e8990       cvt_ieee_s_to_text         00000001400e9990 f   libifcoremt:cvt_cvtas_s.obj
 0001:000e9eb0       cvt_text_to_ieee_s_ex      00000001400eaeb0 f   libifcoremt:cvt_cvtas_s.obj
 0001:000e9f40       cvt_text_to_data           00000001400eaf40 f   libifcoremt:cvt_text_to_data.obj
 0001:000ea240       cvt_text_to_data64         00000001400eb240 f   libifcoremt:cvt_text_to_data.obj
 0001:000ea530       cvt_text_to_boolean        00000001400eb530 f   libifcoremt:cvt_text_to_log.obj
 0001:000ea630       cvt_text_to_boolean64      00000001400eb630 f   libifcoremt:cvt_text_to_log.obj
 0001:000ea730       FOCUSQQ                    00000001400eb730 f   libifcoremt:for_m_qwin.obj
 0001:000eaa90       INQFOCUSQQ                 00000001400eba90 f   libifcoremt:for_m_qwin.obj
 0001:000eabb0       _unit2handle               00000001400ebbb0 f   libifcoremt:for_m_qwin.obj
 0001:000eaee0       _qwunit2handle             00000001400ebee0 f   libifcoremt:for_m_qwin.obj
 0001:000eaf70       _handle2unit               00000001400ebf70 f   libifcoremt:for_m_qwin.obj
 0001:000eb040       GETHANDLEQQ                00000001400ec040 f   libifcoremt:for_m_qwin.obj
 0001:000eb360       GETUNITQQ                  00000001400ec360 f   libifcoremt:for_m_qwin.obj
 0001:000eb440       GETHWNDQQ                  00000001400ec440 f   libifcoremt:for_m_qwin.obj
 0001:000eb7b0       SETWSIZEQQ                 00000001400ec7b0 f   libifcoremt:for_m_qwin.obj
 0001:000ebbe0       GETWSIZEQQ                 00000001400ecbe0 f   libifcoremt:for_m_qwin.obj
 0001:000ec0c0       _FQclearscreen             00000001400ed0c0 f   libifcoremt:for_m_qwin.obj
 0001:000ec0d0       _FQdisplaycursor           00000001400ed0d0 f   libifcoremt:for_m_qwin.obj
 0001:000ec0e0       _fq_outtext                00000001400ed0e0 f   libifcoremt:for_m_qwin.obj
 0001:000ec210       _FQscrolltextwindow        00000001400ed210 f   libifcoremt:for_m_qwin.obj
 0001:000ec220       _fq_gettextposition        00000001400ed220 f   libifcoremt:for_m_qwin.obj
 0001:000ec230       _fq_settextposition        00000001400ed230 f   libifcoremt:for_m_qwin.obj
 0001:000ec240       for__preconnected_units_create 00000001400ed240 f   libifcoremt:for_preconnected_units_init.obj
 0001:000ec510       for__default_io_sizes_env_init 00000001400ed510 f   libifcoremt:for_default_io_sizes_env_init.obj
 0001:000ec790       cvtas_x_to_a               00000001400ed790 f   libifcoremt:cvtas_x_to_a.obj
 0001:000f2430       cvtas_a_to_x               00000001400f3430 f   libifcoremt:cvtas_a_to_x.obj
 0001:000f7ce0       cvtas_t_to_a               00000001400f8ce0 f   libifcoremt:cvtas_t_to_a.obj
 0001:000fd7c0       cvtas_a_to_t               00000001400fe7c0 f   libifcoremt:cvtas_a_to_t.obj
 0001:00100700       cvtas_s_to_a               0000000140101700 f   libifcoremt:cvtas_s_to_a.obj
 0001:001061f0       cvtas_a_to_s               00000001401071f0 f   libifcoremt:cvtas_a_to_s.obj
 0001:00107910       cvtas__nan_x               0000000140108910 f   libifcoremt:cvtas_nan_x.obj
 0001:00107a20       cvtas__nan_t               0000000140108a20 f   libifcoremt:cvtas_nan_t.obj
 0001:00107b20       cvtas__nan_s               0000000140108b20 f   libifcoremt:cvtas_nan_s.obj
 0001:00107c30       fmodf                      0000000140108c30 f   libmmt:fmodf_iface_c99.obj
 0001:00107c50       cosf                       0000000140108c50 f   libmmt:cosf_iface_c99.obj
 0001:00107c70       expf                       0000000140108c70 f   libmmt:expf_iface_c99.obj
 0001:00107c90       logf                       0000000140108c90 f   libmmt:logf_iface_c99.obj
 0001:00107cb0       log10f                     0000000140108cb0 f   libmmt:log10f_iface_c99.obj
 0001:00107cd0       sinf                       0000000140108cd0 f   libmmt:sinf_iface_c99.obj
 0001:00107cf0       tanf                       0000000140108cf0 f   libmmt:tanf_iface_c99.obj
 0001:00107d10       asinf                      0000000140108d10 f   libmmt:asinf_iface_c99.obj
 0001:00107d30       acosf                      0000000140108d30 f   libmmt:acosf_iface_c99.obj
 0001:00107d50       atan2f                     0000000140108d50 f   libmmt:atan2f_iface_c99.obj
 0001:00107d70       fetestexcept               0000000140108d70 f   libmmt:fetestexcept_iface_c99.obj
 0001:00107d90       truncf                     0000000140108d90 f   libmmt:truncf_iface_c99.obj
 0001:00107db0       trunc                      0000000140108db0 f   libmmt:trunc_iface_c99.obj
 0001:00107dd0       lroundf                    0000000140108dd0 f   libmmt:lroundf_iface_c99.obj
 0001:00107df0       llroundf                   0000000140108df0 f   libmmt:llroundf_iface_c99.obj
 0001:00107e10       lround                     0000000140108e10 f   libmmt:lround_iface_c99.obj
 0001:00107e30       llround                    0000000140108e30 f   libmmt:llround_iface_c99.obj
 0001:00107e50       __libm_fmodf               0000000140108e50 f   libmmt:fmodf_iface_disp.obj
 0001:00107f10       __libm_cosf                0000000140108f10 f   libmmt:cosf_iface_disp.obj
 0001:00107fc0       __libm_expf                0000000140108fc0 f   libmmt:expf_iface_disp.obj
 0001:00108070       __libm_logf                0000000140109070 f   libmmt:logf_iface_disp.obj
 0001:00108120       __libm_log10f              0000000140109120 f   libmmt:log10f_iface_disp.obj
 0001:001081d0       __libm_sinf                00000001401091d0 f   libmmt:sinf_iface_disp.obj
 0001:00108280       __libm_tanf                0000000140109280 f   libmmt:tanf_iface_disp.obj
 0001:00108330       __libm_asinf               0000000140109330 f   libmmt:asinf_iface_disp.obj
 0001:001083e0       __libm_acosf               00000001401093e0 f   libmmt:acosf_iface_disp.obj
 0001:00108490       __libm_atan2f              0000000140109490 f   libmmt:atan2f_iface_disp.obj
 0001:00108550       __libm_fetestexcept_ex     0000000140109550 f   libmmt:fetestexcept.obj
 0001:001085d0       __libm_truncf_ex           00000001401095d0 f   libmmt:truncf.obj
 0001:00108640       __libm_trunc               0000000140109640 f   libmmt:trunc_iface_disp.obj
 0001:001086f0       __libm_lroundf             00000001401096f0 f   libmmt:lroundf_iface_disp.obj
 0001:001087a0       __libm_llroundf            00000001401097a0 f   libmmt:llroundf_iface_disp.obj
 0001:00108850       __libm_lround              0000000140109850 f   libmmt:lround_iface_disp.obj
 0001:00108900       __libm_llround             0000000140109900 f   libmmt:llround_iface_disp.obj
 0001:001089b0       __libm_feature_flag_init   00000001401099b0 f   libmmt:libm_feature_flag.obj
 0001:00108bc0       __libm_fmodf_ex            0000000140109bc0 f   libmmt:fmodf_gen.obj
 0001:00108bf0       __libm_fmodf_e7            0000000140109bf0 f   libmmt:fmodf_ct.obj
 0001:00108dd0       __libm_cosf_ex             0000000140109dd0 f   libmmt:cosf_gen.obj
 0001:00109060       __libm_cosf_e7             000000014010a060 f   libmmt:cosf_ct.obj
 0001:00109300       __libm_cosf_l9             000000014010a300 f   libmmt:cosf_avx2.obj
 0001:00109450       __libm_cosf_b3             000000014010a450 f   libmmt:cosf_knl.obj
 0001:00109580       __libm_expf_ex             000000014010a580 f   libmmt:expf_gen.obj
 0001:001097a0       __libm_expf_e7             000000014010a7a0 f   libmmt:expf_ct.obj
 0001:001099c0       __libm_expf_l9             000000014010a9c0 f   libmmt:expf_avx2.obj
 0001:00109a90       __libm_logf_ex             000000014010aa90 f   libmmt:logf_gen.obj
 0001:00109c90       __libm_logf_e7             000000014010ac90 f   libmmt:logf_ct.obj
 0001:00109e60       __libm_logf_l9             000000014010ae60 f   libmmt:logf_avx2.obj
 0001:00109f60       __libm_log10f_ex           000000014010af60 f   libmmt:log10f_gen.obj
 0001:0010a1c0       __libm_log10f_e7           000000014010b1c0 f   libmmt:log10f_ct.obj
 0001:0010a3b0       __libm_log10f_l9           000000014010b3b0 f   libmmt:log10f_avx2.obj
 0001:0010a5c0       __libm_sinf_ex             000000014010b5c0 f   libmmt:sinf_gen.obj
 0001:0010a840       __libm_sinf_e7             000000014010b840 f   libmmt:sinf_ct.obj
 0001:0010aac0       __libm_sinf_l9             000000014010bac0 f   libmmt:sinf_avx2.obj
 0001:0010ac00       __libm_sinf_b3             000000014010bc00 f   libmmt:sinf_knl.obj
 0001:0010ad20       __libm_tanf_ex             000000014010bd20 f   libmmt:tanf_gen.obj
 0001:0010af90       __libm_tanf_e7             000000014010bf90 f   libmmt:tanf_ct.obj
 0001:0010b400       __libm_tanf_l9             000000014010c400 f   libmmt:tanf_avx2.obj
 0001:0010b5a0       __libm_tanf_b3             000000014010c5a0 f   libmmt:tanf_knl.obj
 0001:0010b700       __libm_asinf_ex            000000014010c700 f   libmmt:asinf_gen.obj
 0001:0010ba40       __libm_asinf_e7            000000014010ca40 f   libmmt:asinf_ct.obj
 0001:0010bc10       __libm_asinf_l9            000000014010cc10 f   libmmt:asinf_avx2.obj
 0001:0010be80       __libm_asinf_b3            000000014010ce80 f   libmmt:asinf_knl.obj
 0001:0010c0b0       __libm_acosf_ex            000000014010d0b0 f   libmmt:acosf_gen.obj
 0001:0010c370       __libm_acosf_e7            000000014010d370 f   libmmt:acosf_ct.obj
 0001:0010c5d0       __libm_acosf_l9            000000014010d5d0 f   libmmt:acosf_avx2.obj
 0001:0010c8a0       __libm_acosf_b3            000000014010d8a0 f   libmmt:acosf_knl.obj
 0001:0010cb20       __libm_atan2f_ex           000000014010db20 f   libmmt:atan2f_gen.obj
 0001:0010d090       __libm_atan2f_e7           000000014010e090 f   libmmt:atan2f_ct.obj
 0001:0010d5b0       __libm_atan2f_l9           000000014010e5b0 f   libmmt:atan2f_avx2.obj
 0001:0010d860       __libm_atan2f_b3           000000014010e860 f   libmmt:atan2f_knl.obj
 0001:0010db90       __libm_trunc_ex            000000014010eb90 f   libmmt:trunc_gen.obj
 0001:0010dc30       __libm_trunc_e7            000000014010ec30 f   libmmt:trunc_ct.obj
 0001:0010dc90       __libm_trunc_y8            000000014010ec90 f   libmmt:trunc_pnr.obj
 0001:0010dcb0       __libm_lroundf_ex          000000014010ecb0 f   libmmt:lroundf_gen.obj
 0001:0010dd80       __libm_lroundf_e7          000000014010ed80 f   libmmt:lroundf_ct.obj
 0001:0010de80       __libm_llroundf_ex         000000014010ee80 f   libmmt:llroundf_gen.obj
 0001:0010df60       __libm_llroundf_e7         000000014010ef60 f   libmmt:llroundf_ct.obj
 0001:0010e090       __libm_lround_ex           000000014010f090 f   libmmt:lround_gen.obj
 0001:0010e1a0       __libm_lround_e7           000000014010f1a0 f   libmmt:lround_ct.obj
 0001:0010e2d0       __libm_llround_ex          000000014010f2d0 f   libmmt:llround_gen.obj
 0001:0010e3b0       __libm_llround_e7          000000014010f3b0 f   libmmt:llround_ct.obj
 0001:0010e530       __libm_fmod_ex             000000014010f530 f   libmmt:fmod_gen.obj
 0001:0010e710       __libm_copy_value          000000014010f710 f   libmmt:libm_error.obj
 0001:0010eac0       __libm_error_support       000000014010fac0 f   libmmt:libm_error.obj
 0001:0010f340       __libm_setusermatherrl     0000000140110340 f   libmmt:libm_error.obj
 0001:0010f370       __libm_setusermatherr      0000000140110370 f   libmmt:libm_error.obj
 0001:0010f3a0       __libm_setusermatherrf     00000001401103a0 f   libmmt:libm_error.obj
 0001:0010f3d0       __libm_tan_ex              00000001401103d0 f   libmmt:tan_gen.obj
 0001:0010fc30       __libm_matherrl            0000000140110c30 f   libmmt:matherrl_iface_disp.obj
 0001:0010fc50       __libm_matherr             0000000140110c50 f   libmmt:matherr_iface_disp.obj
 0001:0010fc70       __libm_matherrf            0000000140110c70 f   libmmt:matherrf_iface_disp.obj
 0001:0010fc90       __libm_matherrl_ex         0000000140110c90 f   libmmt:matherrl.obj
 0001:0010fcb0       __libm_matherr_ex          0000000140110cb0 f   libmmt:matherr.obj
 0001:0010fcd0       __libm_matherrf_ex         0000000140110cd0 f   libmmt:matherrf.obj
 0001:0010fcf0       __intel_new_feature_proc_init 0000000140110cf0 f   libirc:new_proc_init.obj
 0001:00110100       _intel_fast_memset.A       0000000140111100 f   libirc:fastmemset.obj
 0001:00110110       _intel_fast_memset.J       0000000140111110 f   libirc:fastmemset.obj
 0001:00110120       _intel_fast_memset.V       0000000140111120 f   libirc:fastmemset.obj
 0001:00110130       _intel_fast_memset.Z       0000000140111130 f   libirc:fastmemset.obj
 0001:00110140       _intel_fast_memset.a       0000000140111140 f   libirc:fastmemset.obj
 0001:00110150       _intel_fast_memset         0000000140111150 f   libirc:fastmemset.obj
 0001:001101d0       _intel_fast_memcpy.A       00000001401111d0 f   libirc:fastmemcpy.obj
 0001:001101e0       _intel_fast_memcpy.J       00000001401111e0 f   libirc:fastmemcpy.obj
 0001:001101f0       _intel_fast_memcpy.V       00000001401111f0 f   libirc:fastmemcpy.obj
 0001:00110200       _intel_fast_memcpy.Z       0000000140111200 f   libirc:fastmemcpy.obj
 0001:00110210       _intel_fast_memcpy.a       0000000140111210 f   libirc:fastmemcpy.obj
 0001:00110220       _intel_fast_memcpy         0000000140111220 f   libirc:fastmemcpy.obj
 0001:001102a0       __intel_sse2_strchr        00000001401112a0 f   libirc:sse2_strchr.obj
 0001:001102f0       __intel_sse2_strlen        00000001401112f0 f   libirc:sse2_strlen.obj
 0001:00110320       __intel_sse2_strncmp       0000000140111320 f   libirc:sse2_strncmp.obj
 0001:00110640       __intel_sse2_stricmp       0000000140111640 f   libirc:sse2_stricmp.obj
 0001:00110fa0       __intel_lib_wrappers_init  0000000140111fa0 f   libirc:intel_lib_vs_wrappers_init.obj
 0001:00111530       _intel_fast_memcmp         0000000140112530 f   libirc:ia32_memcmp.obj
 0001:001115c0       __qtoj                     00000001401125c0 f   libirc:q2ints.obj
 0001:00111770       __qtok                     0000000140112770 f   libirc:q2ints.obj
 0001:00111870       __qtoi                     0000000140112870 f   libirc:q2ints.obj
 0001:001119d0       __qtou                     00000001401129d0 f   libirc:q2ints.obj
 0001:00111aa0       __ktoq                     0000000140112aa0 f   libirc:ints2q.obj
 0001:00111b40       __jtoq                     0000000140112b40 f   libirc:ints2q.obj
 0001:00111c00       __itoq                     0000000140112c00 f   libirc:ints2q.obj
 0001:00111c70       __utoq                     0000000140112c70 f   libirc:ints2q.obj
 0001:00111cc0       __divq.L                   0000000140112cc0 f   libirc:ia32_divq.obj
 0001:00112b20       __divq.A                   0000000140113b20 f   libirc:ia32_divq.obj
 0001:00113990       __divq                     0000000140114990 f   libirc:ia32_divq.obj
 0001:00114ce0       __addq                     0000000140115ce0 f   libirc:ia32_addsubq.obj
 0001:00114d60       __subq                     0000000140115d60 f   libirc:ia32_addsubq.obj
 0001:00116ba0       __eqq                      0000000140117ba0 f   libirc:qcomp.obj
 0001:00116c20       __neq                      0000000140117c20 f   libirc:qcomp.obj
 0001:00116ca0       __leq                      0000000140117ca0 f   libirc:qcomp.obj
 0001:00116d90       __ltq                      0000000140117d90 f   libirc:qcomp.obj
 0001:00116e80       __geq                      0000000140117e80 f   libirc:qcomp.obj
 0001:00116f70       __gtq                      0000000140117f70 f   libirc:qcomp.obj
 0001:00117060       __compareq                 0000000140118060 f   libirc:qcomp.obj
 0001:00117150       __dtoq                     0000000140118150 f   libirc:fp2q.obj
 0001:00117230       __ltoq                     0000000140118230 f   libirc:fp2q.obj
 0001:001172a0       __ftoq                     00000001401182a0 f   libirc:fp2q.obj
 0001:00117350       __qtod                     0000000140118350 f   libirc:q2fp.obj
 0001:00117640       __qtol                     0000000140118640 f   libirc:q2fp.obj
 0001:00117870       __qtof                     0000000140118870 f   libirc:q2fp.obj
 0001:00117b20       __intel_sse2_strcpy        0000000140118b20 f   libirc:sse2_strcpy.obj
 0001:00117c80       __intel_sse2_strtok        0000000140118c80 f   libirc:sse2_strtok.obj
 0001:001181f0       __intel_sse2_strcat        00000001401191f0 f   libirc:sse2_strcat.obj
 0001:00118390       tbk_string_stack_signal    0000000140119390 f   libirc:tbk_display.obj
 0001:00118400       tbk_string_stack_signal_impl 0000000140119400 f   libirc:tbk_display.obj
 0001:001191a0       __intel_cpu_features_init_x 000000014011a1a0 f   libirc:cpu_feature_disp.obj
 0001:001191c0       __intel_cpu_features_init  000000014011a1c0 f   libirc:cpu_feature_disp.obj
 0001:00119760       __libirc_get_msg           000000014011a760 f   libirc:irc_msg_support.obj
 0001:001199b0       __libirc_print             000000014011a9b0 f   libirc:irc_msg_support.obj
 0001:00119cd0       get_feature_name           000000014011acd0 f   libirc:isa_defs_common.obj
 0001:0011a010       isa_init_once              000000014011b010 f   libirc:isa_defs_common.obj
 0001:0011a340       __intel_proc_init_ftzdazule 000000014011b340 f   libirc:proc_init_utils.obj
 0001:0011a480       __intel_memset             000000014011b480 f   libirc:fast_memset.obj
 0001:0011a480       __intel_new_memset         000000014011b480 f   libirc:fast_memset.obj
 0001:0011ae80       __intel_avx_rep_memset     000000014011be80 f   libirc:intel_avx_rep_memset.obj
 0001:0011bec0       __intel_mic_avx512f_memset 000000014011cec0 f   libirc:intel_mic_avx512f_memset.obj
 0001:0011d7c0       __intel_new_memcpy         000000014011e7c0 f   libirc:fast_memcpy.obj
 0001:0011d7c0       __intel_memcpy             000000014011e7c0 f   libirc:fast_memcpy.obj
 0001:0011e870       __intel_avx_rep_memcpy     000000014011f870 f   libirc:intel_avx_rep_memcpy.obj
 0001:00120100       __intel_mic_avx512f_memcpy 0000000140121100 f   libirc:intel_mic_avx512f_memcpy.obj
 0001:00121c40       tbk_getPC                  0000000140122c40 f   libirc:tbk_backtrace.obj
 0001:00121c50       tbk_getRetAddr             0000000140122c50 f   libirc:tbk_backtrace.obj
 0001:00121c60       tbk_getFramePtr            0000000140122c60 f   libirc:tbk_backtrace.obj
 0001:00121c70       tbk_getSP                  0000000140122c70 f   libirc:tbk_backtrace.obj
 0001:00121c80       tbk_getBStore              0000000140122c80 f   libirc:tbk_backtrace.obj
 0001:00121c90       tbk_getModuleName          0000000140122c90 f   libirc:tbk_backtrace.obj
 0001:00121de0       tbk_get_pc_info            0000000140122de0 f   libirc:tbk_backtrace.obj
 0001:001223c0       tbk_get_pc_info_pie        00000001401233c0 f   libirc:tbk_backtrace.obj
 0001:00122c80       tbk_geterrorstring         0000000140123c80 f   libirc:tbk_backtrace.obj
 0001:00122c90       tbk_trace_stack            0000000140123c90 f   libirc:tbk_backtrace.obj
 0001:00122cf0       tbk_trace_stack_impl       0000000140123cf0 f   libirc:tbk_backtrace.obj
 0001:00123610       __cacheSize                0000000140124610 f   libirc:fast_mem_ops.obj
 0001:001242d0       _QWINGethWnd               00000001401252d0 f   ifconsol:for_m_console.obj
 0001:001242f0       _QWINTGethFrame            00000001401252f0 f   ifconsol:for_m_console.obj
 0001:00124310       _QWINGetFocus              0000000140125310 f   ifconsol:for_m_console.obj
 0001:00124330       ChangeQWINCP               0000000140125330 f   ifconsol:for_m_console.obj
 0001:00124340       _QWINGetFileName           0000000140125340 f   ifconsol:for_m_console.obj
 0001:00124360       _QWINGetTitle              0000000140125360 f   ifconsol:for_m_console.obj
 0001:00124380       _wgopen                    0000000140125380 f   ifconsol:for_m_console.obj
 0001:001243a0       _QWINClose                 00000001401253a0 f   ifconsol:for_m_console.obj
 0001:001243c0       _wgsetactive               00000001401253c0 f   ifconsol:for_m_console.obj
 0001:001243e0       _wggetactive               00000001401253e0 f   ifconsol:for_m_console.obj
 0001:00124400       RegisterGetHandleQQ        0000000140125400 f   ifconsol:for_m_console.obj
 0001:00124410       RegisterGetUnitQQ          0000000140125410 f   ifconsol:for_m_console.obj
 0001:00124420       _QWINWrite                 0000000140125420 f   ifconsol:for_m_console.obj
 0001:00124440       _QWINSetIOFOCUS            0000000140125440 f   ifconsol:for_m_console.obj
 0001:00124460       _QWINRead                  0000000140125460 f   ifconsol:for_m_console.obj
 0001:00124480       YIELDQQ                    0000000140125480 f   ifconsol:for_m_console.obj
 0001:001244a0       _QWINSetSize               00000001401254a0 f   ifconsol:for_m_console.obj
 0001:001244c0       _QWINGetSize               00000001401254c0 f   ifconsol:for_m_console.obj
 0001:001244e0       _QWINMsgBox                00000001401254e0 f   ifconsol:for_m_console.obj
 0001:00124500       _QWINRegisterEnd           0000000140125500 f   ifconsol:for_m_console.obj
 0001:00124520       _inchar                    0000000140125520 f   ifconsol:for_m_console.obj
 0001:00124540       _QWINSetFocus              0000000140125540 f   ifconsol:for_m_console.obj
 0001:00124560       _clearscreen               0000000140125560 f   ifconsol:for_m_console.obj
 0001:00124580       _displaycursor             0000000140125580 f   ifconsol:for_m_console.obj
 0001:001245a0       _scrolltextwindow          00000001401255a0 f   ifconsol:for_m_console.obj
 0001:001245c0       _f_gettextposition         00000001401255c0 f   ifconsol:for_m_console.obj
 0001:001245e0       _f_outtext                 00000001401255e0 f   ifconsol:for_m_console.obj
 0001:001245f0       _f_settextposition         00000001401255f0 f   ifconsol:for_m_console.obj
 0001:00124600       _QWINNiceExit              0000000140125600 f   ifconsol:for_m_console.obj
 0001:00124620       _QWINRegisterInit          0000000140125620 f   ifconsol:for_m_console.obj
 0001:00124640       _QWINGetDefaultWindow      0000000140125640 f   ifconsol:for_m_console.obj
 0001:00124660       main                       0000000140125660 f   libifcoremt:for_main.obj
 0001:00124770       for__nt_handler_jacket     0000000140125770 f   libifcoremt:for_main.obj
 0001:001247c0       for__nt_user_handler_jacket 00000001401257c0 f   libifcoremt:for_main.obj
 0001:00124840       exception_dump             0000000140125840 f   libifcoremt:for_main.obj
 0001:00124850       ADDRESSOF                  0000000140125850 f   ARAPlib_lib:C2Fortran.obj
 0001:00124860       ADDRESS_EFFECT             0000000140125860 f   ARAPlib_lib:C2Fortran.obj
 0001:00124870       ADDRESS_INTEGER            0000000140125870 f   ARAPlib_lib:C2Fortran.obj
 0001:00124880       ADDRESS_INTEGERARRAY       0000000140125880 f   ARAPlib_lib:C2Fortran.obj
 0001:00124890       ADDRESS_MESSAGE            0000000140125890 f   ARAPlib_lib:C2Fortran.obj
 0001:001248a0       ADDRESS_PROMPT2DCOMPOUT    00000001401258a0 f   ARAPlib_lib:C2Fortran.obj
 0001:001248b0       ADDRESS_PROMPT2DCOMPOUTARRAY 00000001401258b0 f   ARAPlib_lib:C2Fortran.obj
 0001:001248c0       ADDRESS_PROMPT2DINITOUT    00000001401258c0 f   ARAPlib_lib:C2Fortran.obj
 0001:001248d0       ADDRESS_PROMPTCOMPIN       00000001401258d0 f   ARAPlib_lib:C2Fortran.obj
 0001:001248e0       ADDRESS_PROMPTCOMPOUT      00000001401258e0 f   ARAPlib_lib:C2Fortran.obj
 0001:001248f0       ADDRESS_PROMPTCOMPOUTARRAY 00000001401258f0 f   ARAPlib_lib:C2Fortran.obj
 0001:00124900       ADDRESS_PROMPTINITIN       0000000140125900 f   ARAPlib_lib:C2Fortran.obj
 0001:00124910       ADDRESS_PROMPTINITOUT      0000000140125910 f   ARAPlib_lib:C2Fortran.obj
 0001:00124920       ADDRESS_REAL               0000000140125920 f   ARAPlib_lib:C2Fortran.obj
 0001:00124930       ADDRESS_REALARRAY          0000000140125930 f   ARAPlib_lib:C2Fortran.obj
 0001:00124960       ADDRESS_RELEASE            0000000140125960 f   ARAPlib_lib:C2Fortran.obj
 0001:001249e0       ADDRESS_STRING             00000001401259e0 f   ARAPlib_lib:C2Fortran.obj
 0001:001249f0       ADDRESS_UPDATE             00000001401259f0 f   ARAPlib_lib:C2Fortran.obj
 0001:00124a00       ADDRESS_UPDATEMC           0000000140125a00 f   ARAPlib_lib:C2Fortran.obj
 0001:00124a10       EFFECT_ADDRESS             0000000140125a10 f   ARAPlib_lib:C2Fortran.obj
 0001:00124a30       INTEGERARRAY_ADDRESS       0000000140125a30 f   ARAPlib_lib:C2Fortran.obj
 0001:00124a40       INTEGER_ADDRESS            0000000140125a40 f   ARAPlib_lib:C2Fortran.obj
 0001:00124a50       MESSAGE_ADDRESS            0000000140125a50 f   ARAPlib_lib:C2Fortran.obj
 0001:00124af0       PROMPT2DCOMPOUTARRAY_ADDRESS 0000000140125af0 f   ARAPlib_lib:C2Fortran.obj
 0001:00124b00       PROMPT2DCOMPOUT_ADDRESS    0000000140125b00 f   ARAPlib_lib:C2Fortran.obj
 0001:00124b10       PROMPT2DINITOUT_ADDRESS    0000000140125b10 f   ARAPlib_lib:C2Fortran.obj
 0001:00124b20       PROMPTCOMPIN_ADDRESS       0000000140125b20 f   ARAPlib_lib:C2Fortran.obj
 0001:00124b30       PROMPTCOMPOUTARRAY_ADDRESS 0000000140125b30 f   ARAPlib_lib:C2Fortran.obj
 0001:00124b40       PROMPTCOMPOUT_ADDRESS      0000000140125b40 f   ARAPlib_lib:C2Fortran.obj
 0001:00124b50       PROMPTINITIN_ADDRESS       0000000140125b50 f   ARAPlib_lib:C2Fortran.obj
 0001:00124b60       PROMPTINITOUT_ADDRESS      0000000140125b60 f   ARAPlib_lib:C2Fortran.obj
 0001:00124b70       REALARRAY_ADDRESS          0000000140125b70 f   ARAPlib_lib:C2Fortran.obj
 0001:00124ba0       REAL_ADDRESS               0000000140125ba0 f   ARAPlib_lib:C2Fortran.obj
 0001:00124bb0       RELEASE_ADDRESS            0000000140125bb0 f   ARAPlib_lib:C2Fortran.obj
 0001:00124c30       UPDATEMC_ADDRESS           0000000140125c30 f   ARAPlib_lib:C2Fortran.obj
 0001:00124c40       UPDATE_ADDRESS             0000000140125c40 f   ARAPlib_lib:C2Fortran.obj
 0001:00124c50       VALUE_REFERENCE            0000000140125c50 f   ARAPlib_lib:C2Fortran.obj
 0001:00124c60       address_effect_            0000000140125c60 f   ARAPlib_lib:C2Fortran.obj
 0001:00124c80       address_integer_           0000000140125c80 f   ARAPlib_lib:C2Fortran.obj
 0001:00124c90       address_integerarray_      0000000140125c90 f   ARAPlib_lib:C2Fortran.obj
 0001:00124cc0       address_message_           0000000140125cc0 f   ARAPlib_lib:C2Fortran.obj
 0001:00124d60       address_prompt2Dcompout    0000000140125d60 f   ARAPlib_lib:C2Fortran.obj
 0001:00124d80       address_prompt2Dcompoutarray 0000000140125d80 f   ARAPlib_lib:C2Fortran.obj
 0001:00124dc0       address_prompt2Dinitout    0000000140125dc0 f   ARAPlib_lib:C2Fortran.obj
 0001:00124dd0       address_promptcompin_      0000000140125dd0 f   ARAPlib_lib:C2Fortran.obj
 0001:00124de0       address_promptcompout      0000000140125de0 f   ARAPlib_lib:C2Fortran.obj
 0001:00124e80       address_promptcompoutarray 0000000140125e80 f   ARAPlib_lib:C2Fortran.obj
 0001:00124f50       address_promptinitin_      0000000140125f50 f   ARAPlib_lib:C2Fortran.obj
 0001:00124ff0       address_promptinitout      0000000140125ff0 f   ARAPlib_lib:C2Fortran.obj
 0001:00125030       address_string_            0000000140126030 f   ARAPlib_lib:C2Fortran.obj
 0001:00125060       address_update_            0000000140126060 f   ARAPlib_lib:C2Fortran.obj
 0001:001250e0       address_updatemc_          00000001401260e0 f   ARAPlib_lib:C2Fortran.obj
 0001:00125160       addressof_                 0000000140126160 f   ARAPlib_lib:C2Fortran.obj
 0001:00125170       integerarray_address_      0000000140126170 f   ARAPlib_lib:C2Fortran.obj
 0001:001251a0       prompt2Dcompout_address    00000001401261a0 f   ARAPlib_lib:C2Fortran.obj
 0001:001251c0       prompt2dcompoutarray_address_ 00000001401261c0 f   ARAPlib_lib:C2Fortran.obj
 0001:00125200       prompt2dinitout_address_   0000000140126200 f   ARAPlib_lib:C2Fortran.obj
 0001:00125210       promptcompin_address       0000000140126210 f   ARAPlib_lib:C2Fortran.obj
 0001:00125220       promptcompout_address      0000000140126220 f   ARAPlib_lib:C2Fortran.obj
 0001:001252c0       promptcompoutarray_address_ 00000001401262c0 f   ARAPlib_lib:C2Fortran.obj
 0001:00125390       promptinitin_address       0000000140126390 f   ARAPlib_lib:C2Fortran.obj
 0001:00125430       promptinitout_address_     0000000140126430 f   ARAPlib_lib:C2Fortran.obj
 0001:00125470       update_address_            0000000140126470 f   ARAPlib_lib:C2Fortran.obj
 0001:001254f0       updatemc_address_          00000001401264f0 f   ARAPlib_lib:C2Fortran.obj
 0001:00125570       value_reference_           0000000140126570 f   ARAPlib_lib:C2Fortran.obj
 0001:00125574       SCIPINITERROR              0000000140126574 f   SCIPtool:SCIPtool.dll
 0001:0012557a       SCIPGETLASTERROR           000000014012657a f   SCIPtool:SCIPtool.dll
 0001:00125580       SCIPINITTOOL               0000000140126580 f   SCIPtool:SCIPtool.dll
 0001:00125586       SCIPSIZEPROJECTMC          0000000140126586 f   SCIPtool:SCIPtool.dll
 0001:0012558c       SCIPEXITTOOL               000000014012658c f   SCIPtool:SCIPtool.dll
 0001:00125592       SCIPDEFAULTINPF            0000000140126592 f   SCIPtool:SCIPtool.dll
 0001:00125598       SCIPLOADINPF               0000000140126598 f   SCIPtool:SCIPtool.dll
 0001:0012559e       SCIPDEFAULTWEATHERF        000000014012659e f   SCIPtool:SCIPtool.dll
 0001:001255a4       SCIPLOADWEATHERF           00000001401265a4 f   SCIPtool:SCIPtool.dll
 0001:001255aa       SCIPNEWPROJECTMC           00000001401265aa f   SCIPtool:SCIPtool.dll
 0001:001255b0       SCIPRUNPROJECT             00000001401265b0 f   SCIPtool:SCIPtool.dll
 0001:001255b6       SCIPLOADRELEASEMCF         00000001401265b6 f   SCIPtool:SCIPtool.dll
 0001:001255bc       SCIPWRITERELEASEMCF        00000001401265bc f   SCIPtool:SCIPtool.dll
 0001:001255c2       SCIPCHECKBUTTONS           00000001401265c2 f   SCIPtool:SCIPtool.dll
 0001:001255c8       SCIPNEWPROJECT             00000001401265c8 f   SCIPtool:SCIPtool.dll
 0001:001255ce       SCIPDEFAULTMATERIALF       00000001401265ce f   SCIPtool:SCIPtool.dll
 0001:001255d4       DtmsExtendedZone           00000001401265d4 f   SWIM:SWIM.dll
 0001:001255da       DtmsExtendedZone8          00000001401265da f   SWIM:SWIM.dll
 0001:001255e0       DtmsUTMfromLLAdomain       00000001401265e0 f   SWIM:SWIM.dll
 0001:001255e6       DtmsInitDatums             00000001401265e6 f   SWIM:SWIM.dll
 0001:001255ec       ADDNULL                    00000001401265ec f   SYStool:SYStool.dll
 0001:001255f2       SPLITNAME                  00000001401265f2 f   SYStool:SYStool.dll
 0001:001255f8       ADDPATH                    00000001401265f8 f   SYStool:SYStool.dll
 0001:001255fe       STRIPNULL                  00000001401265fe f   SYStool:SYStool.dll
 0001:00125604       SYSGETPROFILESTRING        0000000140126604 f   SYStool:SYStool.dll
 0001:0012560a       SYSGETPROFILEINT           000000014012660a f   SYStool:SYStool.dll
 0001:00125610       SYSDELETEFILE              0000000140126610 f   SYStool:SYStool.dll
 0001:00125616       SYSNUMARGS                 0000000140126616 f   SYStool:SYStool.dll
 0001:0012561c       SYSGETARG                  000000014012661c f   SYStool:SYStool.dll
 0001:00125622       SYSCHECKFILE               0000000140126622 f   SYStool:SYStool.dll
 0001:00125628       ADDEXTENSION               0000000140126628 f   SYStool:SYStool.dll
 0001:0012562e       SYSCOPYFILE                000000014012662e f   SYStool:SYStool.dll
 0001:00125634       __kmpc_global_thread_num   0000000140126634 f   libiomp5md:libiomp5md.dll
 0001:0012563a       __kmpc_critical            000000014012663a f   libiomp5md:libiomp5md.dll
 0001:00125640       __kmpc_end_critical        0000000140126640 f   libiomp5md:libiomp5md.dll
 0001:00125646       __kmpc_begin               0000000140126646 f   libiomp5md:libiomp5md.dll
 0001:0012564c       kmp_aligned_malloc         000000014012664c f   libiomp5md:libiomp5md.dll
 0001:00125652       kmp_free                   0000000140126652 f   libiomp5md:libiomp5md.dll
 0001:00125658       _fpmath                    0000000140126658 f   LIBCMT:fpinit.obj
 0001:00125660       __setfflag                 0000000140126660 f   LIBCMT:fpinit.obj
 0001:00125670       _cfltcvt_init              0000000140126670 f   LIBCMT:fpinit.obj
 0001:00125710       __chkstk                   0000000140126710 f   LIBCMT:chkstk.obj
 0001:00125710       _alloca_probe              0000000140126710 f   LIBCMT:chkstk.obj
 0001:00125770       memmove                    0000000140126770 f   LIBCMT:memcpy.obj
 0001:00125770       memcpy                     0000000140126770 f   LIBCMT:memcpy.obj
 0001:00125ed0       mainCRTStartup             0000000140126ed0 f   LIBCMT:crt0.obj
 0001:00125ee4       strstr                     0000000140126ee4 f   LIBCMT:strstr.obj
 0001:001260e0       __security_check_cookie    00000001401270e0 f   LIBCMT:amdsecgs.obj
 0001:00126100       __GSHandlerCheck           0000000140127100 f   LIBCMT:gshandler.obj
 0001:00126120       __GSHandlerCheckCommon     0000000140127120 f   LIBCMT:gshandler.obj
 0001:00126184       ??0_LocaleUpdate@@QEAA@PEAUlocaleinfo_struct@@@Z 0000000140127184 f i LIBCMT:toupper.obj
 0001:0012622c       ??1_LocaleUpdate@@QEAA@XZ  000000014012722c f i LIBCMT:toupper.obj
 0001:00126240       ?GetLocaleT@_LocaleUpdate@@QEAAPEAUlocaleinfo_struct@@XZ 0000000140127240 f i LIBCMT:toupper.obj
 0001:00126244       _toupper                   0000000140127244 f   LIBCMT:toupper.obj
 0001:00126248       _toupper_l                 0000000140127248 f   LIBCMT:toupper.obj
 0001:00126398       toupper                    0000000140127398 f   LIBCMT:toupper.obj
 0001:001263d0       strncpy                    00000001401273d0 f   LIBCMT:strncpy.obj
 0001:00126534       _heap_alloc                0000000140127534 f i LIBCMT:malloc.obj
 0001:00126584       malloc                     0000000140127584 f   LIBCMT:malloc.obj
 0001:0012663c       realloc                    000000014012763c f   LIBCMT:realloc.obj
 0001:00126710       free                       0000000140127710 f   LIBCMT:free.obj
 0001:00126750       _aligned_free              0000000140127750 f   LIBCMT:align.obj
 0001:0012676c       _aligned_malloc            000000014012776c f   LIBCMT:align.obj
 0001:001267e0       _aligned_msize             00000001401277e0 f   LIBCMT:align.obj
 0001:00126848       _aligned_offset_malloc     0000000140127848 f   LIBCMT:align.obj
 0001:001268fc       _aligned_offset_realloc    00000001401278fc f   LIBCMT:align.obj
 0001:00126ac8       _aligned_offset_recalloc   0000000140127ac8 f   LIBCMT:align.obj
 0001:00126b6c       _aligned_realloc           0000000140127b6c f   LIBCMT:align.obj
 0001:00126b74       _aligned_recalloc          0000000140127b74 f   LIBCMT:align.obj
 0001:00126b88       __fpecode                  0000000140127b88 f   LIBCMT:winsig.obj
 0001:00126b9c       __get_sigabrt              0000000140127b9c f   LIBCMT:winsig.obj
 0001:00126bac       __pxcptinfoptrs            0000000140127bac f   LIBCMT:winsig.obj
 0001:00126bc0       _initp_misc_winsig         0000000140127bc0 f   LIBCMT:winsig.obj
 0001:00126c74       raise                      0000000140127c74 f   LIBCMT:winsig.obj
 0001:00126ee4       signal                     0000000140127ee4 f   LIBCMT:winsig.obj
 0001:00127170       __onexitinit               0000000140128170 f   LIBCMT:onexit.obj
 0001:001271b4       _onexit                    00000001401281b4 f   LIBCMT:onexit.obj
 0001:001273b4       atexit                     00000001401283b4 f   LIBCMT:onexit.obj
 0001:001273cc       _beginthread               00000001401283cc f   LIBCMT:thread.obj
 0001:001274ec       _endthread                 00000001401284ec f   LIBCMT:thread.obj
 0001:00127594       __inittime                 0000000140128594 f   LIBCMT:clock.obj
 0001:001275c0       clock                      00000001401285c0 f   LIBCMT:clock.obj
 0001:00127600       __copy_path_to_wide_string 0000000140128600 f   LIBCMT:crt0dat.obj
 0001:00127700       __copy_to_char             0000000140128700 f   LIBCMT:crt0dat.obj
 0001:00127818       __crtCorExitProcess        0000000140128818 f   LIBCMT:crt0dat.obj
 0001:0012785c       __crtExitProcess           000000014012885c f   LIBCMT:crt0dat.obj
 0001:00127874       __freeCrtMemory            0000000140128874 f   LIBCMT:crt0dat.obj
 0001:001279bc       _amsg_exit                 00000001401289bc f   LIBCMT:crt0dat.obj
 0001:001279e4       _c_exit                    00000001401289e4 f   LIBCMT:crt0dat.obj
 0001:001279f4       _cexit                     00000001401289f4 f   LIBCMT:crt0dat.obj
 0001:00127a04       _cinit                     0000000140128a04 f   LIBCMT:crt0dat.obj
 0001:00127a9c       _exit                      0000000140128a9c f   LIBCMT:crt0dat.obj
 0001:00127aa8       _exit_app                  0000000140128aa8 f   LIBCMT:crt0dat.obj
 0001:00127ab4       _get_pgmptr                0000000140128ab4 f   LIBCMT:crt0dat.obj
 0001:00127aec       _get_wpgmptr               0000000140128aec f   LIBCMT:crt0dat.obj
[...]
 0004:00005ce8       $pdata$__wtomb_environ     00000001401f8ce8     LIBCMT:wtombenv.obj
 0004:00005cf4       $pdata$calloc              00000001401f8cf4     LIBCMT:calloc.obj
 0004:00005d00       $pdata$_mbsnbicoll_l       00000001401f8d00     LIBCMT:mbsnbico.obj
 0004:00005d18       $pdata$__initstdio         00000001401f8d18     LIBCMT:_file.obj
 0004:00005d24       $pdata$__endstdio          00000001401f8d24     LIBCMT:_file.obj
 0004:00005d30       $pdata$_lock_file          00000001401f8d30     LIBCMT:_file.obj
 0004:00005d3c       $pdata$_lock_file2         00000001401f8d3c     LIBCMT:_file.obj
 0004:00005d48       $pdata$_fwrite_nolock      00000001401f8d48     LIBCMT:fwrite.obj
 0004:00005d54       $pdata$fwrite              00000001401f8d54     LIBCMT:fwrite.obj
 0004:00005d60       $pdata$_tolower_l          00000001401f8d60     LIBCMT:tolower.obj
 0004:00005d6c       $pdata$strrchr             00000001401f8d6c     LIBCMT:strrchr.obj
 0004:00005d78       $pdata$_fptostr            00000001401f8d78     LIBCMT:_fptostr.obj
 0004:00005d84       $pdata$__crt_atoflt_l      00000001401f8d84     LIBCMT:atodbl.obj
 0004:00005d90       $pdata$_atodbl_l           00000001401f8d90     LIBCMT:atodbl.obj
 0004:00005d9c       $pdata$_atoldbl_l          00000001401f8d9c     LIBCMT:atodbl.obj
 0004:00005da8       $pdata$__dtold             00000001401f8da8     LIBCMT:cfout.obj
 0004:00005db4       $pdata$_fltout2            00000001401f8db4     LIBCMT:cfout.obj
 0004:00005dc0       $pdata$_set_output_format  00000001401f8dc0     LIBCMT:outputformat.obj
 0004:00005dfc       $pdata$?x_ismbbtype_l@@YAHPEAUlocaleinfo_struct@@IHH@Z 00000001401f8dfc     LIBCMT:ismbbyte.obj
 0004:00005e08       $pdata$_ismbbkana_l        00000001401f8e08     LIBCMT:ismbbyte.obj
 0004:00005e14       $pdata$wcscat_s            00000001401f8e14     LIBCMT:wcscat_s.obj
 0004:00005e20       $pdata$wcscpy_s            00000001401f8e20     LIBCMT:wcscpy_s.obj
 0004:00005e2c       $pdata$wcsncpy_s           00000001401f8e2c     LIBCMT:wcsncpy_s.obj
 0004:00005e38       $pdata$__crtMessageBoxW    00000001401f8e38     LIBCMT:crtmboxw.obj
 0004:00005e44       $pdata$__crtMessageBoxWaitThreadW 00000001401f8e44     LIBCMT:crtmboxw.obj
 0004:00005e50       $pdata$__free_lconv_mon    00000001401f8e50     LIBCMT:initmon.obj
 0004:00005e5c       $pdata$__init_monetary     00000001401f8e5c     LIBCMT:initmon.obj
 0004:00005e68       $pdata$__free_lconv_num    00000001401f8e68     LIBCMT:initnum.obj
 0004:00005e74       $pdata$__init_numeric      00000001401f8e74     LIBCMT:initnum.obj
 0004:00005e80       $pdata$__free_lc_time      00000001401f8e80     LIBCMT:inittime.obj
 0004:00005e8c       $pdata$__init_time         00000001401f8e8c     LIBCMT:inittime.obj
 0004:00005e98       $pdata$_get_lc_time        00000001401f8e98     LIBCMT:inittime.obj
 0004:00005ea4       $pdata$localeconv          00000001401f8ea4     LIBCMT:lconv.obj
 0004:00005eb0       $pdata$?__crtGetStringTypeA_stat@@YAHPEAUlocaleinfo_struct@@KPEBDHPEAGHH@Z 00000001401f8eb0     LIBCMT:a_str.obj
 0004:00005ebc       $pdata$__crtGetStringTypeA 00000001401f8ebc     LIBCMT:a_str.obj
 0004:00005ec8       $pdata$iswctype            00000001401f8ec8     LIBCMT:iswctype.obj
 0004:00005ed4       $pdata$GetTableIndexFromLocaleName 00000001401f8ed4     LIBCMT:winapinls.obj
 0004:00005ee0       $pdata$__crtCompareStringEx 00000001401f8ee0     LIBCMT:winapinls.obj
 0004:00005eec       $pdata$__crtDownlevelLCIDToLocaleName 00000001401f8eec     LIBCMT:winapinls.obj
 0004:00005ef8       $pdata$__crtDownlevelLocaleNameToLCID 00000001401f8ef8     LIBCMT:winapinls.obj
 0004:00005f04       $pdata$__crtEnumSystemLocalesEx 00000001401f8f04     LIBCMT:winapinls.obj
 0004:00005f10       $pdata$__crtGetDateFormatEx 00000001401f8f10     LIBCMT:winapinls.obj
 0004:00005f1c       $pdata$__crtGetLocaleInfoEx 00000001401f8f1c     LIBCMT:winapinls.obj
 0004:00005f28       $pdata$__crtGetTimeFormatEx 00000001401f8f28     LIBCMT:winapinls.obj
 0004:00005f34       $pdata$__crtGetUserDefaultLocaleName 00000001401f8f34     LIBCMT:winapinls.obj
 0004:00005f40       $pdata$__crtIsValidLocaleName 00000001401f8f40     LIBCMT:winapinls.obj
 0004:00005f4c       $pdata$__crtLCMapStringEx  00000001401f8f4c     LIBCMT:winapinls.obj
 0004:00005f58       $pdata$__pctype_func       00000001401f8f58     LIBCMT:ctype.obj
 0004:00005f64       $pdata$___lc_codepage_func 00000001401f8f64     LIBCMT:initctyp.obj
 0004:00005f70       $pdata$___lc_collate_cp_func 00000001401f8f70     LIBCMT:initctyp.obj
 0004:00005f7c       $pdata$___lc_locale_name_func 00000001401f8f7c     LIBCMT:initctyp.obj
 0004:00005f88       $pdata$___mb_cur_max_func  00000001401f8f88     LIBCMT:initctyp.obj
 0004:00005f94       $pdata$__init_ctype        00000001401f8f94     LIBCMT:initctyp.obj
 0004:00005fac       $pdata$GetLocaleNameFromDefault 00000001401f8fac     LIBCMT:getqloc.obj
 0004:00005fb8       $pdata$GetLocaleNameFromLangCountry 00000001401f8fb8     LIBCMT:getqloc.obj
 0004:00005fc4       $pdata$GetLocaleNameFromLanguage 00000001401f8fc4     LIBCMT:getqloc.obj
 0004:00005fd0       $pdata$LangCountryEnumProcEx 00000001401f8fd0     LIBCMT:getqloc.obj
 0004:00005fdc       $pdata$LanguageEnumProcEx  00000001401f8fdc     LIBCMT:getqloc.obj
 0004:00005fe8       $pdata$ProcessCodePage     00000001401f8fe8     LIBCMT:getqloc.obj
 0004:00005ff4       $pdata$TestDefaultCountry  00000001401f8ff4     LIBCMT:getqloc.obj
 0004:00006000       $pdata$TestDefaultLanguage 00000001401f9000     LIBCMT:getqloc.obj
 0004:0000600c       $pdata$TranslateName       00000001401f900c     LIBCMT:getqloc.obj
 0004:00006018       $pdata$__get_qualified_locale 00000001401f9018     LIBCMT:getqloc.obj
 0004:00006024       $pdata$CountryEnumProc     00000001401f9024     LIBCMT:getqloc_downlevel.obj
 0004:00006030       $pdata$GetLcidFromCountry  00000001401f9030     LIBCMT:getqloc_downlevel.obj
 0004:0000603c       $pdata$GetLcidFromDefault  00000001401f903c     LIBCMT:getqloc_downlevel.obj
 0004:00006048       $pdata$GetLcidFromLangCountry 00000001401f9048     LIBCMT:getqloc_downlevel.obj
 0004:00006054       $pdata$GetLcidFromLanguage 00000001401f9054     LIBCMT:getqloc_downlevel.obj
 0004:00006060       $pdata$LangCountryEnumProc 00000001401f9060     LIBCMT:getqloc_downlevel.obj
 0004:0000606c       $pdata$LanguageEnumProc    00000001401f906c     LIBCMT:getqloc_downlevel.obj
 0004:00006078       $pdata$ProcessCodePage     00000001401f9078     LIBCMT:getqloc_downlevel.obj
 0004:00006084       $pdata$TestDefaultLanguage 00000001401f9084     LIBCMT:getqloc_downlevel.obj
 0004:00006090       $pdata$TranslateName       00000001401f9090     LIBCMT:getqloc_downlevel.obj
 0004:0000609c       $pdata$__get_qualified_locale_downlevel 00000001401f909c     LIBCMT:getqloc_downlevel.obj
 0004:000060a8       $pdata$_recalloc           00000001401f90a8     LIBCMT:recalloc.obj
 0004:000060b4       $pdata$_calloc_impl        00000001401f90b4     LIBCMT:calloc_impl.obj
 0004:000060c0       $pdata$?__crtGetLocaleInfoA_stat@@YAHPEAUlocaleinfo_struct@@PEB_WKPEADH@Z 00000001401f90c0     LIBCMT:a_loc.obj
 0004:000060cc       $pdata$__crtGetLocaleInfoA 00000001401f90cc     LIBCMT:a_loc.obj
 0004:000060d8       $pdata$_fflush_nolock      00000001401f90d8     LIBCMT:fflush.obj
 0004:000060e4       $pdata$_flush              00000001401f90e4     LIBCMT:fflush.obj
 0004:000060f0       $pdata$fflush              00000001401f90f0     LIBCMT:fflush.obj
 0004:000060fc       $pdata$flsall              00000001401f90fc     LIBCMT:fflush.obj
 0004:00006108       $pdata$_strtod_l           00000001401f9108     LIBCMT:strtod.obj
 0004:00006114       $pdata$__termconout        00000001401f9114     LIBCMT:initcon.obj
 0004:00006120       $pdata$__initconout        00000001401f9120     LIBCMT:initcon.obj
 0004:0000612c       $pdata$__crtsetenv         00000001401f912c     LIBCMT:setenv.obj
 0004:00006138       $pdata$copy_environ        00000001401f9138     LIBCMT:setenv.obj
 0004:00006144       $pdata$findenv             00000001401f9144     LIBCMT:setenv.obj
 0004:00006150       $pdata$_strnicoll_l        00000001401f9150     LIBCMT:strnicol.obj
 0004:0000615c       $pdata$?__crtCompareStringA_stat@@YAHPEAUlocaleinfo_struct@@PEB_WKPEBDH2HH@Z 00000001401f915c     LIBCMT:a_cmp.obj
 0004:00006168       $pdata$__crtCompareStringA 00000001401f9168     LIBCMT:a_cmp.obj
 0004:00006174       $pdata$_fcloseall          00000001401f9174     LIBCMT:closeall.obj
 0004:00006180       $pdata$_flsbuf             00000001401f9180     LIBCMT:_flsbuf.obj
 0004:0000618c       $pdata$_RoundMan           00000001401f918c     LIBCMT:intrncvt.obj
 0004:00006198       $pdata$_ShrMan             00000001401f9198     LIBCMT:intrncvt.obj
 0004:000061a4       $pdata$_ld12cvt            00000001401f91a4     LIBCMT:intrncvt.obj
 0004:000061b0       $pdata$_ld12tod            00000001401f91b0     LIBCMT:intrncvt.obj
 0004:000061bc       $pdata$_ld12tof            00000001401f91bc     LIBCMT:intrncvt.obj
 0004:000061c8       $pdata$_ld12told           00000001401f91c8     LIBCMT:intrncvt.obj
 0004:000061d4       $pdata$__STRINGTOLD_L      00000001401f91d4     LIBCMT:strgtold.obj
 0004:000061e0       $pdata$__ld12mul           00000001401f91e0     LIBCMT:strgtold.obj
 0004:000061ec       $pdata$__multtenpow12      00000001401f91ec     LIBCMT:strgtold.obj
 0004:000061f8       $pdata$__strgtold12_l      00000001401f91f8     LIBCMT:strgtold.obj
 0004:00006204       $pdata$$I10_OUTPUT         00000001401f9204     LIBCMT:x10fout.obj
 0004:00006210       $pdata$_i64tow_s           00000001401f9210     LIBCMT:xtows.obj
 0004:0000621c       $pdata$_itow_s             00000001401f921c     LIBCMT:xtows.obj
 0004:00006228       $pdata$_ltow_s             00000001401f9228     LIBCMT:xtows.obj
 0004:00006234       $pdata$_ui64tow_s          00000001401f9234     LIBCMT:xtows.obj
 0004:00006240       $pdata$_ultow_s            00000001401f9240     LIBCMT:xtows.obj
 0004:0000624c       $pdata$x64tow_s            00000001401f924c     LIBCMT:xtows.obj
 0004:00006258       $pdata$xtow_s              00000001401f9258     LIBCMT:xtows.obj
 0004:00006264       $pdata$wcschr              00000001401f9264     LIBCMT:wcschr.obj
 0004:00006270       $pdata$_wcsicmp            00000001401f9270     LIBCMT:wcsicmp.obj
 0004:0000627c       $pdata$_wcsicmp_l          00000001401f927c     LIBCMT:wcsicmp.obj
 0004:00006288       $pdata$_wcsnicmp           00000001401f9288     LIBCMT:wcsnicmp.obj
 0004:00006294       $pdata$_wcsnicmp_l         00000001401f9294     LIBCMT:wcsnicmp.obj
 0004:000062a0       $pdata$_commit             00000001401f92a0     LIBCMT:commit.obj
 0004:000062ac       $pdata$_fltin2             00000001401f92ac     LIBCMT:cfin.obj
 0004:000062b8       $pdata$_strdup             00000001401f92b8     LIBCMT:strdup.obj
 0004:000062c4       $pdata$_mbschr_l           00000001401f92c4     LIBCMT:mbschr.obj
 0004:000062d0       $pdata$_strnicmp           00000001401f92d0     LIBCMT:strnicmp.obj
 0004:000062dc       $pdata$_strnicmp_l         00000001401f92dc     LIBCMT:strnicmp.obj
 0004:000062e8       $pdata$_fclose_nolock      00000001401f92e8     LIBCMT:fclose.obj
 0004:000062f4       $pdata$fclose              00000001401f92f4     LIBCMT:fclose.obj
 0004:00006300       $pdata$_getbuf             00000001401f9300     LIBCMT:_getbuf.obj
 0004:0000630c       $pdata$__mtold12           00000001401f930c     LIBCMT:mantold.obj
 0004:00006318       $pdata$?wcstoxl@@YAKPEB_WPEAPEB_WHH@Z 00000001401f9318     LIBCMT:wcstol.obj
 0004:00006324       $pdata$?wcstoxq@@YA_KPEAUlocaleinfo_struct@@PEB_WPEAPEB_WHH@Z 00000001401f9324     LIBCMT:wcstoq.obj
 0004:00006330       $pdata$_wcstof_l           00000001401f9330     LIBCMT:wcstoq.obj
 0004:0000633c       $pdata$_wcstoi64           00000001401f933c     LIBCMT:wcstoq.obj
 0004:00006348       $pdata$_wcstoi64_l         00000001401f9348     LIBCMT:wcstoq.obj
 0004:00006354       $pdata$_wcstoimax_l        00000001401f9354     LIBCMT:wcstoq.obj
 0004:00006360       $pdata$_wcstoll_l          00000001401f9360     LIBCMT:wcstoq.obj
 0004:0000636c       $pdata$_wcstoui64          00000001401f936c     LIBCMT:wcstoq.obj
 0004:00006378       $pdata$_wcstoui64_l        00000001401f9378     LIBCMT:wcstoq.obj
 0004:00006384       $pdata$_wcstoull_l         00000001401f9384     LIBCMT:wcstoq.obj
 0004:00006390       $pdata$_wcstoumax_l        00000001401f9390     LIBCMT:wcstoq.obj
 0004:0000639c       $pdata$_towlower_l         00000001401f939c     LIBCMT:towlower.obj
 0004:000063a8       $pdata$strchr              00000001401f93a8     LIBCMT:strchr.obj
 0004:000063b4       $pdata$_close              00000001401f93b4     LIBCMT:close.obj
 0004:000063c0       $pdata$_close_nolock       00000001401f93c0     LIBCMT:close.obj
 0004:000063cc       $pdata$_freebuf            00000001401f93cc     LIBCMT:_freebuf.obj
 0004:000063d8       $pdata$_wcstod_l           00000001401f93d8     LIBCMT:wcstod.obj
 0004:000063e4       $pdata$__crtLCMapStringW   00000001401f93e4     LIBCMT:w_map.obj
 0004:000063f0       $pdata$_wfltin2            00000001401f93f0     LIBCMT:wcfin.obj
 0004:000063fc       $pdata$__WSTRINGTOLD_L     00000001401f93fc     LIBCMT:wstrgtold.obj
 0004:00006408       $pdata$__wstrgtold12_l     00000001401f9408     LIBCMT:wstrgtold.obj
 0004:00006420       $pdata$strcat_s            00000001401f9420     LIBCMT:strcat_s.obj
 0004:0000642c       $pdata$strtok              00000001401f942c     LIBCMT:strtok.obj
 0004:00006450       $pdata$_splitpath          00000001401f9450     LIBCMT:splitpat.obj
 0004:0000645c       $pdata$_splitpath_helper   00000001401f945c     LIBCMT:splitpat.obj
 0004:00006468       $pdata$_mbsnbcpy_s         00000001401f9468     LIBCMT:mbsnbcpy_s.obj
 0004:00006474       $pdata$sib0                00000001401f9474     LIBCMT:filter_simd.obj
 0004:00006480       $pdata$sib8                00000001401f9480     LIBCMT:filter_simd.obj
 0004:0000648c       $pdata$sib32               00000001401f948c     LIBCMT:filter_simd.obj
 0004:00006498       $pdata$DppxEmulationWrapper 00000001401f9498     LIBCMT:filter_simd.obj
 0004:000064a4       $pdata$LoadOperand         00000001401f94a4     LIBCMT:filter_simd.obj
 0004:000064b0       $pdata$LoopDppxSimdValue   00000001401f94b0     LIBCMT:filter_simd.obj
 0004:000064bc       $pdata$_fpieee_flt_simd    00000001401f94bc     LIBCMT:filter_simd.obj
 0004:000064c8       $pdata$_mbsnbcpy_s_l       00000001401f94c8     LIBCMT:mbsnbcpy_s_l.obj
 0004:000064d4       $pdata$RoundFloatToIntegral 00000001401f94d4     LIBCMT:xmmi_fp_emul.obj
 0004:000064e0       $pdata$_XMMI_FP_Emulation  00000001401f94e0     LIBCMT:xmmi_fp_emul.obj
 0004:000064ec       $pdata$RoundDoubleToIntegral 00000001401f94ec     LIBCMT:xmmi2_fp_emul.obj
 0004:000064f8       $pdata$_XMMI2_FP_Emulation 00000001401f94f8     LIBCMT:xmmi2_fp_emul.obj
 0004:00006504       $pdata$__GSHandlerCheck_SEH 00000001401f9504     LIBCMT:gshandlerseh.obj
 0004:00006510       $pdata$__tmainCRTStartup$filt$0 00000001401f9510     LIBCMT:crt0.obj
 0004:0000651c       $pdata$ctrlevent_capture$fin$0 00000001401f951c     LIBCMT:winsig.obj
 0004:00006528       $pdata$raise$fin$0         00000001401f9528     LIBCMT:winsig.obj
 0004:00006534       $pdata$signal$fin$0        00000001401f9534     LIBCMT:winsig.obj
 0004:00006540       $pdata$_onexit$fin$0       00000001401f9540     LIBCMT:onexit.obj
 0004:0000654c       $pdata$_callthreadstart$filt$0 00000001401f954c     LIBCMT:thread.obj
 0004:00006558       $pdata$doexit$fin$0        00000001401f9558     LIBCMT:crt0dat.obj
 0004:00006564       $pdata$__lock_fhandle$fin$0 00000001401f9564     LIBCMT:osfinfo.obj
 0004:00006570       $pdata$_alloc_osfhnd$fin$0 00000001401f9570     LIBCMT:osfinfo.obj
 0004:0000657c       $pdata$_alloc_osfhnd$fin$1 00000001401f957c     LIBCMT:osfinfo.obj
 0004:00006588       $pdata$_open_osfhandle$fin$0 00000001401f9588     LIBCMT:osfinfo.obj
 0004:00006594       $pdata$_write$fin$0        00000001401f9594     LIBCMT:write.obj
 0004:000065a0       $pdata$_dupenv_s$fin$0     00000001401f95a0     LIBCMT:getenv.obj
 0004:000065ac       $pdata$getenv$fin$0        00000001401f95ac     LIBCMT:getenv.obj
 0004:000065b8       $pdata$getenv_s$fin$0      00000001401f95b8     LIBCMT:getenv.obj
 0004:000065c4       $pdata$_control87$filt$0   00000001401f95c4     LIBCMT:ieee.obj
 0004:000065d0       $pdata$fputs$fin$0         00000001401f95d0     LIBCMT:fputs.obj
 0004:000065dc       $pdata$_freefls$fin$1      00000001401f95dc     LIBCMT:tidtable.obj
 0004:000065e8       $pdata$_freefls$fin$0      00000001401f95e8     LIBCMT:tidtable.obj
 0004:000065f4       $pdata$_initptd$fin$1      00000001401f95f4     LIBCMT:tidtable.obj
 0004:00006600       $pdata$_initptd$fin$0      00000001401f9600     LIBCMT:tidtable.obj
 0004:0000660c       $pdata$_ioinit$fin$0       00000001401f960c     LIBCMT:ioinit.obj
 0004:00006618       $pdata$__updatetlocinfo$fin$0 00000001401f9618     LIBCMT:localref.obj
 0004:00006624       $pdata$__updatetmbcinfo$fin$0 00000001401f9624     LIBCMT:mbctype.obj
 0004:00006630       $pdata$_setmbcp$fin$0      00000001401f9630     LIBCMT:mbctype.obj
 0004:0000663c       $pdata$_free_locale$fin$1  00000001401f963c     LIBCMT:wsetloca.obj
 0004:00006648       $pdata$_free_locale$fin$0  00000001401f9648     LIBCMT:wsetloca.obj
 0004:00006654       $pdata$_get_current_locale$fin$1 00000001401f9654     LIBCMT:wsetloca.obj
 0004:00006660       $pdata$_get_current_locale$fin$0 00000001401f9660     LIBCMT:wsetloca.obj
 0004:0000666c       $pdata$_locterm$fin$0      00000001401f966c     LIBCMT:wsetloca.obj
 0004:00006678       $pdata$_wsetlocale$fin$1   00000001401f9678     LIBCMT:wsetloca.obj
 0004:00006684       $pdata$_wsetlocale$fin$0   00000001401f9684     LIBCMT:wsetloca.obj
 0004:00006690       $pdata$_wsetlocale$fin$2   00000001401f9690     LIBCMT:wsetloca.obj
 0004:0000669c       $pdata$_mtinitlocknum$fin$0 00000001401f969c     LIBCMT:mlock.obj
 0004:000066a8       $pdata$_IsNonwritableInCurrentImage$filt$0 00000001401f96a8     LIBCMT:pesect.obj
 0004:000066b4       $pdata$_lseeki64$fin$0     00000001401f96b4     LIBCMT:lseeki64.obj
 0004:000066c0       $pdata$_putwch$fin$0       00000001401f96c0     LIBCMT:putwch.obj
 0004:000066cc       $pdata$fwrite$fin$0        00000001401f96cc     LIBCMT:fwrite.obj
 0004:000066d8       $pdata$fflush$fin$0        00000001401f96d8     LIBCMT:fflush.obj
 0004:000066e4       $pdata$flsall$fin$0        00000001401f96e4     LIBCMT:fflush.obj
 0004:000066f0       $pdata$flsall$fin$1        00000001401f96f0     LIBCMT:fflush.obj
 0004:000066fc       $pdata$_fcloseall$fin$0    00000001401f96fc     LIBCMT:closeall.obj
 0004:00006708       $pdata$_commit$fin$0       00000001401f9708     LIBCMT:commit.obj
 0004:00006714       $pdata$fclose$fin$0        00000001401f9714     LIBCMT:fclose.obj
 0004:00006720       $pdata$_close$fin$0        00000001401f9720     LIBCMT:close.obj
 0007:00000000       AliPxDx                    00000001401ff000     libirc:fast_memset.obj
 0007:00000040       setPxQx                    00000001401ff040     libirc:fast_memset.obj
 0007:00000480       AliPxQx                    00000001401ff480     libirc:fast_memset.obj
 0007:00000510       SSExDx                     00000001401ff510     libirc:fast_memset.obj
 0007:00000b10       AliPxQx                    00000001401ffb10     libirc:fast_memcpy.obj
 0007:00000b50       fwdPxQx                    00000001401ffb50     libirc:fast_memcpy.obj
 0007:00001110       SSE_src                    0000000140200110     libirc:fast_memcpy.obj
 0007:00001190       Fix16EndTable              0000000140200190     libirc:fast_memcpy.obj
