 runSCI

 Timestamp is 5e5fcf72 (Wed Mar 04 10:55:30 2020)

 Preferred load address is 0000000140000000

 Start         Length     Name                   Class
 0001:00000000 00127cb0H .text                   CODE
 0001:00127cb0 0002014bH .text$mn                CODE
 0001:00147e00 000004d0H .text$x                 CODE
 0002:00000000 00000560H .idata$5                DATA
 0002:00000560 00000008H .CRT$XCA                DATA
 0002:00000568 00000008H .CRT$XCF                DATA
 0002:00000570 00000020H .CRT$XCU                DATA
 0002:00000590 00000008H .CRT$XCZ                DATA
 0002:00000598 00000008H .CRT$XIA                DATA
 0002:000005a0 00000028H .CRT$XIC                DATA
 0002:000005c8 00000008H .CRT$XIY                DATA
 0002:000005d0 00000008H .CRT$XIZ                DATA
 0002:000005d8 00000008H .CRT$XPA                DATA
 0002:000005e0 00000010H .CRT$XPX                DATA
 0002:000005f0 00000008H .CRT$XPXA               DATA
 0002:000005f8 00000008H .CRT$XPZ                DATA
 0002:00000600 00000008H .CRT$XTA                DATA
 0002:00000608 00000008H .CRT$XTZ                DATA
 0002:00000620 0002ace0H .rdata                  DATA
 0002:0002b300 000000a0H .rdata$debug            DATA
 0002:0002b3a0 00000008H .rtc$IAA                DATA
 0002:0002b3a8 00000008H .rtc$IZZ                DATA
 0002:0002b3b0 00000008H .rtc$TAA                DATA
 0002:0002b3b8 00000008H .rtc$TZZ                DATA
 0002:0002b3c0 00009e8cH .xdata                  DATA
 0002:0003524c 00000000H .edata                  DATA
 0002:0003524c 00000078H .idata$2                DATA
 0002:000352c4 00000014H .idata$3                DATA
 0002:000352d8 00000560H .idata$4                DATA
 0002:00035838 00000c0eH .idata$6                DATA
 0003:00000000 0000da10H .data                   DATA
 0003:0000da20 0006ad68H .bss                    DATA
 0004:00000000 00007254H .pdata                  DATA
 0005:00000000 00000008H .data1                  DATA
 0006:00000000 000048e8H .trace                  DATA
 0007:00000000 00001200H _RDATA                  DATA

  Address         Publics by Value              Rva+Base               Lib:Object

 0000:00000000       __guard_flags              0000000000000000     <absolute>
 0000:00000000       ___safe_se_handler_table   0000000000000000     <absolute>
 0000:00000000       ___safe_se_handler_count   0000000000000000     <absolute>
 0000:00000000       __guard_fids_count         0000000000000000     <absolute>
 0000:00000000       __guard_fids_table         0000000000000000     <absolute>
 0000:00000000       __ImageBase                0000000140000000     <linker-defined>
 0001:00000000       DATUMS.                    0000000140001000 f   datums_mod.obj
 0001:00000010       DATUMS_mp_UTM2LL           0000000140001010 f   datums_mod.obj
 0001:000002b0       DATUMS_mp_LL2UTM           00000001400012b0 f   datums_mod.obj
 0001:000005a0       DATUMS_mp_UTMDOMAIN        00000001400015a0 f   datums_mod.obj
 0001:00000620       DATUMS_mp_INITUTM          0000000140001620 f   datums_mod.obj
 0001:000006a0       MPI_FI.                    00000001400016a0 f   MPIFunc_fi.obj
 0001:000006b0       CHEM_MPI_FI.               00000001400016b0 f   MPIFunc_fi.obj
 0001:000006c0       STEPMC_MPI_FI.             00000001400016c0 f   MPIFunc_fi.obj
 0001:000006d0       AERMODREL_FD.              00000001400016d0 f   AERMODrel_fd.obj
 0001:000006e0       AERMODRECEPTOR_FD.         00000001400016e0 f   AERMODreceptor_fd.obj
 0001:000006f0       AERMODMET_FD.              00000001400016f0 f   AERMODmet_fd.obj
 0001:00000700       LOADSEN_FI.                0000000140001700 f   LoadSen.obj
 0001:00000710       LOADSEN                    0000000140001710 f   LoadSen.obj
 0001:000037b0       SCIPUFFDRIVER_FI.          00000001400047b0 f   SCIPUFFdriver_fi.obj
 0001:000037c0       UPDATERELLIST_FD.          00000001400047c0 f   UpdateRelList_fd.obj
 0001:000037d0       UPDATERELLIST_FI.          00000001400047d0 f   UpdateRelList_fi.obj
 0001:000037e0       MAIN__                     00000001400047e0 f   runSCI.obj
 0001:0000a990       TIMETOSTRING               000000014000b990 f   runSCI.obj
 0001:0000aeb0       RUNSCIRDCMDLINE            000000014000beb0 f   runSCI.obj
 0001:0000bf60       PROG_INC.                  000000014000cf60 f   runSCI.obj
 0001:0000bf70       TOOLCALLBACK               000000014000cf70 f   runSCI.obj
 0001:0000f150       COPYCSTRING                0000000140010150 f   runSCI.obj
 0001:0000f250       UPDATESTACKEMISSION        0000000140010250 f   UpdateStackEmission.obj
 0001:00010ec0       PARSEDATASO                0000000140011ec0 f   ParseDataSO.obj
 0001:000168e0       WRITEPRIMEFILE             00000001400178e0 f   ParseDataSO.obj
 0001:00016f40       SETSRCPARAMMC              0000000140017f40 f   ParseDataSO.obj
 0001:00017aa0       REALLOCRELLIST             0000000140018aa0 f   ParseDataSO.obj
 0001:00018df0       INITRELSTACK               0000000140019df0 f   ParseDataSO.obj
 0001:00018ec0       INITRELCONT                0000000140019ec0 f   ParseDataSO.obj
 0001:00018f90       INITRELINST                0000000140019f90 f   ParseDataSO.obj
 0001:00019070       INITRELAREA                000000014001a070 f   ParseDataSO.obj
 0001:00019140       PARSEDATARE                000000014001a140 f   ParseDataRE.obj
 0001:0001dc10       STARTARG                   000000014001ec10 f   ParseDataRE.obj
 0001:0001ddb0       COMPUTEDURATIONAERMOD      000000014001edb0 f   ComputeDuration.obj
 0001:0001e070       CHECK_YMD                  000000014001f070 f   ComputeDuration.obj
 0001:0001e0a0       PARSEDATATE                000000014001f0a0 f   ParseDataTE.obj
 0001:0001e740       PARSEDATAME                000000014001f740 f   ParseDataME.obj
 0001:00022ac0       RUNAERMODINP               0000000140023ac0 f   RunAERMODInp.obj
 0001:00023dd0       REPORTDEFAULTS             0000000140024dd0 f   RunAERMODInp.obj
 0001:00024760       PARSEDATACO                0000000140025760 f   ParseDataCO.obj
 0001:000280a0       GENSCIPUFFAREASOURCE       00000001400290a0 f   GenSCIPUFFAreaSource.obj
 0001:00028890       NUMAREASOURCES             0000000140029890 f   GenSCIPUFFAreaSource.obj
 0001:00028900       SETMCRELEASE               0000000140029900 f   GenSCIPUFFAreaSource.obj
 0001:00028cb0       REALLOCMCRELLIST           0000000140029cb0 f   GenSCIPUFFAreaSource.obj
 0001:00029440       READARRAYLIMITS            000000014002a440 f   ReadArrayLimits.obj
 0001:00029ae0       READPATHWAYSC              000000014002aae0 f   ReadArrayLimits.obj
 0001:0002a040       PARSEDATASC                000000014002b040 f   ReadArrayLimits.obj
 0001:0002a380       PARSEDATAEV                000000014002b380 f   ParseDataEV.obj
 0001:0002a520       INITAERMOD                 000000014002b520 f   InitAERMOD.obj
 0001:0002ae30       GETZRUFFROMWEATHER         000000014002be30 f   GetZrufFromWeather.obj
 0001:0002b9b0       FILEINPUT                  000000014002c9b0 f   FileInput.obj
 0001:0002c250       BUILDFILENAMEAERMOD        000000014002d250 f   FileInput.obj
 0001:0002c590       READAERMODINPUT            000000014002d590 f   ReadAERMODInput.obj
 0001:0002cd50       READPATHWAY                000000014002dd50 f   ReadAERMODInput.obj
 0001:0002d120       GENSCIPUFFWEATHER          000000014002e120 f   GenSCIPUFFWeather.obj
 0001:0002e200       UPDATECONTREL              000000014002f200 f   UpdateContRel.obj
 0001:0002edd0       FINDREL                    000000014002fdd0 f   UpdateContRel.obj
 0001:0002f120       READNEXTREL                0000000140030120 f   UpdateContRel.obj
 0001:0002f6d0       GETNEXTFILEUNIT            00000001400306d0 f   UpdateContRel.obj
 0001:0002f7a0       CLEARRELLIST               00000001400307a0 f   UpdateContRel.obj
 0001:0002f820       INITRELLIST                0000000140030820 f   InitSCIPUFFProject.obj
 0001:0002fa20       INITSCIPUFFPROJECT         0000000140030a20 f   InitSCIPUFFProject.obj
 0001:00031b80       GETTIMEFROMWEATHER         0000000140032b80 f   GetTimeFromWeather.obj
 0001:00033320       SKIPMET2DAERMOD            0000000140034320 f   GetTimeFromWeather.obj
 0001:000334c0       SKIPMET3DAERMOD            00000001400344c0 f   GetTimeFromWeather.obj
 0001:00033670       SKIPMETHEADERAERMOD        0000000140034670 f   GetTimeFromWeather.obj
 0001:000344b0       YEARMONTHDAY               00000001400354b0 f   GetTimeFromWeather.obj
 0001:00034610       SKIPMODELHEADERAERMOD      0000000140035610 f   GetTimeFromWeather.obj
 0001:00034c90       SETYEAR                    0000000140035c90 f   GetTimeFromWeather.obj
 0001:00034cc0       SKIPMETTIMEAERMOD          0000000140035cc0 f   GetTimeFromWeather.obj
 0001:000351a0       SETTIMEZONE                00000001400361a0 f   SetTimeZone.obj
 0001:000353e0       SETEMISSIONS               00000001400363e0 f   ReadEmissionFile.obj
 0001:00037890       PARSEHOUREMIS              0000000140038890 f   ReadEmissionFile.obj
 0001:000393e0       FINDRELNAME                000000014003a3e0 f   ReadEmissionFile.obj
 0001:00039530       READNEXTEMISSION           000000014003a530 f   ReadEmissionFile.obj
 0001:0003b1b0       FINDRELTYPE                000000014003c1b0 f   ReadEmissionFile.obj
 0001:0003b320       GETDOMREFFROMWEATHER       000000014003c320 f   GetDomRefFromWeather.obj
 0001:0003bd40       SETSCIPUFFDOMAIN           000000014003cd40 f   SetSCIPUFFDomain.obj
 0001:0003c260       PARSEDATAMA                000000014003d260 f   ParseDataMA.obj
 0001:0003e600       FINDMATLNAME               000000014003f600 f   ParseDataMA.obj
 0001:0003e8b0       GETMATLDENSITY             000000014003f8b0 f   ParseDataMA.obj
 0001:0003ed20       GETRELTIME                 000000014003fd20 f   GetRelTime.obj
 0001:0003edf0       PARSEDATAOU                000000014003fdf0 f   ParseDataOU.obj
 0001:0003fea0       GENSCIPUFFSENSOR           0000000140040ea0 f   GenSCIPUFFSensor.obj
 0001:00040960       GENPOLARGRID               0000000140041960 f   GenSCIPUFFSensor.obj
 0001:00041080       GENRECTGRID                0000000140042080 f   GenSCIPUFFSensor.obj
 0001:00041790       GENDISCLIST                0000000140042790 f   GenSCIPUFFSensor.obj
 0001:00041f50       JULIAN_DAY                 0000000140042f50 f   SCIPUFFlib:julian.obj
 0001:00042030       LEAP_YEAR                  0000000140043030 f   SCIPUFFlib:julian.obj
 0001:00042090       JULIAN_YMD                 0000000140043090 f   SCIPUFFlib:julian.obj
 0001:00042290       DAYS_IN_YEAR               0000000140043290 f   SCIPUFFlib:julian.obj
 0001:00042310       DATETIMESHIFT              0000000140043310 f   SCIPUFFlib:julian.obj
 0001:00042610       VSORTI                     0000000140043610 f   SCIPUFFlib:vsort.obj
 0001:000428b0       VSORTR                     00000001400438b0 f   SCIPUFFlib:vsort.obj
 0001:00042b50       USORT                      0000000140043b50 f   SCIPUFFlib:vsort.obj
 0001:00042d40       CUPPER                     0000000140043d40 f   SCIPUFFlib:cupper.obj
 0001:00042dc0       GET_NEXT_DATA              0000000140043dc0 f   SCIPUFFlib:get_next_data.obj
 0001:00043520       PARSE_STRING               0000000140044520 f   SCIPUFFlib:get_next_data.obj
 0001:00043740       FIRST_NBLANK               0000000140044740 f   SCIPUFFlib:get_next_data.obj
 0001:00043770       GET_NEXT_DATA_ARRAY        0000000140044770 f   SCIPUFFlib:get_next_data.obj
 0001:00043950       PARSE_STRING_ARRAY         0000000140044950 f   SCIPUFFlib:get_next_data.obj
 0001:00043c00       INIT_NEXT_DATA             0000000140044c00 f   SCIPUFFlib:get_next_data.obj
 0001:00043e20       C_FORMAT                   0000000140044e20 f   SCIPUFFlib:cformat.obj
 0001:00044060       I_FORMAT                   0000000140045060 f   SCIPUFFlib:cformat.obj
 0001:000441b0       D_FORMAT                   00000001400451b0 f   SCIPUFFlib:cformat.obj
 0001:000444f0       TRIGCONST.                 00000001400454f0 f   SCIPUFFlib:trig_degrees.obj
 0001:00044500       SIND                       0000000140045500 f   SCIPUFFlib:trig_degrees.obj
 0001:00044520       COSD                       0000000140045520 f   SCIPUFFlib:trig_degrees.obj
 0001:00044540       TAND                       0000000140045540 f   SCIPUFFlib:trig_degrees.obj
 0001:00044560       ASIND                      0000000140045560 f   SCIPUFFlib:trig_degrees.obj
 0001:00044580       ACOSD                      0000000140045580 f   SCIPUFFlib:trig_degrees.obj
 0001:000445a0       ATAN2D                     00000001400455a0 f   SCIPUFFlib:trig_degrees.obj
 0001:000445d0       DEBLANK                    00000001400455d0 f   SCIPUFFlib:deblank.obj
 0001:00044720       for_len_trim               0000000140045720 f   libifcoremt:for_90_trim.obj
 0001:00044860       for_trim                   0000000140045860 f   libifcoremt:for_90_trim.obj
 0001:000449b0       SetEndian                  00000001400459b0 f   libifcoremt:for_open.obj
 0001:00044f10       CheckStreamRecortType      0000000140045f10 f   libifcoremt:for_open.obj
 0001:000454e0       CheckEndian                00000001400464e0 f   libifcoremt:for_open.obj
 0001:00045a10       for_open                   0000000140046a10 f   libifcoremt:for_open.obj
 0001:00047660       for__update_reopen_keywords 0000000140048660 f   libifcoremt:for_open.obj
 0001:00049300       for__set_foreign_bits      000000014004a300 f   libifcoremt:for_open.obj
 0001:0004a560       for__open_key              000000014004b560 f   libifcoremt:for_open.obj
 0001:0004a7d0       for__open_args             000000014004b7d0 f   libifcoremt:for_open.obj
 0001:0004b060       for__find_iomsg            000000014004c060 f   libifcoremt:for_open.obj
 0001:0004b110       for__set_terminator_option 000000014004c110 f   libifcoremt:for_open.obj
 0001:0004b690       for__set_conversion_option 000000014004c690 f   libifcoremt:for_open.obj
 0001:0004ba50       for__is_special_device     000000014004ca50 f   libifcoremt:for_open.obj
 0001:0004bc60       for__open_default          000000014004cc60 f   libifcoremt:for_open.obj
 0001:0004c040       for_read_seq_fmt           000000014004d040 f   libifcoremt:for_rseq_fmt.obj
 0001:0004eba0       for_read_seq_fmt_xmit      000000014004fba0 f   libifcoremt:for_rseq_fmt.obj
 0001:00051d50       for__read_args             0000000140052d50 f   libifcoremt:for_rseq_fmt.obj
 0001:00052000       for_index_back             0000000140053000 f   libifcoremt:for_90_index.obj
 0001:000525a0       for_f90_index              00000001400535a0 f   libifcoremt:for_90_index.obj
 0001:00052b80       for_cpystr                 0000000140053b80 f   libifcoremt:for_f90str.obj
 0001:00052c10       for_cpstr_gt               0000000140053c10 f   libifcoremt:for_f90str.obj
 0001:00052ee0       for_cpstr_lt               0000000140053ee0 f   libifcoremt:for_f90str.obj
 0001:000531b0       for_cpstr_eq               00000001400541b0 f   libifcoremt:for_f90str.obj
 0001:00053400       for_cpstr_ne               0000000140054400 f   libifcoremt:for_f90str.obj
 0001:00053680       for_cpstr_ge               0000000140054680 f   libifcoremt:for_f90str.obj
 0001:00053950       for_cpstr_le               0000000140054950 f   libifcoremt:for_f90str.obj
 0001:00053c20       for_cpstr                  0000000140054c20 f   libifcoremt:for_f90str.obj
 0001:00053db0       for_concat                 0000000140054db0 f   libifcoremt:for_f90str.obj
 0001:00053fb0       for__get_vm                0000000140054fb0 f   libifcoremt:for_vm.obj
 0001:00053ff0       for__realloc_vm            0000000140054ff0 f   libifcoremt:for_vm.obj
 0001:00054070       for__free_vm               0000000140055070 f   libifcoremt:for_vm.obj
 0001:00054090       for_allocate               0000000140055090 f   libifcoremt:for_vm.obj
 0001:000542c0       for_alloc_allocatable      00000001400552c0 f   libifcoremt:for_vm.obj
 0001:00054520       for_deallocate             0000000140055520 f   libifcoremt:for_vm.obj
 0001:000546a0       for_dealloc_allocatable    00000001400556a0 f   libifcoremt:for_vm.obj
 0001:00054860       for_check_mult_overflow    0000000140055860 f   libifcoremt:for_vm.obj
 0001:00054910       for_check_mult_overflow64  0000000140055910 f   libifcoremt:for_vm.obj
 0001:00054a40       for_set_fastmem_policy     0000000140055a40 f   libifcoremt:for_vm.obj
 0001:00054a60       for_get_hbw_availability   0000000140055a60 f   libifcoremt:for_vm.obj
 0001:00054a80       for__alternate_aligned_malloc 0000000140055a80 f   libifcoremt:for_vm.obj
 0001:00054a90       for__alternate_aligned_free 0000000140055a90 f   libifcoremt:for_vm.obj
 0001:00054aa0       for_rewind                 0000000140055aa0 f   libifcoremt:for_rewind.obj
 0001:00055a80       for_adjustl                0000000140056a80 f   libifcoremt:for_90_adjust.obj
 0001:00055be0       for_adjustr                0000000140056be0 f   libifcoremt:for_90_adjust.obj
 0001:00055c80       for_read_int_fmt           0000000140056c80 f   libifcoremt:for_rint_fmt.obj
 0001:00059af0       for_read_int_fmt_xmit      000000014005aaf0 f   libifcoremt:for_rint_fmt.obj
 0001:0005c9c0       for_read_int_lis           000000014005d9c0 f   libifcoremt:for_rint_lis.obj
 0001:0005f710       for_read_int_lis_xmit      0000000140060710 f   libifcoremt:for_rint_lis.obj
 0001:00060de0       for_ri_cvt_2step           0000000140061de0 f   libifcoremt:for_rint_lis.obj
 0001:00062090       for_set_reentrancy         0000000140063090 f   libifcoremt:for_reentrancy.obj
 0001:00062140       for__reentrancy_cleanup    0000000140063140 f   libifcoremt:for_reentrancy.obj
 0001:000622a0       for__destroy_threadstor    00000001400632a0 f   libifcoremt:for_reentrancy.obj
 0001:000622e0       for__destroy_threadstor_index 00000001400632e0 f   libifcoremt:for_reentrancy.obj
 0001:00062370       for__access_threadstor_threads 0000000140063370 f   libifcoremt:for_reentrancy.obj
 0001:000625c0       for__acquire_threadstor_threads 00000001400635c0 f   libifcoremt:for_reentrancy.obj
 0001:00062840       for__disable_asynch_deliv_private 0000000140063840 f   libifcoremt:for_reentrancy.obj
 0001:00062880       for__enable_asynch_deliv_private 0000000140063880 f   libifcoremt:for_reentrancy.obj
 0001:000628b0       for__acquire_semaphore_threaded 00000001400638b0 f   libifcoremt:for_reentrancy.obj
 0001:00062940       for__release_mutex         0000000140063940 f   libifcoremt:for_reentrancy.obj
 0001:00062960       for__once_private          0000000140063960 f   libifcoremt:for_reentrancy.obj
 0001:00062a70       for__thread_clean          0000000140063a70 f   libifcoremt:for_reentrancy.obj
 0001:00062ac0       for__init_threadstor_index 0000000140063ac0 f   libifcoremt:for_reentrancy.obj
 0001:00062af0       for__reentrancy_init       0000000140063af0 f   libifcoremt:for_reentrancy.obj
 0001:00062df0       ensure_one_leading_blank_before_data 0000000140063df0 f   libifcoremt:for_wseq_lis.obj
 0001:00063170       for_write_seq_lis          0000000140064170 f   libifcoremt:for_wseq_lis.obj
 0001:00065170       for_write_seq_lis_xmit     0000000140066170 f   libifcoremt:for_wseq_lis.obj
 0001:0006aad0       for_since_epoch            000000014006bad0 f   libifcoremt:for_secnds.obj
 0001:0006ab80       for_since_epoch_t          000000014006bb80 f   libifcoremt:for_secnds.obj
 0001:0006ac20       for_since_epoch_x          000000014006bc20 f   libifcoremt:for_secnds.obj
 0001:0006ad10       for_secnds                 000000014006bd10 f   libifcoremt:for_secnds.obj
 0001:0006ae30       for_secnds_t               000000014006be30 f   libifcoremt:for_secnds.obj
 0001:0006af50       for_secnds_x               000000014006bf50 f   libifcoremt:for_secnds.obj
 0001:0006b1c0       for_cpusec                 000000014006c1c0 f   libifcoremt:for_secnds.obj
 0001:0006b2c0       for_cpusec_t               000000014006c2c0 f   libifcoremt:for_secnds.obj
 0001:0006b3c0       for_cpusec_x               000000014006c3c0 f   libifcoremt:for_secnds.obj
 0001:0006b4f0       for_write_seq_fmt          000000014006c4f0 f   libifcoremt:for_wseq_fmt.obj
 0001:0006df20       for_write_seq_fmt_xmit     000000014006ef20 f   libifcoremt:for_wseq_fmt.obj
 0001:000719f0       for__write_args            00000001400729f0 f   libifcoremt:for_wseq_fmt.obj
 0001:00071bd0       for_inquire                0000000140072bd0 f   libifcoremt:for_inquire.obj
 0001:000796d0       for_read_seq_lis           000000014007a6d0 f   libifcoremt:for_rseq_lis.obj
 0001:0007b1a0       for_read_seq_lis_xmit      000000014007c1a0 f   libifcoremt:for_rseq_lis.obj
 0001:0007deb0       for__swallow_imaginary_part 000000014007eeb0 f   libifcoremt:for_rseq_lis.obj
 0001:0007e130       for_close                  000000014007f130 f   libifcoremt:for_close.obj
 0001:0007ea60       for__close_args            000000014007fa60 f   libifcoremt:for_close.obj
 0001:0007ec50       for__close_default         000000014007fc50 f   libifcoremt:for_close.obj
 0001:0007edb0       for_abort                  000000014007fdb0 f   libifcoremt:for_stop.obj
 0001:0007f9f0       for_stop_core_impl         00000001400809f0 f   libifcoremt:for_stop.obj
 0001:000807c0       for_stop_core              00000001400817c0 f   libifcoremt:for_stop.obj
 0001:000814b0       for_stop                   00000001400824b0 f   libifcoremt:for_stop.obj
 0001:00082010       r_int                      0000000140083010 f   libifcoremt:for_mi_int.obj
 0001:00082020       r_int_val                  0000000140083020 f   libifcoremt:for_mi_int.obj
 0001:00082030       d_int                      0000000140083030 f   libifcoremt:for_mi_int.obj
 0001:00082040       d_int_val                  0000000140083040 f   libifcoremt:for_mi_int.obj
 0001:00082050       h_nint                     0000000140083050 f   libifcoremt:for_mi_int.obj
 0001:00082060       i_nint                     0000000140083060 f   libifcoremt:for_mi_int.obj
 0001:00082070       k_nint                     0000000140083070 f   libifcoremt:for_mi_int.obj
 0001:00082080       r_nint                     0000000140083080 f   libifcoremt:for_mi_int.obj
 0001:000820f0       f_lanint_val               00000001400830f0 f   libifcoremt:for_mi_int.obj
 0001:00082160       b_nint                     0000000140083160 f   libifcoremt:for_mi_int.obj
 0001:00082170       i_dnnt                     0000000140083170 f   libifcoremt:for_mi_int.obj
 0001:00082180       h_dnnt                     0000000140083180 f   libifcoremt:for_mi_int.obj
 0001:00082190       b_dnnt                     0000000140083190 f   libifcoremt:for_mi_int.obj
 0001:000821a0       k_dnnt                     00000001400831a0 f   libifcoremt:for_mi_int.obj
 0001:000821b0       d_nint                     00000001400831b0 f   libifcoremt:for_mi_int.obj
 0001:00082220       f_ldnint_val               0000000140083220 f   libifcoremt:for_mi_int.obj
 0001:000822c0       for_write_int_fmt          00000001400832c0 f   libifcoremt:for_wint_fmt.obj
 0001:00086620       for_write_int_fmt_xmit     0000000140087620 f   libifcoremt:for_wint_fmt.obj
 0001:00089900       for_realloc_lhs            000000014008a900 f   libifcoremt:for_realloc_check.obj
 0001:00089a20       for_check_shape            000000014008aa20 f   libifcoremt:for_realloc_check.obj
 0001:00089ac0       for_backspace              000000014008aac0 f   libifcoremt:for_backspace.obj
 0001:0008e230       for_write_int_lis          000000014008f230 f   libifcoremt:for_wint_lis.obj
 0001:000919d0       for_write_int_lis_xmit     00000001400929d0 f   libifcoremt:for_wint_lis.obj
 0001:00093d20       for_nargs                  0000000140094d20 f   libifcoremt:for_getarg.obj
 0001:00093d30       for_iargc                  0000000140094d30 f   libifcoremt:for_getarg.obj
 0001:00093d40       for_getarg                 0000000140094d40 f   libifcoremt:for_getarg.obj
 0001:00093e60       for_getarg_i2              0000000140094e60 f   libifcoremt:for_getarg.obj
 0001:00093f80       NARGS                      0000000140094f80 f   libifcoremt:for_getarg.obj
 0001:00093f90       IARGC                      0000000140094f90 f   libifcoremt:for_getarg.obj
 0001:00093fa0       IARG                       0000000140094fa0 f   libifcoremt:for_getarg.obj
 0001:00093fb0       NUMARG                     0000000140094fb0 f   libifcoremt:for_getarg.obj
 0001:00093fc0       GETARG                     0000000140094fc0 f   libifcoremt:for_getarg.obj
 0001:000940a0       for_getcmd_arg             00000001400950a0 f   libifcoremt:for_getarg.obj
 0001:00094300       for_read_seq               0000000140095300 f   libifcoremt:for_rseq.obj
 0001:00095f60       for_read_seq_xmit          0000000140096f60 f   libifcoremt:for_rseq.obj
 0001:00098f10       for__io_return             0000000140099f10 f   libifcoremt:for_diags_intel.obj
 0001:0009bae0       for__issue_diagnostic      000000014009cae0 f   libifcoremt:for_diags_intel.obj
 0001:0009ca90       for__this_image_number_or_zero 000000014009da90 f   libifcoremt:for_diags_intel.obj
 0001:0009cb10       for__get_msg               000000014009db10 f   libifcoremt:for_diags_intel.obj
 0001:0009d1e0       for_emit_diagnostic        000000014009e1e0 f   libifcoremt:for_diags_intel.obj
 0001:0009d450       for_msgbox                 000000014009e450 f   libifcoremt:for_diags_intel.obj
 0001:0009d500       for__message_catalog_close 000000014009e500 f   libifcoremt:for_diags_intel.obj
 0001:0009d570       for_errmsg                 000000014009e570 f   libifcoremt:for_diags_intel.obj
 0001:0009d700       for__rtc_uninit_use        000000014009e700 f   libifcoremt:for_diags_intel.obj
 0001:0009d720       for__rtc_uninit_use_src    000000014009e720 f   libifcoremt:for_diags_intel.obj
 0001:0009e360       TRACEBACKQQ                000000014009f360 f   libifcoremt:for_diags_intel.obj
 0001:0009e690       for_perror_                000000014009f690 f   libifcoremt:for_diags_intel.obj
 0001:0009fe60       for_gerror_                00000001400a0e60 f   libifcoremt:for_diags_intel.obj
 0001:000a0e80       for__establish_user_error_handler 00000001400a1e80 f   libifcoremt:for_diags_intel.obj
 0001:000a0ec0       for__continue_traceback_   00000001400a1ec0 f   libifcoremt:for_diags_intel.obj
 0001:000a1120       for__continue_traceback    00000001400a2120 f   libifcoremt:for_diags_intel.obj
 0001:000a13a0       for__desc_ret_item         00000001400a23a0 f   libifcoremt:for_desc_item.obj
 0001:000a1700       for__key_desc_ret_item     00000001400a2700 f   libifcoremt:for_desc_item.obj
 0001:000a1a70       for__desc_test_item        00000001400a2a70 f   libifcoremt:for_desc_item.obj
 0001:000a1d20       for__desc_zero_length_item 00000001400a2d20 f   libifcoremt:for_desc_item.obj
 0001:000a20c0       for__acquire_lun           00000001400a30c0 f   libifcoremt:for_lub_mgt.obj
 0001:000a3a90       for__release_lun           00000001400a4a90 f   libifcoremt:for_lub_mgt.obj
 0001:000a4000       for__create_lub            00000001400a5000 f   libifcoremt:for_lub_mgt.obj
 0001:000a4160       for__deallocate_lub        00000001400a5160 f   libifcoremt:for_lub_mgt.obj
 0001:000a49b0       for__get_next_lub          00000001400a59b0 f   libifcoremt:for_lub_mgt.obj
 0001:000a55e0       for__get_free_newunit      00000001400a65e0 f   libifcoremt:for_lub_mgt.obj
 0001:000a5930       for__release_newunit       00000001400a6930 f   libifcoremt:for_lub_mgt.obj
 0001:000a59a0       for__aio_destroy           00000001400a69a0 f   libifcoremt:for_aio.obj
 0001:000a59f0       for__aio_acquire_lun_fname 00000001400a69f0 f   libifcoremt:for_aio.obj
 0001:000a5b30       for__aio_release           00000001400a6b30 f   libifcoremt:for_aio.obj
 0001:000a5c50       for__aio_acquire_lun       00000001400a6c50 f   libifcoremt:for_aio.obj
 0001:000a6280       for__aio_release_lun       00000001400a7280 f   libifcoremt:for_aio.obj
 0001:000a6ae0       for_asynchronous           00000001400a7ae0 f   libifcoremt:for_aio.obj
 0001:000a75f0       for_waitid                 00000001400a85f0 f   libifcoremt:for_aio.obj
 0001:000a8640       for_wait                   00000001400a9640 f   libifcoremt:for_aio.obj
 0001:000a94c0       for__aio_check_unit        00000001400aa4c0 f   libifcoremt:for_aio.obj
 0001:000a9560       for__aio_error_handling    00000001400aa560 f   libifcoremt:for_aio.obj
 0001:000a9ce0       for__aio_init              00000001400aace0 f   libifcoremt:for_aio.obj
 0001:000a9d00       real_aio_init              00000001400aad00 f   libifcoremt:for_aio.obj
 0001:000a9d80       for__compute_filename      00000001400aad80 f   libifcoremt:for_nt_open_proc.obj
 0001:000abb80       for__open_proc             00000001400acb80 f   libifcoremt:for_nt_open_proc.obj
 0001:000b0820       for__reopen_file           00000001400b1820 f   libifcoremt:for_nt_open_proc.obj
 0001:000b2d30       for__decl_exit_hand        00000001400b3d30 f   libifcoremt:for_nt_open_proc.obj
 0001:000b2d40       for__format_compiler       00000001400b3d40 f   libifcoremt:for_fmt_comp.obj
 0001:000b6ff0       for__format_free           00000001400b7ff0 f   libifcoremt:for_fmt_comp.obj
 0001:000b7040       for__characterize_LUB_buffer 00000001400b8040 f   libifcoremt:for_get.obj
 0001:000b7640       for__get_s                 00000001400b8640 f   libifcoremt:for_get.obj
 0001:000baf90       for__get_d                 00000001400bbf90 f   libifcoremt:for_get.obj
 0001:000bb610       for__get_su_fields         00000001400bc610 f   libifcoremt:for_get.obj
 0001:000bcef0       for__get_more_fields       00000001400bdef0 f   libifcoremt:for_get.obj
 0001:000bd270       for__read_input            00000001400be270 f   libifcoremt:for_get.obj
 0001:000bd540       for__interp_fmt            00000001400be540 f   libifcoremt:for_intrp_fmt.obj
 0001:000be370       for__adjust_buffer         00000001400bf370 f   libifcoremt:for_io_util.obj
 0001:000be600       for__lower_bound_index     00000001400bf600 f   libifcoremt:for_io_util.obj
 0001:000be650       for__cvt_foreign_read      00000001400bf650 f   libifcoremt:for_io_util.obj
 0001:000beb50       for__cvt_foreign_write     00000001400bfb50 f   libifcoremt:for_io_util.obj
 0001:000bef00       for__cvt_foreign_check     00000001400bff00 f   libifcoremt:for_io_util.obj
 0001:000befd0       for_check_env_name         00000001400bffd0 f   libifcoremt:for_io_util.obj
 0001:000bf110       for__format_value          00000001400c0110 f   libifcoremt:for_fmt_val.obj
 0001:000c0070       for__cvt_value             00000001400c1070 f   libifcoremt:for_fmt_val.obj
 0001:000c0d70       for__udio_uf               00000001400c1d70 f   libifcoremt:for_udio.obj
 0001:000c1800       for__udio_lis              00000001400c2800 f   libifcoremt:for_udio.obj
 0001:000c1e70       for__udio_nml              00000001400c2e70 f   libifcoremt:for_udio.obj
 0001:000c2590       for__udio_fmt              00000001400c3590 f   libifcoremt:for_udio.obj
 0001:000c2a90       for_index                  00000001400c3a90 f   libifcoremt:for_index.obj
 0001:000c2b40       for_string_index           00000001400c3b40 f   libifcoremt:for_index.obj
 0001:000c2c00       for_index_ssll             00000001400c3c00 f   libifcoremt:for_index.obj
 0001:000c2cb0       for_avallocate             00000001400c3cb0 f   libifcoremt:for_avalloc.obj
 0001:000c3190       for_avdeallocate           00000001400c4190 f   libifcoremt:for_avalloc.obj
 0001:000c3210       for__put_su                00000001400c4210 f   libifcoremt:for_put.obj
 0001:000c3880       for__write_output          00000001400c4880 f   libifcoremt:for_put.obj
 0001:000c3f90       for__put_sf                00000001400c4f90 f   libifcoremt:for_put.obj
 0001:000c5440       for__put_d                 00000001400c6440 f   libifcoremt:for_put.obj
 0001:000c5720       for__flush_readahead       00000001400c6720 f   libifcoremt:for_put.obj
 0001:000c59b0       for_write_seq              00000001400c69b0 f   libifcoremt:for_wseq.obj
 0001:000c7400       for_write_seq_xmit         00000001400c8400 f   libifcoremt:for_wseq.obj
 0001:000cc890       for__finish_ufseq_write    00000001400cd890 f   libifcoremt:for_wseq.obj
 0001:000ccce0       for_exit                   00000001400cdce0 f   libifcoremt:for_exit.obj
 0001:000ccd30       for__add_to_lf_table       00000001400cdd30 f   libifcoremt:for_need_lf.obj
 0001:000cd230       for__rm_from_lf_table      00000001400ce230 f   libifcoremt:for_need_lf.obj
 0001:000cd390       for__process_start_time    00000001400ce390 f   libifcoremt:for_init.obj
 0001:000cd3a0       free_for__l_excpt_info     00000001400ce3a0 f   libifcoremt:for_init.obj
 0001:000cd3d0       for_enable_underflow       00000001400ce3d0 f   libifcoremt:for_init.obj
 0001:000cd400       for_get_fpe_               00000001400ce400 f   libifcoremt:for_init.obj
 0001:000cd490       for_set_fpe_               00000001400ce490 f   libifcoremt:for_init.obj
 0001:000cd600       for_fpe_service            00000001400ce600 f   libifcoremt:for_init.obj
 0001:000cd780       for_get_fpe_counts_        00000001400ce780 f   libifcoremt:for_init.obj
 0001:000cd7d0       for_rtl_finish_            00000001400ce7d0 f   libifcoremt:for_init.obj
 0001:000cd900       for__nt_signal_handler     00000001400ce900 f   libifcoremt:for_init.obj
 0001:000ce810       GETEXCEPTIONPTRSQQ         00000001400cf810 f   libifcoremt:for_init.obj
 0001:000ce830       for_rtl_init_wrap_         00000001400cf830 f   libifcoremt:for_init.obj
 0001:000cee00       for_rtl_init_              00000001400cfe00 f   libifcoremt:for_init.obj
 0001:000cf440       for__common_inquire        00000001400d0440 f   libifcoremt:for_common_inquire.obj
 0001:000d0940       for__inquire_args          00000001400d1940 f   libifcoremt:for_common_inquire.obj
 0001:000d1170       for__close_proc            00000001400d2170 f   libifcoremt:for_close_proc.obj
 0001:000d1cd0       for__fpe_exit_handler      00000001400d2cd0 f   libifcoremt:for_exit_handler.obj
 0001:000d1db0       for__exit_handler          00000001400d2db0 f   libifcoremt:for_exit_handler.obj
 0001:000d26c0       tbk_stack_trace            00000001400d36c0 f   libifcoremt:tbk_traceback.obj
 0001:000d2940       __msportlib_d_gethandle    00000001400d3940 f   libifcoremt:for_portlib.obj
 0001:000d2c00       __msportlib_d_get_POSIX_fd 00000001400d3c00 f   libifcoremt:for_portlib.obj
 0001:000d2dd0       __msportlib_set_posix_io_flag 00000001400d3dd0 f   libifcoremt:for_portlib.obj
 0001:000d2e10       __msportlib_d_curpos       00000001400d3e10 f   libifcoremt:for_portlib.obj
 0001:000d2f40       __msportlib_d_curpos_i8    00000001400d3f40 f   libifcoremt:for_portlib.obj
 0001:000d3060       __msportlib_d_fseek        00000001400d4060 f   libifcoremt:for_portlib.obj
 0001:000d32e0       __msportlib_d_fseek_i8     00000001400d42e0 f   libifcoremt:for_portlib.obj
 0001:000d3550       __msportlib_d_readchar     00000001400d4550 f   libifcoremt:for_portlib.obj
 0001:000d3e30       __msportlib_d_writechar    00000001400d4e30 f   libifcoremt:for_portlib.obj
 0001:000d5520       COMMITQQ                   00000001400d6520 f   libifcoremt:for_portlib.obj
 0001:000d55c0       FLUSHQQ                    00000001400d65c0 f   libifcoremt:for_portlib.obj
 0001:000d5650       for__signal                00000001400d6650 f   libifcoremt:for_portlib.obj
 0001:000d5660       for__raise                 00000001400d6660 f   libifcoremt:for_portlib.obj
 0001:000d5670       cvt_text_to_integer        00000001400d6670 f   libifcoremt:cvt_text_to_int.obj
 0001:000d5990       cvt_text_to_unsigned       00000001400d6990 f   libifcoremt:cvt_text_to_int.obj
 0001:000d5c40       cvt_text_to_integer64      00000001400d6c40 f   libifcoremt:cvt_text_to_int.obj
 0001:000d5f70       cvt_text_to_unsigned64     00000001400d6f70 f   libifcoremt:cvt_text_to_int.obj
 0001:000d6240       cvt_ieee_single_to_cray_   00000001400d7240 f   libifcoremt:cvt_ieee_single.obj
 0001:000d65f0       CVT_IEEE_SINGLE_TO_CRAY    00000001400d75f0 f   libifcoremt:cvt_ieee_single.obj
 0001:000d69a0       cvt_ieee_single_to_cray    00000001400d79a0 f   libifcoremt:cvt_ieee_single.obj
 0001:000d6d90       cvt_ieee_single_to_ibm_short_ 00000001400d7d90 f   libifcoremt:cvt_ieee_single.obj
 0001:000d7180       CVT_IEEE_SINGLE_TO_IBM_SHORT 00000001400d8180 f   libifcoremt:cvt_ieee_single.obj
 0001:000d7570       cvt_ieee_single_to_ibm_short 00000001400d8570 f   libifcoremt:cvt_ieee_single.obj
 0001:000d79a0       cvt_ieee_single_to_vax_f_  00000001400d89a0 f   libifcoremt:cvt_ieee_single.obj
 0001:000d7cd0       CVT_IEEE_SINGLE_TO_VAX_F   00000001400d8cd0 f   libifcoremt:cvt_ieee_single.obj
 0001:000d8000       cvt_ieee_single_to_vax_f   00000001400d9000 f   libifcoremt:cvt_ieee_single.obj
 0001:000d83c0       cvt_ieee_double_to_cray_   00000001400d93c0 f   libifcoremt:cvt_ieee_double.obj
 0001:000d87f0       CVT_IEEE_DOUBLE_TO_CRAY    00000001400d97f0 f   libifcoremt:cvt_ieee_double.obj
 0001:000d8c20       cvt_ieee_double_to_cray    00000001400d9c20 f   libifcoremt:cvt_ieee_double.obj
 0001:000d90c0       cvt_ieee_double_to_ibm_long_ 00000001400da0c0 f   libifcoremt:cvt_ieee_double.obj
 0001:000d9550       CVT_IEEE_DOUBLE_TO_IBM_LONG 00000001400da550 f   libifcoremt:cvt_ieee_double.obj
 0001:000d99e0       cvt_ieee_double_to_ibm_long 00000001400da9e0 f   libifcoremt:cvt_ieee_double.obj
 0001:000d9ea0       cvt_ieee_double_to_vax_d_  00000001400daea0 f   libifcoremt:cvt_ieee_double.obj
 0001:000da2a0       CVT_IEEE_DOUBLE_TO_VAX_D   00000001400db2a0 f   libifcoremt:cvt_ieee_double.obj
 0001:000da6a0       cvt_ieee_double_to_vax_d   00000001400db6a0 f   libifcoremt:cvt_ieee_double.obj
 0001:000daaf0       cvt_ieee_double_to_vax_g_  00000001400dbaf0 f   libifcoremt:cvt_ieee_double.obj
 0001:000daf00       CVT_IEEE_DOUBLE_TO_VAX_G   00000001400dbf00 f   libifcoremt:cvt_ieee_double.obj
 0001:000db310       cvt_ieee_double_to_vax_g   00000001400dc310 f   libifcoremt:cvt_ieee_double.obj
 0001:000db770       cvt_ieee_double_to_vax_h_  00000001400dc770 f   libifcoremt:cvt_ieee_double.obj
 0001:000dbbe0       CVT_IEEE_DOUBLE_TO_VAX_H   00000001400dcbe0 f   libifcoremt:cvt_ieee_double.obj
 0001:000dc050       cvt_ieee_double_to_vax_h   00000001400dd050 f   libifcoremt:cvt_ieee_double.obj
 0001:000dc4e0       cvt_vax_f_to_ieee_single_  00000001400dd4e0 f   libifcoremt:cvt_vax_f.obj
 0001:000dc990       CVT_VAX_F_TO_IEEE_SINGLE   00000001400dd990 f   libifcoremt:cvt_vax_f.obj
 0001:000dce40       cvt_vax_f_to_ieee_single   00000001400dde40 f   libifcoremt:cvt_vax_f.obj
 0001:000dd320       cvt_ibm_short_to_ieee_single_ 00000001400de320 f   libifcoremt:cvt_ibm_short.obj
 0001:000dd800       CVT_IBM_SHORT_TO_IEEE_SINGLE 00000001400de800 f   libifcoremt:cvt_ibm_short.obj
 0001:000ddce0       cvt_ibm_short_to_ieee_single 00000001400dece0 f   libifcoremt:cvt_ibm_short.obj
 0001:000de200       cvt_vax_g_to_ieee_double_  00000001400df200 f   libifcoremt:cvt_vax_g.obj
 0001:000de700       CVT_VAX_G_TO_IEEE_DOUBLE   00000001400df700 f   libifcoremt:cvt_vax_g.obj
 0001:000dec00       cvt_vax_g_to_ieee_double   00000001400dfc00 f   libifcoremt:cvt_vax_g.obj
 0001:000df150       cvt_vax_d_to_ieee_double_  00000001400e0150 f   libifcoremt:cvt_vax_d.obj
 0001:000df650       CVT_VAX_D_TO_IEEE_DOUBLE   00000001400e0650 f   libifcoremt:cvt_vax_d.obj
 0001:000dfb50       cvt_vax_d_to_ieee_double   00000001400e0b50 f   libifcoremt:cvt_vax_d.obj
 0001:000e00a0       cvt_ibm_long_to_ieee_double_ 00000001400e10a0 f   libifcoremt:cvt_ibm_long.obj
 0001:000e0540       CVT_IBM_LONG_TO_IEEE_DOUBLE 00000001400e1540 f   libifcoremt:cvt_ibm_long.obj
 0001:000e09e0       cvt_ibm_long_to_ieee_double 00000001400e19e0 f   libifcoremt:cvt_ibm_long.obj
 0001:000e0f60       cvt_cray_to_ieee_single_   00000001400e1f60 f   libifcoremt:cvt_cray.obj
 0001:000e1460       CVT_CRAY_TO_IEEE_SINGLE    00000001400e2460 f   libifcoremt:cvt_cray.obj
 0001:000e1960       cvt_cray_to_ieee_single    00000001400e2960 f   libifcoremt:cvt_cray.obj
 0001:000e1e70       cvt_cray_to_ieee_double_   00000001400e2e70 f   libifcoremt:cvt_cray.obj
 0001:000e2390       CVT_CRAY_TO_IEEE_DOUBLE    00000001400e3390 f   libifcoremt:cvt_cray.obj
 0001:000e28b0       cvt_cray_to_ieee_double    00000001400e38b0 f   libifcoremt:cvt_cray.obj
 0001:000e2e10       cvt_data_to_text           00000001400e3e10 f   libifcoremt:cvt_data_to_text.obj
 0001:000e3240       cvt_data64_to_text         00000001400e4240 f   libifcoremt:cvt_data_to_text.obj
 0001:000e3670       cvt_integer_to_text        00000001400e4670 f   libifcoremt:cvt_int_to_text.obj
 0001:000e3870       cvt_unsigned_to_text       00000001400e4870 f   libifcoremt:cvt_int_to_text.obj
 0001:000e3aa0       cvt_integer64_to_text      00000001400e4aa0 f   libifcoremt:cvt_int_to_text.obj
 0001:000e3cd0       cvt_unsigned64_to_text     00000001400e4cd0 f   libifcoremt:cvt_int_to_text.obj
 0001:000e3f10       cvt_boolean_to_text        00000001400e4f10 f   libifcoremt:cvt_log_to_text.obj
 0001:000e41e0       cvt_boolean_to_text_ex     00000001400e51e0 f   libifcoremt:cvt_log_to_text.obj
 0001:000e4480       cvt_boolean64_to_text      00000001400e5480 f   libifcoremt:cvt_log_to_text.obj
 0001:000e4710       cvt_ieee_x_to_text_ex      00000001400e5710 f   libifcoremt:cvt_cvtas_x.obj
 0001:000e6020       cvt_ieee_x_to_text         00000001400e7020 f   libifcoremt:cvt_cvtas_x.obj
 0001:000e7650       cvt_text_to_ieee_x_ex      00000001400e8650 f   libifcoremt:cvt_cvtas_x.obj
 0001:000e7720       cvt_ieee_t_to_text_ex      00000001400e8720 f   libifcoremt:cvt_cvtas_t.obj
 0001:000e8f30       cvt_ieee_t_to_text         00000001400e9f30 f   libifcoremt:cvt_cvtas_t.obj
 0001:000ea4a0       cvt_text_to_ieee_t_ex      00000001400eb4a0 f   libifcoremt:cvt_cvtas_t.obj
 0001:000ea530       cvt_ieee_s_to_text_ex      00000001400eb530 f   libifcoremt:cvt_cvtas_s.obj
 0001:000ebcd0       cvt_ieee_s_to_text         00000001400eccd0 f   libifcoremt:cvt_cvtas_s.obj
 0001:000ed1e0       cvt_text_to_ieee_s_ex      00000001400ee1e0 f   libifcoremt:cvt_cvtas_s.obj
 0001:000ed270       cvt_text_to_data           00000001400ee270 f   libifcoremt:cvt_text_to_data.obj
 0001:000ed570       cvt_text_to_data64         00000001400ee570 f   libifcoremt:cvt_text_to_data.obj
 0001:000ed860       cvt_text_to_boolean        00000001400ee860 f   libifcoremt:cvt_text_to_log.obj
 0001:000ed960       cvt_text_to_boolean64      00000001400ee960 f   libifcoremt:cvt_text_to_log.obj
 0001:000eda60       FOCUSQQ                    00000001400eea60 f   libifcoremt:for_m_qwin.obj
 0001:000edde0       INQFOCUSQQ                 00000001400eede0 f   libifcoremt:for_m_qwin.obj
 0001:000edf00       _unit2handle               00000001400eef00 f   libifcoremt:for_m_qwin.obj
 0001:000ee250       _qwunit2handle             00000001400ef250 f   libifcoremt:for_m_qwin.obj
 0001:000ee2e0       _handle2unit               00000001400ef2e0 f   libifcoremt:for_m_qwin.obj
 0001:000ee3b0       GETHANDLEQQ                00000001400ef3b0 f   libifcoremt:for_m_qwin.obj
 0001:000ee700       GETUNITQQ                  00000001400ef700 f   libifcoremt:for_m_qwin.obj
 0001:000ee7e0       GETHWNDQQ                  00000001400ef7e0 f   libifcoremt:for_m_qwin.obj
 0001:000eeb70       SETWSIZEQQ                 00000001400efb70 f   libifcoremt:for_m_qwin.obj
 0001:000eefa0       GETWSIZEQQ                 00000001400effa0 f   libifcoremt:for_m_qwin.obj
 0001:000ef450       _FQclearscreen             00000001400f0450 f   libifcoremt:for_m_qwin.obj
 0001:000ef460       _FQdisplaycursor           00000001400f0460 f   libifcoremt:for_m_qwin.obj
 0001:000ef470       _fq_outtext                00000001400f0470 f   libifcoremt:for_m_qwin.obj
 0001:000ef5a0       _FQscrolltextwindow        00000001400f05a0 f   libifcoremt:for_m_qwin.obj
 0001:000ef5b0       _fq_gettextposition        00000001400f05b0 f   libifcoremt:for_m_qwin.obj
 0001:000ef5c0       _fq_settextposition        00000001400f05c0 f   libifcoremt:for_m_qwin.obj
 0001:000ef5d0       for__preconnected_units_create 00000001400f05d0 f   libifcoremt:for_preconnected_units_init.obj
 0001:000ef8a0       for__default_io_sizes_env_init 00000001400f08a0 f   libifcoremt:for_default_io_sizes_env_init.obj
 0001:000efb10       cvtas_x_to_a               00000001400f0b10 f   libifcoremt:cvtas_x_to_a.obj
 0001:000f5540       cvtas_a_to_x               00000001400f6540 f   libifcoremt:cvtas_a_to_x.obj
 0001:000fb4a0       cvtas_t_to_a               00000001400fc4a0 f   libifcoremt:cvtas_t_to_a.obj
 0001:00100f00       cvtas_a_to_t               0000000140101f00 f   libifcoremt:cvtas_a_to_t.obj
 0001:00103e40       cvtas_s_to_a               0000000140104e40 f   libifcoremt:cvtas_s_to_a.obj
 0001:00109700       cvtas_a_to_s               000000014010a700 f   libifcoremt:cvtas_a_to_s.obj
 0001:0010abe0       cvtas__nan_x               000000014010bbe0 f   libifcoremt:cvtas_nan_x.obj
 0001:0010acc0       cvtas__nan_t               000000014010bcc0 f   libifcoremt:cvtas_nan_t.obj
 0001:0010ad80       cvtas__nan_s               000000014010bd80 f   libifcoremt:cvtas_nan_s.obj
 0001:0010ae60       fmodf                      000000014010be60 f   libmmt:fmodf_iface_c99.obj
 0001:0010ae80       expf                       000000014010be80 f   libmmt:expf_iface_c99.obj
 0001:0010aea0       logf                       000000014010bea0 f   libmmt:logf_iface_c99.obj
 0001:0010aec0       cosf                       000000014010bec0 f   libmmt:cosf_iface_c99.obj
 0001:0010aee0       log10f                     000000014010bee0 f   libmmt:log10f_iface_c99.obj
 0001:0010af00       sinf                       000000014010bf00 f   libmmt:sinf_iface_c99.obj
 0001:0010af20       tanf                       000000014010bf20 f   libmmt:tanf_iface_c99.obj
 0001:0010af40       asinf                      000000014010bf40 f   libmmt:asinf_iface_c99.obj
 0001:0010af60       acosf                      000000014010bf60 f   libmmt:acosf_iface_c99.obj
 0001:0010af80       atan2f                     000000014010bf80 f   libmmt:atan2f_iface_c99.obj
 0001:0010afa0       fetestexcept               000000014010bfa0 f   libmmt:fetestexcept_iface_c99.obj
 0001:0010afc0       truncf                     000000014010bfc0 f   libmmt:truncf_iface_c99.obj
 0001:0010afe0       trunc                      000000014010bfe0 f   libmmt:trunc_iface_c99.obj
 0001:0010b000       lroundf                    000000014010c000 f   libmmt:lroundf_iface_c99.obj
 0001:0010b020       llroundf                   000000014010c020 f   libmmt:llroundf_iface_c99.obj
 0001:0010b040       lround                     000000014010c040 f   libmmt:lround_iface_c99.obj
 0001:0010b060       llround                    000000014010c060 f   libmmt:llround_iface_c99.obj
 0001:0010b080       __libm_fmodf               000000014010c080 f   libmmt:fmodf_iface_disp.obj
 0001:0010b140       __libm_expf                000000014010c140 f   libmmt:expf_iface_disp.obj
 0001:0010b1f0       __libm_logf                000000014010c1f0 f   libmmt:logf_iface_disp.obj
 0001:0010b2a0       __libm_cosf                000000014010c2a0 f   libmmt:cosf_iface_disp.obj
 0001:0010b350       __libm_log10f              000000014010c350 f   libmmt:log10f_iface_disp.obj
 0001:0010b400       __libm_sinf                000000014010c400 f   libmmt:sinf_iface_disp.obj
 0001:0010b4b0       __libm_tanf                000000014010c4b0 f   libmmt:tanf_iface_disp.obj
 0001:0010b560       __libm_asinf               000000014010c560 f   libmmt:asinf_iface_disp.obj
 0001:0010b610       __libm_acosf               000000014010c610 f   libmmt:acosf_iface_disp.obj
 0001:0010b6c0       __libm_atan2f              000000014010c6c0 f   libmmt:atan2f_iface_disp.obj
 0001:0010b780       __libm_fetestexcept_ex     000000014010c780 f   libmmt:fetestexcept.obj
 0001:0010b800       __libm_truncf_ex           000000014010c800 f   libmmt:truncf.obj
 0001:0010b860       __libm_trunc               000000014010c860 f   libmmt:trunc_iface_disp.obj
 0001:0010b910       __libm_lroundf             000000014010c910 f   libmmt:lroundf_iface_disp.obj
 0001:0010b9c0       __libm_llroundf            000000014010c9c0 f   libmmt:llroundf_iface_disp.obj
 0001:0010ba70       __libm_lround              000000014010ca70 f   libmmt:lround_iface_disp.obj
 0001:0010bb20       __libm_llround             000000014010cb20 f   libmmt:llround_iface_disp.obj
 0001:0010bbd0       __libm_feature_flag_init   000000014010cbd0 f   libmmt:libm_feature_flag.obj
 0001:0010bde0       __libm_fmodf_ex            000000014010cde0 f   libmmt:fmodf_gen.obj
 0001:0010be10       __libm_fmodf_e7            000000014010ce10 f   libmmt:fmodf_ct.obj
 0001:0010bff0       __libm_expf_ex             000000014010cff0 f   libmmt:expf_gen.obj
 0001:0010c210       __libm_expf_e7             000000014010d210 f   libmmt:expf_ct.obj
 0001:0010c430       __libm_expf_l9             000000014010d430 f   libmmt:expf_avx2.obj
 0001:0010c500       __libm_logf_ex             000000014010d500 f   libmmt:logf_gen.obj
 0001:0010c700       __libm_logf_e7             000000014010d700 f   libmmt:logf_ct.obj
 0001:0010c8d0       __libm_logf_l9             000000014010d8d0 f   libmmt:logf_avx2.obj
 0001:0010c9d0       __libm_cosf_ex             000000014010d9d0 f   libmmt:cosf_gen.obj
 0001:0010cc60       __libm_cosf_e7             000000014010dc60 f   libmmt:cosf_ct.obj
 0001:0010cf00       __libm_cosf_l9             000000014010df00 f   libmmt:cosf_avx2.obj
 0001:0010d080       __libm_log10f_ex           000000014010e080 f   libmmt:log10f_gen.obj
 0001:0010d2e0       __libm_log10f_e7           000000014010e2e0 f   libmmt:log10f_ct.obj
 0001:0010d4d0       __libm_log10f_l9           000000014010e4d0 f   libmmt:log10f_avx2.obj
 0001:0010d6e0       __libm_sinf_ex             000000014010e6e0 f   libmmt:sinf_gen.obj
 0001:0010d960       __libm_sinf_e7             000000014010e960 f   libmmt:sinf_ct.obj
 0001:0010dbe0       __libm_sinf_l9             000000014010ebe0 f   libmmt:sinf_avx2.obj
 0001:0010dd60       __libm_tanf_ex             000000014010ed60 f   libmmt:tanf_gen.obj
 0001:0010dfd0       __libm_tanf_e7             000000014010efd0 f   libmmt:tanf_ct.obj
 0001:0010e440       __libm_tanf_l9             000000014010f440 f   libmmt:tanf_avx2.obj
 0001:0010e640       __libm_asinf_ex            000000014010f640 f   libmmt:asinf_gen.obj
 0001:0010e980       __libm_asinf_e7            000000014010f980 f   libmmt:asinf_ct.obj
 0001:0010eb50       __libm_asinf_l9            000000014010fb50 f   libmmt:asinf_avx2.obj
 0001:0010ee30       __libm_acosf_ex            000000014010fe30 f   libmmt:acosf_gen.obj
 0001:0010f0f0       __libm_acosf_e7            00000001401100f0 f   libmmt:acosf_ct.obj
 0001:0010f350       __libm_acosf_l9            0000000140110350 f   libmmt:acosf_avx2.obj
 0001:0010f6a0       __libm_atan2f_ex           00000001401106a0 f   libmmt:atan2f_gen.obj
 0001:0010fc10       __libm_atan2f_e7           0000000140110c10 f   libmmt:atan2f_ct.obj
 0001:00110130       __libm_atan2f_l9           0000000140111130 f   libmmt:atan2f_avx2.obj
 0001:00110460       __libm_trunc_ex            0000000140111460 f   libmmt:trunc_gen.obj
 0001:00110500       __libm_trunc_e7            0000000140111500 f   libmmt:trunc_ct.obj
 0001:00110560       __libm_trunc_y8            0000000140111560 f   libmmt:trunc_pnr.obj
 0001:00110580       __libm_lroundf_ex          0000000140111580 f   libmmt:lroundf_gen.obj
 0001:00110650       __libm_lroundf_e7          0000000140111650 f   libmmt:lroundf_ct.obj
 0001:00110750       __libm_llroundf_ex         0000000140111750 f   libmmt:llroundf_gen.obj
 0001:00110830       __libm_llroundf_e7         0000000140111830 f   libmmt:llroundf_ct.obj
 0001:00110960       __libm_lround_ex           0000000140111960 f   libmmt:lround_gen.obj
 0001:00110a70       __libm_lround_e7           0000000140111a70 f   libmmt:lround_ct.obj
 0001:00110ba0       __libm_llround_ex          0000000140111ba0 f   libmmt:llround_gen.obj
 0001:00110c80       __libm_llround_e7          0000000140111c80 f   libmmt:llround_ct.obj
 0001:00110e00       __libm_fmod                0000000140111e00 f   libmmt:fmod_iface_disp.obj
 0001:00110ec0       __libm_copy_value          0000000140111ec0 f   libmmt:libm_error.obj
 0001:001112b0       __libm_error_support       00000001401122b0 f   libmmt:libm_error.obj
 0001:00111c10       __libm_setusermatherrl     0000000140112c10 f   libmmt:libm_error.obj
 0001:00111c40       __libm_setusermatherr      0000000140112c40 f   libmmt:libm_error.obj
 0001:00111c70       __libm_setusermatherrf     0000000140112c70 f   libmmt:libm_error.obj
 0001:00111ca0       __libm_tan                 0000000140112ca0 f   libmmt:tan_iface_disp.obj
 0001:00111d50       __libm_fmod_ex             0000000140112d50 f   libmmt:fmod_gen.obj
 0001:00111f30       __libm_fmod_e7             0000000140112f30 f   libmmt:fmod_ct.obj
 0001:00112480       __libm_matherrl            0000000140113480 f   libmmt:matherrl_iface_disp.obj
 0001:001124a0       __libm_matherr             00000001401134a0 f   libmmt:matherr_iface_disp.obj
 0001:001124c0       __libm_matherrf            00000001401134c0 f   libmmt:matherrf_iface_disp.obj
 0001:001124e0       __libm_tan_ex              00000001401134e0 f   libmmt:tan_gen.obj
 0001:00112d40       __libm_tan_e7              0000000140113d40 f   libmmt:tan_ct.obj
 0001:001135c0       __libm_tan_l9              00000001401145c0 f   libmmt:tan_avx2.obj
 0001:001138b0       __libm_matherrl_ex         00000001401148b0 f   libmmt:matherrl.obj
 0001:001138d0       __libm_matherr_ex          00000001401148d0 f   libmmt:matherr.obj
 0001:001138f0       __libm_matherrf_ex         00000001401148f0 f   libmmt:matherrf.obj
 0001:00113910       __intel_new_feature_proc_init 0000000140114910 f   libirc:new_proc_init.obj
 0001:00113d20       _intel_fast_memset.A       0000000140114d20 f   libirc:fastmemset.obj
 0001:00113d30       _intel_fast_memset.J       0000000140114d30 f   libirc:fastmemset.obj
 0001:00113d40       _intel_fast_memset.V       0000000140114d40 f   libirc:fastmemset.obj
 0001:00113d50       _intel_fast_memset.Z       0000000140114d50 f   libirc:fastmemset.obj
 0001:00113d60       _intel_fast_memset.a       0000000140114d60 f   libirc:fastmemset.obj
 0001:00113d70       _intel_fast_memset         0000000140114d70 f   libirc:fastmemset.obj
 0001:00113df0       _intel_fast_memcpy.A       0000000140114df0 f   libirc:fastmemcpy.obj
 0001:00113e00       _intel_fast_memcpy.J       0000000140114e00 f   libirc:fastmemcpy.obj
 0001:00113e10       _intel_fast_memcpy.V       0000000140114e10 f   libirc:fastmemcpy.obj
 0001:00113e20       _intel_fast_memcpy.Z       0000000140114e20 f   libirc:fastmemcpy.obj
 0001:00113e30       _intel_fast_memcpy.a       0000000140114e30 f   libirc:fastmemcpy.obj
 0001:00113e40       _intel_fast_memcpy         0000000140114e40 f   libirc:fastmemcpy.obj
 0001:00113ec0       __intel_sse2_strchr        0000000140114ec0 f   libirc:sse2_strchr.obj
 0001:00113f10       __intel_sse2_strlen        0000000140114f10 f   libirc:sse2_strlen.obj
 0001:00113f40       __intel_sse2_strncmp       0000000140114f40 f   libirc:sse2_strncmp.obj
 0001:00114260       __intel_sse2_stricmp       0000000140115260 f   libirc:sse2_stricmp.obj
 0001:00114bc0       __intel_lib_wrappers_init  0000000140115bc0 f   libirc:intel_lib_vs_wrappers_init.obj
 0001:00115130       _intel_fast_memcmp         0000000140116130 f   libirc:ia32_memcmp.obj
 0001:001151c0       __qtoj                     00000001401161c0 f   libirc:q2ints.obj
 0001:00115370       __qtok                     0000000140116370 f   libirc:q2ints.obj
 0001:00115470       __qtoi                     0000000140116470 f   libirc:q2ints.obj
 0001:001155d0       __qtou                     00000001401165d0 f   libirc:q2ints.obj
 0001:001156a0       __ktoq                     00000001401166a0 f   libirc:ints2q.obj
 0001:00115740       __jtoq                     0000000140116740 f   libirc:ints2q.obj
 0001:00115800       __itoq                     0000000140116800 f   libirc:ints2q.obj
 0001:00115870       __utoq                     0000000140116870 f   libirc:ints2q.obj
 0001:001158c0       __divq.L                   00000001401168c0 f   libirc:ia32_divq.obj
 0001:001166f0       __divq.A                   00000001401176f0 f   libirc:ia32_divq.obj
 0001:00117550       __divq                     0000000140118550 f   libirc:ia32_divq.obj
 0001:00118930       __addq                     0000000140119930 f   libirc:ia32_addsubq.obj
 0001:001189b0       __subq                     00000001401199b0 f   libirc:ia32_addsubq.obj
 0001:0011a880       __eqq                      000000014011b880 f   libirc:qcomp.obj
 0001:0011a900       __neq                      000000014011b900 f   libirc:qcomp.obj
 0001:0011a980       __leq                      000000014011b980 f   libirc:qcomp.obj
 0001:0011aa70       __ltq                      000000014011ba70 f   libirc:qcomp.obj
 0001:0011ab60       __geq                      000000014011bb60 f   libirc:qcomp.obj
 0001:0011ac50       __gtq                      000000014011bc50 f   libirc:qcomp.obj
 0001:0011ad40       __compareq                 000000014011bd40 f   libirc:qcomp.obj
 0001:0011ae30       __dtoq                     000000014011be30 f   libirc:fp2q.obj
 0001:0011af10       __ltoq                     000000014011bf10 f   libirc:fp2q.obj
 0001:0011af80       __ftoq                     000000014011bf80 f   libirc:fp2q.obj
 0001:0011b030       __qtod                     000000014011c030 f   libirc:q2fp.obj
 0001:0011b320       __qtol                     000000014011c320 f   libirc:q2fp.obj
 0001:0011b540       __qtof                     000000014011c540 f   libirc:q2fp.obj
 0001:0011b7f0       __intel_sse2_strcpy        000000014011c7f0 f   libirc:sse2_strcpy.obj
 0001:0011b950       __intel_sse2_strtok        000000014011c950 f   libirc:sse2_strtok.obj
 0001:0011bec0       __intel_sse2_strcat        000000014011cec0 f   libirc:sse2_strcat.obj
 0001:0011c060       tbk_string_stack_signal    000000014011d060 f   libirc:tbk_display.obj
 0001:0011c0d0       tbk_string_stack_signal_impl 000000014011d0d0 f   libirc:tbk_display.obj
 0001:0011ce20       __intel_cpu_features_init_x 000000014011de20 f   libirc:cpu_feature_disp.obj
 0001:0011ce40       __intel_cpu_features_init  000000014011de40 f   libirc:cpu_feature_disp.obj
 0001:0011d2a0       __libirc_get_msg           000000014011e2a0 f   libirc:irc_msg_support.obj
 0001:0011d4e0       __libirc_print             000000014011e4e0 f   libirc:irc_msg_support.obj
 0001:0011d7f0       __intel_proc_init_ftzdazule 000000014011e7f0 f   libirc:proc_init_utils.obj
 0001:0011d920       __intel_memset             000000014011e920 f   libirc:fast_memset.obj
 0001:0011d920       __intel_new_memset         000000014011e920 f   libirc:fast_memset.obj
 0001:0011e320       __intel_avx_rep_memset     000000014011f320 f   libirc:intel_avx_rep_memset.obj
 0001:0011f380       __intel_mic_avx512f_memset 0000000140120380 f   libirc:intel_mic_avx512f_memset.obj
 0001:00120c80       __intel_memcpy             0000000140121c80 f   libirc:fast_memcpy.obj
 0001:00120c80       __intel_new_memcpy         0000000140121c80 f   libirc:fast_memcpy.obj
 0001:00121d30       __intel_avx_rep_memcpy     0000000140122d30 f   libirc:intel_avx_rep_memcpy.obj
 0001:001235c0       __intel_mic_avx512f_memcpy 00000001401245c0 f   libirc:intel_mic_avx512f_memcpy.obj
 0001:00125100       tbk_getPC                  0000000140126100 f   libirc:tbk_backtrace.obj
 0001:00125110       tbk_getRetAddr             0000000140126110 f   libirc:tbk_backtrace.obj
 0001:00125120       tbk_getFramePtr            0000000140126120 f   libirc:tbk_backtrace.obj
 0001:00125130       tbk_getSP                  0000000140126130 f   libirc:tbk_backtrace.obj
 0001:00125140       tbk_getBStore              0000000140126140 f   libirc:tbk_backtrace.obj
 0001:00125150       tbk_getModuleName          0000000140126150 f   libirc:tbk_backtrace.obj
 0001:00125280       tbk_get_pc_info            0000000140126280 f   libirc:tbk_backtrace.obj
 0001:00125860       tbk_get_pc_info_pie        0000000140126860 f   libirc:tbk_backtrace.obj
 0001:00126120       tbk_geterrorstring         0000000140127120 f   libirc:tbk_backtrace.obj
 0001:00126130       tbk_trace_stack            0000000140127130 f   libirc:tbk_backtrace.obj
 0001:00126190       tbk_trace_stack_impl       0000000140127190 f   libirc:tbk_backtrace.obj
 0001:00126a70       __cacheSize                0000000140127a70 f   libirc:fast_mem_ops.obj
 0001:00127730       _QWINGethWnd               0000000140128730 f   ifconsol:for_m_console.obj
 0001:00127750       _QWINTGethFrame            0000000140128750 f   ifconsol:for_m_console.obj
 0001:00127770       _QWINGetFocus              0000000140128770 f   ifconsol:for_m_console.obj
 0001:00127790       ChangeQWINCP               0000000140128790 f   ifconsol:for_m_console.obj
 0001:001277a0       _QWINGetFileName           00000001401287a0 f   ifconsol:for_m_console.obj
 0001:001277c0       _QWINGetTitle              00000001401287c0 f   ifconsol:for_m_console.obj
 0001:001277e0       _wgopen                    00000001401287e0 f   ifconsol:for_m_console.obj
 0001:00127800       _QWINClose                 0000000140128800 f   ifconsol:for_m_console.obj
 0001:00127820       _wgsetactive               0000000140128820 f   ifconsol:for_m_console.obj
 0001:00127840       _wggetactive               0000000140128840 f   ifconsol:for_m_console.obj
 0001:00127860       RegisterGetHandleQQ        0000000140128860 f   ifconsol:for_m_console.obj
 0001:00127870       RegisterGetUnitQQ          0000000140128870 f   ifconsol:for_m_console.obj
 0001:00127880       _QWINWrite                 0000000140128880 f   ifconsol:for_m_console.obj
 0001:001278a0       _QWINSetIOFOCUS            00000001401288a0 f   ifconsol:for_m_console.obj
 0001:001278c0       _QWINRead                  00000001401288c0 f   ifconsol:for_m_console.obj
 0001:001278e0       YIELDQQ                    00000001401288e0 f   ifconsol:for_m_console.obj
 0001:00127900       _QWINSetSize               0000000140128900 f   ifconsol:for_m_console.obj
 0001:00127920       _QWINGetSize               0000000140128920 f   ifconsol:for_m_console.obj
 0001:00127940       _QWINMsgBox                0000000140128940 f   ifconsol:for_m_console.obj
 0001:00127960       _QWINRegisterEnd           0000000140128960 f   ifconsol:for_m_console.obj
 0001:00127980       _inchar                    0000000140128980 f   ifconsol:for_m_console.obj
 0001:001279a0       _QWINSetFocus              00000001401289a0 f   ifconsol:for_m_console.obj
 0001:001279c0       _clearscreen               00000001401289c0 f   ifconsol:for_m_console.obj
 0001:001279e0       _displaycursor             00000001401289e0 f   ifconsol:for_m_console.obj
 0001:00127a00       _scrolltextwindow          0000000140128a00 f   ifconsol:for_m_console.obj
 0001:00127a20       _f_gettextposition         0000000140128a20 f   ifconsol:for_m_console.obj
 0001:00127a40       _f_outtext                 0000000140128a40 f   ifconsol:for_m_console.obj
 0001:00127a50       _f_settextposition         0000000140128a50 f   ifconsol:for_m_console.obj
 0001:00127a60       _QWINNiceExit              0000000140128a60 f   ifconsol:for_m_console.obj
 0001:00127a80       _QWINRegisterInit          0000000140128a80 f   ifconsol:for_m_console.obj
 0001:00127aa0       _QWINGetDefaultWindow      0000000140128aa0 f   ifconsol:for_m_console.obj
 0001:00127ac0       main                       0000000140128ac0 f   libifcoremt:for_main.obj
 0001:00127bd0       for__nt_handler_jacket     0000000140128bd0 f   libifcoremt:for_main.obj
 0001:00127c20       for__nt_user_handler_jacket 0000000140128c20 f   libifcoremt:for_main.obj
 0001:00127ca0       exception_dump             0000000140128ca0 f   libifcoremt:for_main.obj
 0001:00127cb0       ADDRESSOF                  0000000140128cb0 f   ARAPlib_lib:C2Fortran.obj
 0001:00127cc0       ADDRESS_EFFECT             0000000140128cc0 f   ARAPlib_lib:C2Fortran.obj
 0001:00127cd0       ADDRESS_INTEGER            0000000140128cd0 f   ARAPlib_lib:C2Fortran.obj
 0001:00127ce0       ADDRESS_INTEGERARRAY       0000000140128ce0 f   ARAPlib_lib:C2Fortran.obj
 0001:00127cf0       ADDRESS_MESSAGE            0000000140128cf0 f   ARAPlib_lib:C2Fortran.obj
 0001:00127d00       ADDRESS_PROMPT2DCOMPOUT    0000000140128d00 f   ARAPlib_lib:C2Fortran.obj
 0001:00127d10       ADDRESS_PROMPT2DCOMPOUTARRAY 0000000140128d10 f   ARAPlib_lib:C2Fortran.obj
 0001:00127d20       ADDRESS_PROMPT2DINITOUT    0000000140128d20 f   ARAPlib_lib:C2Fortran.obj
 0001:00127d30       ADDRESS_PROMPTCOMPIN       0000000140128d30 f   ARAPlib_lib:C2Fortran.obj
 0001:00127d40       ADDRESS_PROMPTCOMPOUT      0000000140128d40 f   ARAPlib_lib:C2Fortran.obj
 0001:00127d50       ADDRESS_PROMPTCOMPOUTARRAY 0000000140128d50 f   ARAPlib_lib:C2Fortran.obj
 0001:00127d60       ADDRESS_PROMPTINITIN       0000000140128d60 f   ARAPlib_lib:C2Fortran.obj
 0001:00127d70       ADDRESS_PROMPTINITOUT      0000000140128d70 f   ARAPlib_lib:C2Fortran.obj
 0001:00127d80       ADDRESS_REAL               0000000140128d80 f   ARAPlib_lib:C2Fortran.obj
 0001:00127d90       ADDRESS_REALARRAY          0000000140128d90 f   ARAPlib_lib:C2Fortran.obj
 0001:00127dc0       ADDRESS_RELEASE            0000000140128dc0 f   ARAPlib_lib:C2Fortran.obj
 0001:00127e40       ADDRESS_STRING             0000000140128e40 f   ARAPlib_lib:C2Fortran.obj
 0001:00127e50       ADDRESS_UPDATE             0000000140128e50 f   ARAPlib_lib:C2Fortran.obj
 0001:00127e60       ADDRESS_UPDATEMC           0000000140128e60 f   ARAPlib_lib:C2Fortran.obj
 0001:00127e70       EFFECT_ADDRESS             0000000140128e70 f   ARAPlib_lib:C2Fortran.obj
 0001:00127e90       INTEGERARRAY_ADDRESS       0000000140128e90 f   ARAPlib_lib:C2Fortran.obj
 0001:00127ea0       INTEGER_ADDRESS            0000000140128ea0 f   ARAPlib_lib:C2Fortran.obj
 0001:00127eb0       MESSAGE_ADDRESS            0000000140128eb0 f   ARAPlib_lib:C2Fortran.obj
 0001:00127f50       PROMPT2DCOMPOUTARRAY_ADDRESS 0000000140128f50 f   ARAPlib_lib:C2Fortran.obj
 0001:00127f60       PROMPT2DCOMPOUT_ADDRESS    0000000140128f60 f   ARAPlib_lib:C2Fortran.obj
 0001:00127f70       PROMPT2DINITOUT_ADDRESS    0000000140128f70 f   ARAPlib_lib:C2Fortran.obj
 0001:00127f80       PROMPTCOMPIN_ADDRESS       0000000140128f80 f   ARAPlib_lib:C2Fortran.obj
 0001:00127f90       PROMPTCOMPOUTARRAY_ADDRESS 0000000140128f90 f   ARAPlib_lib:C2Fortran.obj
 0001:00127fa0       PROMPTCOMPOUT_ADDRESS      0000000140128fa0 f   ARAPlib_lib:C2Fortran.obj
 0001:00127fb0       PROMPTINITIN_ADDRESS       0000000140128fb0 f   ARAPlib_lib:C2Fortran.obj
 0001:00127fc0       PROMPTINITOUT_ADDRESS      0000000140128fc0 f   ARAPlib_lib:C2Fortran.obj
 0001:00127fd0       REALARRAY_ADDRESS          0000000140128fd0 f   ARAPlib_lib:C2Fortran.obj
 0001:00128000       REAL_ADDRESS               0000000140129000 f   ARAPlib_lib:C2Fortran.obj
 0001:00128010       RELEASE_ADDRESS            0000000140129010 f   ARAPlib_lib:C2Fortran.obj
 0001:00128090       UPDATEMC_ADDRESS           0000000140129090 f   ARAPlib_lib:C2Fortran.obj
 0001:001280a0       UPDATE_ADDRESS             00000001401290a0 f   ARAPlib_lib:C2Fortran.obj
 0001:001280b0       VALUE_REFERENCE            00000001401290b0 f   ARAPlib_lib:C2Fortran.obj
 0001:001280c0       address_effect_            00000001401290c0 f   ARAPlib_lib:C2Fortran.obj
 0001:001280e0       address_integer_           00000001401290e0 f   ARAPlib_lib:C2Fortran.obj
 0001:001280f0       address_integerarray_      00000001401290f0 f   ARAPlib_lib:C2Fortran.obj
 0001:00128120       address_message_           0000000140129120 f   ARAPlib_lib:C2Fortran.obj
 0001:001281c0       address_prompt2Dcompout    00000001401291c0 f   ARAPlib_lib:C2Fortran.obj
 0001:001281e0       address_prompt2Dcompoutarray 00000001401291e0 f   ARAPlib_lib:C2Fortran.obj
 0001:00128220       address_prompt2Dinitout    0000000140129220 f   ARAPlib_lib:C2Fortran.obj
 0001:00128230       address_promptcompin_      0000000140129230 f   ARAPlib_lib:C2Fortran.obj
 0001:00128240       address_promptcompout      0000000140129240 f   ARAPlib_lib:C2Fortran.obj
 0001:001282e0       address_promptcompoutarray 00000001401292e0 f   ARAPlib_lib:C2Fortran.obj
 0001:001283b0       address_promptinitin_      00000001401293b0 f   ARAPlib_lib:C2Fortran.obj
 0001:00128450       address_promptinitout      0000000140129450 f   ARAPlib_lib:C2Fortran.obj
 0001:00128490       address_string_            0000000140129490 f   ARAPlib_lib:C2Fortran.obj
 0001:001284c0       address_update_            00000001401294c0 f   ARAPlib_lib:C2Fortran.obj
 0001:00128540       address_updatemc_          0000000140129540 f   ARAPlib_lib:C2Fortran.obj
 0001:001285c0       addressof_                 00000001401295c0 f   ARAPlib_lib:C2Fortran.obj
 0001:001285d0       integerarray_address_      00000001401295d0 f   ARAPlib_lib:C2Fortran.obj
 0001:00128600       prompt2Dcompout_address    0000000140129600 f   ARAPlib_lib:C2Fortran.obj
 0001:00128620       prompt2Dcompoutarray_address_ 0000000140129620 f   ARAPlib_lib:C2Fortran.obj
 0001:00128660       prompt2Dinitout_address_   0000000140129660 f   ARAPlib_lib:C2Fortran.obj
 0001:00128670       prompt2dcompoutarray_address_ 0000000140129670 f   ARAPlib_lib:C2Fortran.obj
 0001:001286b0       prompt2dinitout_address_   00000001401296b0 f   ARAPlib_lib:C2Fortran.obj
 0001:001286c0       promptcompin_address       00000001401296c0 f   ARAPlib_lib:C2Fortran.obj
 0001:001286d0       promptcompout_address      00000001401296d0 f   ARAPlib_lib:C2Fortran.obj
 0001:00128770       promptcompoutarray_address_ 0000000140129770 f   ARAPlib_lib:C2Fortran.obj
 0001:00128840       promptinitin_address       0000000140129840 f   ARAPlib_lib:C2Fortran.obj
 0001:001288e0       promptinitout_address_     00000001401298e0 f   ARAPlib_lib:C2Fortran.obj
 0001:00128920       update_address_            0000000140129920 f   ARAPlib_lib:C2Fortran.obj
 0001:001289a0       updatemc_address_          00000001401299a0 f   ARAPlib_lib:C2Fortran.obj
 0001:00128a20       value_reference_           0000000140129a20 f   ARAPlib_lib:C2Fortran.obj
 0001:00128a24       SCIPINITERROR              0000000140129a24 f   SCIPtool:SCIPtool.dll
 0001:00128a2a       SCIPGETLASTERROR           0000000140129a2a f   SCIPtool:SCIPtool.dll
 0001:00128a30       SCIPINITTOOL               0000000140129a30 f   SCIPtool:SCIPtool.dll
 0001:00128a36       SCIPSIZEPROJECTMC          0000000140129a36 f   SCIPtool:SCIPtool.dll
 0001:00128a3c       SCIPEXITTOOL               0000000140129a3c f   SCIPtool:SCIPtool.dll
 0001:00128a42       SCIPDEFAULTINPF            0000000140129a42 f   SCIPtool:SCIPtool.dll
 0001:00128a48       SCIPLOADINPF               0000000140129a48 f   SCIPtool:SCIPtool.dll
 0001:00128a4e       SCIPDEFAULTWEATHERF        0000000140129a4e f   SCIPtool:SCIPtool.dll
 0001:00128a54       SCIPLOADWEATHERF           0000000140129a54 f   SCIPtool:SCIPtool.dll
 0001:00128a5a       SCIPNEWPROJECTMC           0000000140129a5a f   SCIPtool:SCIPtool.dll
 0001:00128a60       SCIPRUNPROJECT             0000000140129a60 f   SCIPtool:SCIPtool.dll
 0001:00128a66       SCIPLOADRELEASEMCF         0000000140129a66 f   SCIPtool:SCIPtool.dll
 0001:00128a6c       SCIPWRITERELEASEMCF        0000000140129a6c f   SCIPtool:SCIPtool.dll
 0001:00128a72       SCIPCHECKBUTTONS           0000000140129a72 f   SCIPtool:SCIPtool.dll
 0001:00128a78       SCIPNEWPROJECT             0000000140129a78 f   SCIPtool:SCIPtool.dll
 0001:00128a7e       SCIPDEFAULTMATERIALF       0000000140129a7e f   SCIPtool:SCIPtool.dll
 0001:00128a84       DtmsExtendedZone           0000000140129a84 f   SWIM:SWIM.dll
 0001:00128a8a       DtmsUTMfromLLAdomain       0000000140129a8a f   SWIM:SWIM.dll
 0001:00128a90       DtmsInitDatums             0000000140129a90 f   SWIM:SWIM.dll
 0001:00128a96       ADDNULL                    0000000140129a96 f   SYStool:SYStool.dll
 0001:00128a9c       SPLITNAME                  0000000140129a9c f   SYStool:SYStool.dll
 0001:00128aa2       ADDPATH                    0000000140129aa2 f   SYStool:SYStool.dll
 0001:00128aa8       STRIPNULL                  0000000140129aa8 f   SYStool:SYStool.dll
 0001:00128aae       SYSGETPROFILESTRING        0000000140129aae f   SYStool:SYStool.dll
 0001:00128ab4       SYSGETPROFILEINT           0000000140129ab4 f   SYStool:SYStool.dll
 0001:00128aba       SYSDELETEFILE              0000000140129aba f   SYStool:SYStool.dll
 0001:00128ac0       SYSNUMARGS                 0000000140129ac0 f   SYStool:SYStool.dll
 0001:00128ac6       SYSGETARG                  0000000140129ac6 f   SYStool:SYStool.dll
 0001:00128acc       SYSCHECKFILE               0000000140129acc f   SYStool:SYStool.dll
 0001:00128ad2       ADDEXTENSION               0000000140129ad2 f   SYStool:SYStool.dll
 0001:00128ad8       SYSCOPYFILE                0000000140129ad8 f   SYStool:SYStool.dll
 0001:00128ade       __kmpc_begin               0000000140129ade f   libiomp5md:libiomp5md.dll
 0001:00128ae4       kmp_aligned_malloc         0000000140129ae4 f   libiomp5md:libiomp5md.dll
 0001:00128aea       kmp_free                   0000000140129aea f   libiomp5md:libiomp5md.dll
 0001:00128af0       _fpmath                    0000000140129af0 f   LIBCMT:fpinit.obj
 0001:00128af8       __setfflag                 0000000140129af8 f   LIBCMT:fpinit.obj
 0001:00128b08       _cfltcvt_init              0000000140129b08 f   LIBCMT:fpinit.obj
 0001:00128ba0       _alloca_probe              0000000140129ba0 f   LIBCMT:chkstk.obj
 0001:00128ba0       __chkstk                   0000000140129ba0 f   LIBCMT:chkstk.obj
 0001:00128c00       memmove                    0000000140129c00 f   LIBCMT:memcpy.obj
 0001:00128c00       memcpy                     0000000140129c00 f   LIBCMT:memcpy.obj
 0001:00129360       mainCRTStartup             000000014012a360 f   LIBCMT:crt0.obj
 0001:00129390       __security_check_cookie    000000014012a390 f   LIBCMT:amdsecgs.obj
 0001:001293b0       __GSHandlerCheck           000000014012a3b0 f   LIBCMT:gshandler.obj
 0001:001293d0       __GSHandlerCheckCommon     000000014012a3d0 f   LIBCMT:gshandler.obj
 0001:00129434       strstr                     000000014012a434 f   LIBCMT:strstr.obj
 0001:00129614       ??0_LocaleUpdate@@QEAA@PEAUlocaleinfo_struct@@@Z 000000014012a614 f i LIBCMT:toupper.obj
 0001:001296bc       ??1_LocaleUpdate@@QEAA@XZ  000000014012a6bc f i LIBCMT:toupper.obj
 0001:001296d0       ?GetLocaleT@_LocaleUpdate@@QEAAPEAUlocaleinfo_struct@@XZ 000000014012a6d0 f i LIBCMT:toupper.obj
 0001:001296d4       _toupper                   000000014012a6d4 f   LIBCMT:toupper.obj
 0001:001296d8       _toupper_l                 000000014012a6d8 f   LIBCMT:toupper.obj
 0001:00129828       toupper                    000000014012a828 f   LIBCMT:toupper.obj
 0001:00129860       strncpy                    000000014012a860 f   LIBCMT:strncpy.obj
 0001:001299c4       _heap_alloc                000000014012a9c4 f i LIBCMT:malloc.obj
 0001:00129a14       malloc                     000000014012aa14 f   LIBCMT:malloc.obj
 0001:00129acc       realloc                    000000014012aacc f   LIBCMT:realloc.obj
 0001:00129ba0       free                       000000014012aba0 f   LIBCMT:free.obj
 0001:00129be0       _aligned_free              000000014012abe0 f   LIBCMT:align.obj
 0001:00129bfc       _aligned_malloc            000000014012abfc f   LIBCMT:align.obj
 0001:00129c70       _aligned_msize             000000014012ac70 f   LIBCMT:align.obj
 0001:00129cd8       _aligned_offset_malloc     000000014012acd8 f   LIBCMT:align.obj
 0001:00129d8c       _aligned_offset_realloc    000000014012ad8c f   LIBCMT:align.obj
 0001:00129f58       _aligned_offset_recalloc   000000014012af58 f   LIBCMT:align.obj
 0001:00129ffc       _aligned_realloc           000000014012affc f   LIBCMT:align.obj
 0001:0012a004       _aligned_recalloc          000000014012b004 f   LIBCMT:align.obj
 0001:0012a018       __fpecode                  000000014012b018 f   LIBCMT:winsig.obj
 0001:0012a02c       __get_sigabrt              000000014012b02c f   LIBCMT:winsig.obj
 0001:0012a03c       __pxcptinfoptrs            000000014012b03c f   LIBCMT:winsig.obj
 0001:0012a050       _initp_misc_winsig         000000014012b050 f   LIBCMT:winsig.obj
 0001:0012a104       raise                      000000014012b104 f   LIBCMT:winsig.obj
 0001:0012a374       signal                     000000014012b374 f   LIBCMT:winsig.obj
 0001:0012a600       __onexitinit               000000014012b600 f   LIBCMT:onexit.obj
 0001:0012a644       _onexit                    000000014012b644 f   LIBCMT:onexit.obj
 0001:0012a844       atexit                     000000014012b844 f   LIBCMT:onexit.obj
 0001:0012a85c       _beginthread               000000014012b85c f   LIBCMT:thread.obj
 0001:0012a97c       _endthread                 000000014012b97c f   LIBCMT:thread.obj
 0001:0012aa24       __inittime                 000000014012ba24 f   LIBCMT:clock.obj
 0001:0012aa50       clock                      000000014012ba50 f   LIBCMT:clock.obj
 0001:0012aa90       __copy_path_to_wide_string 000000014012ba90 f   LIBCMT:crt0dat.obj
 0001:0012ab90       __copy_to_char             000000014012bb90 f   LIBCMT:crt0dat.obj
 0001:0012aca8       __crtCorExitProcess        000000014012bca8 f   LIBCMT:crt0dat.obj
 0001:0012acec       __crtExitProcess           000000014012bcec f   LIBCMT:crt0dat.obj
 0001:0012ad04       __freeCrtMemory            000000014012bd04 f   LIBCMT:crt0dat.obj
 0001:0012ae4c       _amsg_exit                 000000014012be4c f   LIBCMT:crt0dat.obj
 0001:0012ae74       _c_exit                    000000014012be74 f   LIBCMT:crt0dat.obj
 0001:0012ae84       _cexit                     000000014012be84 f   LIBCMT:crt0dat.obj
 0001:0012ae94       _cinit                     000000014012be94 f   LIBCMT:crt0dat.obj
 0001:0012af2c       _exit                      000000014012bf2c f   LIBCMT:crt0dat.obj
 0001:0012af38       _exit_app                  000000014012bf38 f   LIBCMT:crt0dat.obj
 0001:0012af44       _get_pgmptr                000000014012bf44 f   LIBCMT:crt0dat.obj
 0001:0012af7c       _get_wpgmptr               000000014012bf7c f   LIBCMT:crt0dat.obj
 0001:0012afb4       _init_pointers             000000014012bfb4 f   LIBCMT:crt0dat.obj
 0001:0012b060       _initterm_e                000000014012c060 f   LIBCMT:crt0dat.obj
 0001:0012b09c       _lockexit                  000000014012c09c f   LIBCMT:crt0dat.obj
 0001:0012b0a8       _unlockexit                000000014012c0a8 f   LIBCMT:crt0dat.obj
 0001:0012b24c       exit                       000000014012c24c f   LIBCMT:crt0dat.obj
 0001:0012b258       _set_abort_behavior        000000014012c258 f   LIBCMT:abort.obj
[...]
 0004:00006804       $pdata$_putwch_nolock      0000000140200804     LIBCMT:putwch.obj
 0004:0000681c       $pdata$__wtomb_environ     000000014020081c     LIBCMT:wtombenv.obj
 0004:00006828       $pdata$calloc              0000000140200828     LIBCMT:calloc.obj
 0004:00006834       $pdata$_mbsnbicoll_l       0000000140200834     LIBCMT:mbsnbico.obj
 0004:0000684c       $pdata$__initstdio         000000014020084c     LIBCMT:_file.obj
 0004:00006858       $pdata$__endstdio          0000000140200858     LIBCMT:_file.obj
 0004:00006864       $pdata$_lock_file          0000000140200864     LIBCMT:_file.obj
 0004:00006870       $pdata$_lock_file2         0000000140200870     LIBCMT:_file.obj
 0004:0000687c       $pdata$_fwrite_nolock      000000014020087c     LIBCMT:fwrite.obj
 0004:00006888       $pdata$fwrite              0000000140200888     LIBCMT:fwrite.obj
 0004:00006894       $pdata$strrchr             0000000140200894     LIBCMT:strrchr.obj
 0004:000068a0       $pdata$_fptostr            00000001402008a0     LIBCMT:_fptostr.obj
 0004:000068ac       $pdata$__crt_atoflt_l      00000001402008ac     LIBCMT:atodbl.obj
 0004:000068b8       $pdata$_atodbl_l           00000001402008b8     LIBCMT:atodbl.obj
 0004:000068c4       $pdata$_atoldbl_l          00000001402008c4     LIBCMT:atodbl.obj
 0004:000068d0       $pdata$__dtold             00000001402008d0     LIBCMT:cfout.obj
 0004:000068dc       $pdata$_fltout2            00000001402008dc     LIBCMT:cfout.obj
 0004:000068e8       $pdata$_set_output_format  00000001402008e8     LIBCMT:outputformat.obj
 0004:00006924       $pdata$?x_ismbbtype_l@@YAHPEAUlocaleinfo_struct@@IHH@Z 0000000140200924     LIBCMT:ismbbyte.obj
 0004:00006930       $pdata$_ismbbkana_l        0000000140200930     LIBCMT:ismbbyte.obj
 0004:0000693c       $pdata$wcscat_s            000000014020093c     LIBCMT:wcscat_s.obj
 0004:00006948       $pdata$wcscpy_s            0000000140200948     LIBCMT:wcscpy_s.obj
 0004:00006954       $pdata$wcsncpy_s           0000000140200954     LIBCMT:wcsncpy_s.obj
 0004:00006960       $pdata$__crtMessageBoxW    0000000140200960     LIBCMT:crtmboxw.obj
 0004:0000696c       $pdata$__crtMessageBoxWaitThreadW 000000014020096c     LIBCMT:crtmboxw.obj
 0004:00006978       $pdata$__free_lconv_mon    0000000140200978     LIBCMT:initmon.obj
 0004:00006984       $pdata$__init_monetary     0000000140200984     LIBCMT:initmon.obj
 0004:00006990       $pdata$__free_lconv_num    0000000140200990     LIBCMT:initnum.obj
 0004:0000699c       $pdata$__init_numeric      000000014020099c     LIBCMT:initnum.obj
 0004:000069a8       $pdata$__free_lc_time      00000001402009a8     LIBCMT:inittime.obj
 0004:000069b4       $pdata$__init_time         00000001402009b4     LIBCMT:inittime.obj
 0004:000069c0       $pdata$_get_lc_time        00000001402009c0     LIBCMT:inittime.obj
 0004:000069cc       $pdata$localeconv          00000001402009cc     LIBCMT:lconv.obj
 0004:000069d8       $pdata$?__crtGetStringTypeA_stat@@YAHPEAUlocaleinfo_struct@@KPEBDHPEAGHH@Z 00000001402009d8     LIBCMT:a_str.obj
 0004:000069e4       $pdata$__crtGetStringTypeA 00000001402009e4     LIBCMT:a_str.obj
 0004:000069f0       $pdata$iswctype            00000001402009f0     LIBCMT:iswctype.obj
 0004:000069fc       $pdata$GetTableIndexFromLocaleName 00000001402009fc     LIBCMT:winapinls.obj
 0004:00006a08       $pdata$__crtCompareStringEx 0000000140200a08     LIBCMT:winapinls.obj
 0004:00006a14       $pdata$__crtDownlevelLCIDToLocaleName 0000000140200a14     LIBCMT:winapinls.obj
 0004:00006a20       $pdata$__crtDownlevelLocaleNameToLCID 0000000140200a20     LIBCMT:winapinls.obj
 0004:00006a2c       $pdata$__crtEnumSystemLocalesEx 0000000140200a2c     LIBCMT:winapinls.obj
 0004:00006a38       $pdata$__crtGetDateFormatEx 0000000140200a38     LIBCMT:winapinls.obj
 0004:00006a44       $pdata$__crtGetLocaleInfoEx 0000000140200a44     LIBCMT:winapinls.obj
 0004:00006a50       $pdata$__crtGetTimeFormatEx 0000000140200a50     LIBCMT:winapinls.obj
 0004:00006a5c       $pdata$__crtGetUserDefaultLocaleName 0000000140200a5c     LIBCMT:winapinls.obj
 0004:00006a68       $pdata$__crtIsValidLocaleName 0000000140200a68     LIBCMT:winapinls.obj
 0004:00006a74       $pdata$__crtLCMapStringEx  0000000140200a74     LIBCMT:winapinls.obj
 0004:00006a80       $pdata$__pctype_func       0000000140200a80     LIBCMT:ctype.obj
 0004:00006a8c       $pdata$___lc_codepage_func 0000000140200a8c     LIBCMT:initctyp.obj
 0004:00006a98       $pdata$___lc_collate_cp_func 0000000140200a98     LIBCMT:initctyp.obj
 0004:00006aa4       $pdata$___lc_locale_name_func 0000000140200aa4     LIBCMT:initctyp.obj
 0004:00006ab0       $pdata$___mb_cur_max_func  0000000140200ab0     LIBCMT:initctyp.obj
 0004:00006abc       $pdata$__init_ctype        0000000140200abc     LIBCMT:initctyp.obj
 0004:00006ad4       $pdata$GetLocaleNameFromDefault 0000000140200ad4     LIBCMT:getqloc.obj
 0004:00006ae0       $pdata$GetLocaleNameFromLangCountry 0000000140200ae0     LIBCMT:getqloc.obj
 0004:00006aec       $pdata$GetLocaleNameFromLanguage 0000000140200aec     LIBCMT:getqloc.obj
 0004:00006af8       $pdata$LangCountryEnumProcEx 0000000140200af8     LIBCMT:getqloc.obj
 0004:00006b04       $pdata$LanguageEnumProcEx  0000000140200b04     LIBCMT:getqloc.obj
 0004:00006b10       $pdata$ProcessCodePage     0000000140200b10     LIBCMT:getqloc.obj
 0004:00006b1c       $pdata$TestDefaultCountry  0000000140200b1c     LIBCMT:getqloc.obj
 0004:00006b28       $pdata$TestDefaultLanguage 0000000140200b28     LIBCMT:getqloc.obj
 0004:00006b34       $pdata$TranslateName       0000000140200b34     LIBCMT:getqloc.obj
 0004:00006b40       $pdata$__get_qualified_locale 0000000140200b40     LIBCMT:getqloc.obj
 0004:00006b4c       $pdata$CountryEnumProc     0000000140200b4c     LIBCMT:getqloc_downlevel.obj
 0004:00006b58       $pdata$GetLcidFromCountry  0000000140200b58     LIBCMT:getqloc_downlevel.obj
 0004:00006b64       $pdata$GetLcidFromDefault  0000000140200b64     LIBCMT:getqloc_downlevel.obj
 0004:00006b70       $pdata$GetLcidFromLangCountry 0000000140200b70     LIBCMT:getqloc_downlevel.obj
 0004:00006b7c       $pdata$GetLcidFromLanguage 0000000140200b7c     LIBCMT:getqloc_downlevel.obj
 0004:00006b88       $pdata$LangCountryEnumProc 0000000140200b88     LIBCMT:getqloc_downlevel.obj
 0004:00006b94       $pdata$LanguageEnumProc    0000000140200b94     LIBCMT:getqloc_downlevel.obj
 0004:00006ba0       $pdata$ProcessCodePage     0000000140200ba0     LIBCMT:getqloc_downlevel.obj
 0004:00006bac       $pdata$TestDefaultLanguage 0000000140200bac     LIBCMT:getqloc_downlevel.obj
 0004:00006bb8       $pdata$TranslateName       0000000140200bb8     LIBCMT:getqloc_downlevel.obj
 0004:00006bc4       $pdata$__get_qualified_locale_downlevel 0000000140200bc4     LIBCMT:getqloc_downlevel.obj
 0004:00006bd0       $pdata$_recalloc           0000000140200bd0     LIBCMT:recalloc.obj
 0004:00006bdc       $pdata$_calloc_impl        0000000140200bdc     LIBCMT:calloc_impl.obj
 0004:00006be8       $pdata$?__crtGetLocaleInfoA_stat@@YAHPEAUlocaleinfo_struct@@PEB_WKPEADH@Z 0000000140200be8     LIBCMT:a_loc.obj
 0004:00006bf4       $pdata$__crtGetLocaleInfoA 0000000140200bf4     LIBCMT:a_loc.obj
 0004:00006c00       $pdata$_fflush_nolock      0000000140200c00     LIBCMT:fflush.obj
 0004:00006c0c       $pdata$_flush              0000000140200c0c     LIBCMT:fflush.obj
 0004:00006c18       $pdata$fflush              0000000140200c18     LIBCMT:fflush.obj
 0004:00006c24       $pdata$flsall              0000000140200c24     LIBCMT:fflush.obj
 0004:00006c30       $pdata$_strtod_l           0000000140200c30     LIBCMT:strtod.obj
 0004:00006c3c       $pdata$__termconout        0000000140200c3c     LIBCMT:initcon.obj
 0004:00006c48       $pdata$__initconout        0000000140200c48     LIBCMT:initcon.obj
 0004:00006c54       $pdata$__crtsetenv         0000000140200c54     LIBCMT:setenv.obj
 0004:00006c60       $pdata$copy_environ        0000000140200c60     LIBCMT:setenv.obj
 0004:00006c6c       $pdata$findenv             0000000140200c6c     LIBCMT:setenv.obj
 0004:00006c78       $pdata$_strnicoll_l        0000000140200c78     LIBCMT:strnicol.obj
 0004:00006c84       $pdata$?__crtCompareStringA_stat@@YAHPEAUlocaleinfo_struct@@PEB_WKPEBDH2HH@Z 0000000140200c84     LIBCMT:a_cmp.obj
 0004:00006c90       $pdata$__crtCompareStringA 0000000140200c90     LIBCMT:a_cmp.obj
 0004:00006c9c       $pdata$_fcloseall          0000000140200c9c     LIBCMT:closeall.obj
 0004:00006ca8       $pdata$_flsbuf             0000000140200ca8     LIBCMT:_flsbuf.obj
 0004:00006cb4       $pdata$_RoundMan           0000000140200cb4     LIBCMT:intrncvt.obj
 0004:00006cc0       $pdata$_ShrMan             0000000140200cc0     LIBCMT:intrncvt.obj
 0004:00006ccc       $pdata$_ld12cvt            0000000140200ccc     LIBCMT:intrncvt.obj
 0004:00006cd8       $pdata$_ld12tod            0000000140200cd8     LIBCMT:intrncvt.obj
 0004:00006ce4       $pdata$_ld12tof            0000000140200ce4     LIBCMT:intrncvt.obj
 0004:00006cf0       $pdata$_ld12told           0000000140200cf0     LIBCMT:intrncvt.obj
 0004:00006cfc       $pdata$__STRINGTOLD_L      0000000140200cfc     LIBCMT:strgtold.obj
 0004:00006d08       $pdata$__ld12mul           0000000140200d08     LIBCMT:strgtold.obj
 0004:00006d14       $pdata$__multtenpow12      0000000140200d14     LIBCMT:strgtold.obj
 0004:00006d20       $pdata$__strgtold12_l      0000000140200d20     LIBCMT:strgtold.obj
 0004:00006d2c       $pdata$$I10_OUTPUT         0000000140200d2c     LIBCMT:x10fout.obj
 0004:00006d38       $pdata$_i64tow_s           0000000140200d38     LIBCMT:xtows.obj
 0004:00006d44       $pdata$_itow_s             0000000140200d44     LIBCMT:xtows.obj
 0004:00006d50       $pdata$_ltow_s             0000000140200d50     LIBCMT:xtows.obj
 0004:00006d5c       $pdata$_ui64tow_s          0000000140200d5c     LIBCMT:xtows.obj
 0004:00006d68       $pdata$_ultow_s            0000000140200d68     LIBCMT:xtows.obj
 0004:00006d74       $pdata$x64tow_s            0000000140200d74     LIBCMT:xtows.obj
 0004:00006d80       $pdata$xtow_s              0000000140200d80     LIBCMT:xtows.obj
 0004:00006d8c       $pdata$wcschr              0000000140200d8c     LIBCMT:wcschr.obj
 0004:00006d98       $pdata$_wcsicmp            0000000140200d98     LIBCMT:wcsicmp.obj
 0004:00006da4       $pdata$_wcsicmp_l          0000000140200da4     LIBCMT:wcsicmp.obj
 0004:00006db0       $pdata$_wcsnicmp           0000000140200db0     LIBCMT:wcsnicmp.obj
 0004:00006dbc       $pdata$_wcsnicmp_l         0000000140200dbc     LIBCMT:wcsnicmp.obj
 0004:00006dc8       $pdata$_commit             0000000140200dc8     LIBCMT:commit.obj
 0004:00006dd4       $pdata$_fltin2             0000000140200dd4     LIBCMT:cfin.obj
 0004:00006de0       $pdata$_strdup             0000000140200de0     LIBCMT:strdup.obj
 0004:00006dec       $pdata$_mbschr_l           0000000140200dec     LIBCMT:mbschr.obj
 0004:00006df8       $pdata$_strnicmp           0000000140200df8     LIBCMT:strnicmp.obj
 0004:00006e04       $pdata$_strnicmp_l         0000000140200e04     LIBCMT:strnicmp.obj
 0004:00006e10       $pdata$_fclose_nolock      0000000140200e10     LIBCMT:fclose.obj
 0004:00006e1c       $pdata$fclose              0000000140200e1c     LIBCMT:fclose.obj
 0004:00006e28       $pdata$_getbuf             0000000140200e28     LIBCMT:_getbuf.obj
 0004:00006e34       $pdata$__mtold12           0000000140200e34     LIBCMT:mantold.obj
 0004:00006e40       $pdata$?wcstoxl@@YAKPEB_WPEAPEB_WHH@Z 0000000140200e40     LIBCMT:wcstol.obj
 0004:00006e4c       $pdata$?wcstoxq@@YA_KPEAUlocaleinfo_struct@@PEB_WPEAPEB_WHH@Z 0000000140200e4c     LIBCMT:wcstoq.obj
 0004:00006e58       $pdata$_wcstof_l           0000000140200e58     LIBCMT:wcstoq.obj
 0004:00006e64       $pdata$_wcstoi64           0000000140200e64     LIBCMT:wcstoq.obj
 0004:00006e70       $pdata$_wcstoi64_l         0000000140200e70     LIBCMT:wcstoq.obj
 0004:00006e7c       $pdata$_wcstoimax_l        0000000140200e7c     LIBCMT:wcstoq.obj
 0004:00006e88       $pdata$_wcstoll_l          0000000140200e88     LIBCMT:wcstoq.obj
 0004:00006e94       $pdata$_wcstoui64          0000000140200e94     LIBCMT:wcstoq.obj
 0004:00006ea0       $pdata$_wcstoui64_l        0000000140200ea0     LIBCMT:wcstoq.obj
 0004:00006eac       $pdata$_wcstoull_l         0000000140200eac     LIBCMT:wcstoq.obj
 0004:00006eb8       $pdata$_wcstoumax_l        0000000140200eb8     LIBCMT:wcstoq.obj
 0004:00006ec4       $pdata$_towlower_l         0000000140200ec4     LIBCMT:towlower.obj
 0004:00006ed0       $pdata$strchr              0000000140200ed0     LIBCMT:strchr.obj
 0004:00006edc       $pdata$_close              0000000140200edc     LIBCMT:close.obj
 0004:00006ee8       $pdata$_close_nolock       0000000140200ee8     LIBCMT:close.obj
 0004:00006ef4       $pdata$_freebuf            0000000140200ef4     LIBCMT:_freebuf.obj
 0004:00006f00       $pdata$_wcstod_l           0000000140200f00     LIBCMT:wcstod.obj
 0004:00006f0c       $pdata$__crtLCMapStringW   0000000140200f0c     LIBCMT:w_map.obj
 0004:00006f18       $pdata$_wfltin2            0000000140200f18     LIBCMT:wcfin.obj
 0004:00006f24       $pdata$__WSTRINGTOLD_L     0000000140200f24     LIBCMT:wstrgtold.obj
 0004:00006f30       $pdata$__wstrgtold12_l     0000000140200f30     LIBCMT:wstrgtold.obj
 0004:00006f48       $pdata$strcat_s            0000000140200f48     LIBCMT:strcat_s.obj
 0004:00006f54       $pdata$strtok              0000000140200f54     LIBCMT:strtok.obj
 0004:00006f78       $pdata$_splitpath          0000000140200f78     LIBCMT:splitpat.obj
 0004:00006f84       $pdata$_splitpath_helper   0000000140200f84     LIBCMT:splitpat.obj
 0004:00006f90       $pdata$_mbsnbcpy_s         0000000140200f90     LIBCMT:mbsnbcpy_s.obj
 0004:00006f9c       $pdata$sib0                0000000140200f9c     LIBCMT:filter_simd.obj
 0004:00006fa8       $pdata$sib8                0000000140200fa8     LIBCMT:filter_simd.obj
 0004:00006fb4       $pdata$sib32               0000000140200fb4     LIBCMT:filter_simd.obj
 0004:00006fc0       $pdata$DppxEmulationWrapper 0000000140200fc0     LIBCMT:filter_simd.obj
 0004:00006fcc       $pdata$LoadOperand         0000000140200fcc     LIBCMT:filter_simd.obj
 0004:00006fd8       $pdata$LoopDppxSimdValue   0000000140200fd8     LIBCMT:filter_simd.obj
 0004:00006fe4       $pdata$_fpieee_flt_simd    0000000140200fe4     LIBCMT:filter_simd.obj
 0004:00006ff0       $pdata$_mbsnbcpy_s_l       0000000140200ff0     LIBCMT:mbsnbcpy_s_l.obj
 0004:00006ffc       $pdata$RoundFloatToIntegral 0000000140200ffc     LIBCMT:xmmi_fp_emul.obj
 0004:00007008       $pdata$_XMMI_FP_Emulation  0000000140201008     LIBCMT:xmmi_fp_emul.obj
 0004:00007014       $pdata$RoundDoubleToIntegral 0000000140201014     LIBCMT:xmmi2_fp_emul.obj
 0004:00007020       $pdata$_XMMI2_FP_Emulation 0000000140201020     LIBCMT:xmmi2_fp_emul.obj
 0004:0000702c       $pdata$__GSHandlerCheck_SEH 000000014020102c     LIBCMT:gshandlerseh.obj
 0004:00007038       $pdata$__tmainCRTStartup$filt$0 0000000140201038     LIBCMT:crt0.obj
 0004:00007044       $pdata$ctrlevent_capture$fin$0 0000000140201044     LIBCMT:winsig.obj
 0004:00007050       $pdata$raise$fin$0         0000000140201050     LIBCMT:winsig.obj
 0004:0000705c       $pdata$signal$fin$0        000000014020105c     LIBCMT:winsig.obj
 0004:00007068       $pdata$_onexit$fin$0       0000000140201068     LIBCMT:onexit.obj
 0004:00007074       $pdata$_callthreadstart$filt$0 0000000140201074     LIBCMT:thread.obj
 0004:00007080       $pdata$doexit$fin$0        0000000140201080     LIBCMT:crt0dat.obj
 0004:0000708c       $pdata$__lock_fhandle$fin$0 000000014020108c     LIBCMT:osfinfo.obj
 0004:00007098       $pdata$_alloc_osfhnd$fin$0 0000000140201098     LIBCMT:osfinfo.obj
 0004:000070a4       $pdata$_alloc_osfhnd$fin$1 00000001402010a4     LIBCMT:osfinfo.obj
 0004:000070b0       $pdata$_open_osfhandle$fin$0 00000001402010b0     LIBCMT:osfinfo.obj
 0004:000070bc       $pdata$_write$fin$0        00000001402010bc     LIBCMT:write.obj
 0004:000070c8       $pdata$_dupenv_s$fin$0     00000001402010c8     LIBCMT:getenv.obj
 0004:000070d4       $pdata$getenv$fin$0        00000001402010d4     LIBCMT:getenv.obj
 0004:000070e0       $pdata$getenv_s$fin$0      00000001402010e0     LIBCMT:getenv.obj
 0004:000070ec       $pdata$_control87$filt$0   00000001402010ec     LIBCMT:ieee.obj
 0004:000070f8       $pdata$fputs$fin$0         00000001402010f8     LIBCMT:fputs.obj
 0004:00007104       $pdata$_freefls$fin$1      0000000140201104     LIBCMT:tidtable.obj
 0004:00007110       $pdata$_freefls$fin$0      0000000140201110     LIBCMT:tidtable.obj
 0004:0000711c       $pdata$_initptd$fin$1      000000014020111c     LIBCMT:tidtable.obj
 0004:00007128       $pdata$_initptd$fin$0      0000000140201128     LIBCMT:tidtable.obj
 0004:00007134       $pdata$_ioinit$fin$0       0000000140201134     LIBCMT:ioinit.obj
 0004:00007140       $pdata$__updatetlocinfo$fin$0 0000000140201140     LIBCMT:localref.obj
 0004:0000714c       $pdata$__updatetmbcinfo$fin$0 000000014020114c     LIBCMT:mbctype.obj
 0004:00007158       $pdata$_setmbcp$fin$0      0000000140201158     LIBCMT:mbctype.obj
 0004:00007164       $pdata$_free_locale$fin$1  0000000140201164     LIBCMT:wsetloca.obj
 0004:00007170       $pdata$_free_locale$fin$0  0000000140201170     LIBCMT:wsetloca.obj
 0004:0000717c       $pdata$_get_current_locale$fin$1 000000014020117c     LIBCMT:wsetloca.obj
 0004:00007188       $pdata$_get_current_locale$fin$0 0000000140201188     LIBCMT:wsetloca.obj
 0004:00007194       $pdata$_locterm$fin$0      0000000140201194     LIBCMT:wsetloca.obj
 0004:000071a0       $pdata$_wsetlocale$fin$1   00000001402011a0     LIBCMT:wsetloca.obj
 0004:000071ac       $pdata$_wsetlocale$fin$0   00000001402011ac     LIBCMT:wsetloca.obj
 0004:000071b8       $pdata$_wsetlocale$fin$2   00000001402011b8     LIBCMT:wsetloca.obj
 0004:000071c4       $pdata$_mtinitlocknum$fin$0 00000001402011c4     LIBCMT:mlock.obj
 0004:000071d0       $pdata$_IsNonwritableInCurrentImage$filt$0 00000001402011d0     LIBCMT:pesect.obj
 0004:000071dc       $pdata$_lseeki64$fin$0     00000001402011dc     LIBCMT:lseeki64.obj
 0004:000071e8       $pdata$_putwch$fin$0       00000001402011e8     LIBCMT:putwch.obj
 0004:000071f4       $pdata$fwrite$fin$0        00000001402011f4     LIBCMT:fwrite.obj
 0004:00007200       $pdata$fflush$fin$0        0000000140201200     LIBCMT:fflush.obj
 0004:0000720c       $pdata$flsall$fin$0        000000014020120c     LIBCMT:fflush.obj
 0004:00007218       $pdata$flsall$fin$1        0000000140201218     LIBCMT:fflush.obj
 0004:00007224       $pdata$_fcloseall$fin$0    0000000140201224     LIBCMT:closeall.obj
 0004:00007230       $pdata$_commit$fin$0       0000000140201230     LIBCMT:commit.obj
 0004:0000723c       $pdata$fclose$fin$0        000000014020123c     LIBCMT:fclose.obj
 0004:00007248       $pdata$_close$fin$0        0000000140201248     LIBCMT:close.obj
 0007:00000000       AliPxDx                    0000000140208000     libirc:fast_memset.obj
 0007:00000040       setPxQx                    0000000140208040     libirc:fast_memset.obj
 0007:00000480       AliPxQx                    0000000140208480     libirc:fast_memset.obj
 0007:00000510       SSExDx                     0000000140208510     libirc:fast_memset.obj
 0007:00000b10       AliPxQx                    0000000140208b10     libirc:fast_memcpy.obj
 0007:00000b50       fwdPxQx                    0000000140208b50     libirc:fast_memcpy.obj
 0007:00001110       SSE_src                    0000000140209110     libirc:fast_memcpy.obj
 0007:00001190       Fix16EndTable              0000000140209190     libirc:fast_memcpy.obj
